sales_history.csv
date,sku,price,units,cost,promo_flag
2025-07-01,SKU-001,93.56,14,57.09,0
2025-07-02,SKU-001,88.86,11,57.09,0
2025-07-03,SKU-001,90.92,13,57.09,0
2025-07-04,SKU-001,94.24,14,57.09,0
2025-07-05,SKU-001,88.21,21,57.09,1
2025-07-06,SKU-001,85.96,22,57.09,1
2025-07-07,SKU-001,93.18,13,57.09,0
2025-07-08,SKU-001,91.03,23,57.09,0
2025-07-09,SKU-001,72.13,27,57.09,1
2025-07-10,SKU-001,88.83,21,57.09,1
2025-07-11,SKU-001,94.83,14,57.09,0
2025-07-12,SKU-001,99.15,11,57.09,0
2025-07-13,SKU-001,89.73,13,57.09,0
2025-07-14,SKU-001,93.85,14,57.09,0
2025-07-15,SKU-001,95.18,9,57.09,0
2025-07-16,SKU-001,97.14,11,57.09,0
2025-07-17,SKU-001,99.6,17,57.09,0
2025-07-18,SKU-001,94.87,11,57.09,0
2025-07-19,SKU-001,80.08,19,57.09,1
2025-07-20,SKU-001,98.98,12,57.09,0
2025-07-21,SKU-001,76.75,15,57.09,1
2025-07-22,SKU-001,99.27,14,57.09,0
2025-07-23,SKU-001,97.09,15,57.09,0
2025-07-24,SKU-001,92.23,14,57.09,0
2025-07-25,SKU-001,98.89,13,57.09,0
2025-07-26,SKU-001,97.12,22,57.09,0
2025-07-27,SKU-001,93.38,11,57.09,0
2025-07-28,SKU-001,95.93,10,57.09,0
2025-07-29,SKU-001,95.99,15,57.09,0
2025-07-30,SKU-001,94.17,12,57.09,0
2025-07-31,SKU-001,83.65,14,57.09,1
2025-08-01,SKU-001,95.24,13,57.09,0
2025-08-02,SKU-001,94.94,11,57.09,0
2025-08-03,SKU-001,99.57,11,57.09,0
2025-08-04,SKU-001,97.32,10,57.09,0
2025-08-05,SKU-001,95.62,12,57.09,0
2025-08-06,SKU-001,97.85,13,57.09,0
2025-08-07,SKU-001,87.42,20,57.09,1
2025-08-08,SKU-001,88.79,13,57.09,0
2025-08-09,SKU-001,95.67,15,57.09,0
2025-08-10,SKU-001,91.44,16,57.09,0
2025-08-11,SKU-001,94.52,14,57.09,0
2025-08-12,SKU-001,91.47,21,57.09,1
2025-08-13,SKU-001,93.73,17,57.09,0
2025-08-14,SKU-001,81.68,19,57.09,1
2025-08-15,SKU-001,94.97,14,57.09,0
2025-08-16,SKU-001,99.31,18,57.09,0
2025-08-17,SKU-001,98.82,18,57.09,0
2025-08-18,SKU-001,95.97,12,57.09,0
2025-08-19,SKU-001,83.22,20,57.09,1
2025-08-20,SKU-001,96.69,14,57.09,0
2025-08-21,SKU-001,93.81,11,57.09,0
2025-08-22,SKU-001,83.23,25,57.09,1
2025-08-23,SKU-001,96.24,14,57.09,0
2025-08-24,SKU-001,90.55,15,57.09,0
2025-08-25,SKU-001,93.85,19,57.09,0
2025-08-26,SKU-001,99.26,17,57.09,0
2025-08-27,SKU-001,88.04,21,57.09,1
2025-08-28,SKU-001,98.3,14,57.09,0
2025-08-29,SKU-001,96.21,10,57.09,0
2025-08-30,SKU-001,96.71,19,57.09,0
2025-08-31,SKU-001,92.92,14,57.09,0
2025-09-01,SKU-001,99.26,9,57.09,0
2025-09-02,SKU-001,91.52,10,57.09,0
2025-09-03,SKU-001,93.72,10,57.09,0
2025-09-04,SKU-001,94.19,15,57.09,0
2025-09-05,SKU-001,98.13,13,57.09,0
2025-09-06,SKU-001,89.84,14,57.09,0
2025-09-07,SKU-001,92.66,16,57.09,0
2025-09-08,SKU-001,95.78,14,57.09,0
2025-09-09,SKU-001,93.26,15,57.09,0
2025-09-10,SKU-001,95.58,9,57.09,0
2025-09-11,SKU-001,91.95,17,57.09,0
2025-09-12,SKU-001,97.66,14,57.09,0
2025-09-13,SKU-001,85.1,18,57.09,1
2025-09-14,SKU-001,91.78,10,57.09,0
2025-09-15,SKU-001,95.49,11,57.09,0
2025-09-16,SKU-001,88.06,23,57.09,1
2025-09-17,SKU-001,98.06,13,57.09,0
2025-09-18,SKU-001,73.29,20,57.09,1
2025-09-19,SKU-001,92.07,15,57.09,0
2025-09-20,SKU-001,96.49,15,57.09,0
2025-09-21,SKU-001,99.59,18,57.09,0
2025-09-22,SKU-001,95.81,13,57.09,0
2025-09-23,SKU-001,94.72,13,57.09,0
2025-09-24,SKU-001,79.9,22,57.09,1
2025-09-25,SKU-001,94.79,14,57.09,0
2025-09-26,SKU-001,94.31,14,57.09,0
2025-09-27,SKU-001,93.25,14,57.09,0
2025-09-28,SKU-001,93.32,10,57.09,0
2025-09-29,SKU-001,94.35,14,57.09,0
2025-09-30,SKU-001,92.54,17,57.09,0
2025-10-01,SKU-001,94.78,13,57.09,0
2025-10-02,SKU-001,92.67,12,57.09,0
2025-10-03,SKU-001,94.72,9,57.09,0
2025-10-04,SKU-001,75.87,21,57.09,1
2025-10-05,SKU-001,95.48,15,57.09,0
2025-10-06,SKU-001,94.06,14,57.09,0
2025-10-07,SKU-001,91.58,13,57.09,0
2025-10-08,SKU-001,93.1,13,57.09,0
2025-10-09,SKU-001,96.04,13,57.09,0
2025-10-10,SKU-001,100.54,12,57.09,0
2025-10-11,SKU-001,96.26,18,57.09,0
2025-10-12,SKU-001,98.56,12,57.09,0
2025-10-13,SKU-001,100.03,12,57.09,0
2025-10-14,SKU-001,97.99,14,57.09,0
2025-10-15,SKU-001,88.25,24,57.09,1
2025-10-16,SKU-001,86.36,11,57.09,0
2025-10-17,SKU-001,92.66,20,57.09,0
2025-10-18,SKU-001,95.06,14,57.09,0
2025-10-19,SKU-001,81.36,25,57.09,1
2025-10-20,SKU-001,97.82,14,57.09,0
2025-10-21,SKU-001,77.97,24,57.09,1
2025-10-22,SKU-001,93.31,18,57.09,0
2025-10-23,SKU-001,96.86,15,57.09,0
2025-10-24,SKU-001,96.48,14,57.09,0
2025-10-25,SKU-001,87.39,19,57.09,1
2025-10-26,SKU-001,93.73,16,57.09,0
2025-10-27,SKU-001,93.65,13,57.09,0
2025-10-28,SKU-001,93.26,13,57.09,0
2025-10-29,SKU-001,96.61,14,57.09,0
2025-10-30,SKU-001,93.16,14,57.09,0
2025-10-31,SKU-001,101.63,12,57.09,0
2025-11-01,SKU-001,94.25,18,57.09,0
2025-11-02,SKU-001,95.98,14,57.09,0
2025-11-03,SKU-001,92.09,22,57.09,0
2025-11-04,SKU-001,88.47,18,57.09,1
2025-11-05,SKU-001,80.46,23,57.09,1
2025-11-06,SKU-001,99.17,16,57.09,0
2025-11-07,SKU-001,74.68,21,57.09,1
2025-11-08,SKU-001,93.91,15,57.09,0
2025-11-09,SKU-001,77.47,22,57.09,1
2025-11-10,SKU-001,99.71,8,57.09,0
2025-11-11,SKU-001,98.61,13,57.09,0
2025-11-12,SKU-001,99.57,11,57.09,0
2025-11-13,SKU-001,89.26,23,57.09,1
2025-11-14,SKU-001,95.0,8,57.09,0
2025-11-15,SKU-001,93.96,13,57.09,0
2025-11-16,SKU-001,85.94,19,57.09,1
2025-11-17,SKU-001,95.11,10,57.09,0
2025-11-18,SKU-001,86.22,23,57.09,1
2025-11-19,SKU-001,93.95,19,57.09,0
2025-11-20,SKU-001,91.68,15,57.09,0
2025-11-21,SKU-001,92.66,14,57.09,0
2025-11-22,SKU-001,92.66,11,57.09,0
2025-11-23,SKU-001,94.56,17,57.09,0
2025-11-24,SKU-001,93.05,12,57.09,0
2025-11-25,SKU-001,88.19,12,57.09,0
2025-11-26,SKU-001,99.09,17,57.09,0
2025-11-27,SKU-001,93.51,10,57.09,0
2025-11-28,SKU-001,95.54,15,57.09,0
2025-11-29,SKU-001,76.48,26,57.09,1
2025-11-30,SKU-001,96.53,19,57.09,0
2025-12-01,SKU-001,94.75,14,57.09,0
2025-12-02,SKU-001,88.96,15,57.09,0
2025-12-03,SKU-001,97.02,12,57.09,0
2025-12-04,SKU-001,90.21,12,57.09,0
2025-12-05,SKU-001,76.28,19,57.09,1
2025-12-06,SKU-001,91.33,16,57.09,0
2025-12-07,SKU-001,76.52,23,57.09,1
2025-12-08,SKU-001,81.92,25,57.09,1
2025-12-09,SKU-001,95.45,14,57.09,0
2025-12-10,SKU-001,92.42,12,57.09,0
2025-12-11,SKU-001,78.69,25,57.09,1
2025-12-12,SKU-001,75.18,22,57.09,1
2025-12-13,SKU-001,73.46,22,57.09,1
2025-12-14,SKU-001,90.38,12,57.09,0
2025-12-15,SKU-001,95.19,16,57.09,0
2025-12-16,SKU-001,89.71,11,57.09,0
2025-12-17,SKU-001,98.88,9,57.09,0
2025-12-18,SKU-001,96.32,12,57.09,0
2025-12-19,SKU-001,96.66,13,57.09,0
2025-12-20,SKU-001,90.23,13,57.09,0
2025-12-21,SKU-001,94.76,16,57.09,0
2025-12-22,SKU-001,97.02,15,57.09,0
2025-12-23,SKU-001,81.1,13,57.09,1
2025-12-24,SKU-001,95.71,13,57.09,0
2025-12-25,SKU-001,93.81,14,57.09,0
2025-12-26,SKU-001,94.36,18,57.09,0
2025-12-27,SKU-001,92.26,15,57.09,0
2025-07-01,SKU-002,54.12,80,42.38,0
2025-07-02,SKU-002,60.75,91,42.38,0
2025-07-03,SKU-002,57.72,85,42.38,0
2025-07-04,SKU-002,56.1,63,42.38,0
2025-07-05,SKU-002,55.18,79,42.38,0
2025-07-06,SKU-002,49.69,209,42.38,1
2025-07-07,SKU-002,58.69,73,42.38,0
2025-07-08,SKU-002,53.84,78,42.38,0
2025-07-09,SKU-002,59.21,78,42.38,0
2025-07-10,SKU-002,55.16,89,42.38,0
2025-07-11,SKU-002,56.71,73,42.38,0
2025-07-12,SKU-002,55.78,65,42.38,0
2025-07-13,SKU-002,54.8,101,42.38,0
2025-07-14,SKU-002,57.39,62,42.38,0
2025-07-15,SKU-002,58.41,69,42.38,0
2025-07-16,SKU-002,54.99,53,42.38,0
2025-07-17,SKU-002,58.1,54,42.38,0
2025-07-18,SKU-002,56.37,73,42.38,0
2025-07-19,SKU-002,57.7,67,42.38,0
2025-07-20,SKU-002,54.72,97,42.38,0
2025-07-21,SKU-002,57.65,74,42.38,0
2025-07-22,SKU-002,54.11,89,42.38,0
2025-07-23,SKU-002,57.48,97,42.38,0
2025-07-24,SKU-002,55.73,81,42.38,0
2025-07-25,SKU-002,57.17,81,42.38,0
2025-07-26,SKU-002,51.65,133,42.38,1
2025-07-27,SKU-002,58.07,61,42.38,0
2025-07-28,SKU-002,57.37,72,42.38,0
2025-07-29,SKU-002,49.59,129,42.38,1
2025-07-30,SKU-002,56.76,80,42.38,0
2025-07-31,SKU-002,55.4,69,42.38,0
2025-08-01,SKU-002,51.07,98,42.38,1
2025-08-02,SKU-002,57.86,59,42.38,0
2025-08-03,SKU-002,57.4,116,42.38,0
2025-08-04,SKU-002,56.87,83,42.38,0
2025-08-05,SKU-002,56.15,60,42.38,0
2025-08-06,SKU-002,44.5,141,42.38,1
2025-08-07,SKU-002,57.1,67,42.38,0
2025-08-08,SKU-002,45.34,165,42.38,1
2025-08-09,SKU-002,56.17,100,42.38,0
2025-08-10,SKU-002,56.18,115,42.38,0
2025-08-11,SKU-002,45.29,125,42.38,1
2025-08-12,SKU-002,55.58,78,42.38,0
2025-08-13,SKU-002,57.66,59,42.38,0
2025-08-14,SKU-002,52.98,103,42.38,0
2025-08-15,SKU-002,58.9,74,42.38,0
2025-08-16,SKU-002,47.57,155,42.38,1
2025-08-17,SKU-002,57.31,82,42.38,0
2025-08-18,SKU-002,53.77,84,42.38,0
2025-08-19,SKU-002,57.98,83,42.38,0
2025-08-20,SKU-002,58.31,61,42.38,0
2025-08-21,SKU-002,55.24,79,42.38,0
2025-08-22,SKU-002,55.61,90,42.38,0
2025-08-23,SKU-002,57.21,93,42.38,0
2025-08-24,SKU-002,58.31,78,42.38,0
2025-08-25,SKU-002,58.28,86,42.38,0
2025-08-26,SKU-002,44.5,140,42.38,1
2025-08-27,SKU-002,54.02,104,42.38,0
2025-08-28,SKU-002,56.37,79,42.38,0
2025-08-29,SKU-002,58.09,59,42.38,0
2025-08-30,SKU-002,54.49,73,42.38,0
2025-08-31,SKU-002,56.93,84,42.38,0
2025-09-01,SKU-002,55.82,45,42.38,0
2025-09-02,SKU-002,58.91,58,42.38,0
2025-09-03,SKU-002,57.06,62,42.38,0
2025-09-04,SKU-002,56.46,59,42.38,0
2025-09-05,SKU-002,55.99,77,42.38,0
2025-09-06,SKU-002,52.08,195,42.38,1
2025-09-07,SKU-002,56.03,100,42.38,0
2025-09-08,SKU-002,44.5,136,42.38,1
2025-09-09,SKU-002,50.43,130,42.38,1
2025-09-10,SKU-002,53.91,88,42.38,0
2025-09-11,SKU-002,56.72,77,42.38,0
2025-09-12,SKU-002,46.09,149,42.38,1
2025-09-13,SKU-002,56.24,75,42.38,0
2025-09-14,SKU-002,59.08,97,42.38,0
2025-09-15,SKU-002,58.28,71,42.38,0
2025-09-16,SKU-002,57.18,73,42.38,0
2025-09-17,SKU-002,52.69,106,42.38,0
2025-09-18,SKU-002,50.92,105,42.38,1
2025-09-19,SKU-002,60.44,57,42.38,0
2025-09-20,SKU-002,55.23,107,42.38,0
2025-09-21,SKU-002,44.5,142,42.38,1
2025-09-22,SKU-002,47.91,137,42.38,1
2025-09-23,SKU-002,49.91,103,42.38,1
2025-09-24,SKU-002,55.59,63,42.38,0
2025-09-25,SKU-002,56.99,81,42.38,0
2025-09-26,SKU-002,58.56,83,42.38,0
2025-09-27,SKU-002,57.59,94,42.38,0
2025-09-28,SKU-002,55.36,93,42.38,0
2025-09-29,SKU-002,57.99,73,42.38,0
2025-09-30,SKU-002,57.23,73,42.38,0
2025-10-01,SKU-002,57.88,110,42.38,0
2025-10-02,SKU-002,56.55,79,42.38,0
2025-10-03,SKU-002,61.79,58,42.38,0
2025-10-04,SKU-002,48.35,126,42.38,1
2025-10-05,SKU-002,55.77,78,42.38,0
2025-10-06,SKU-002,59.39,87,42.38,0
2025-10-07,SKU-002,56.1,72,42.38,0
2025-10-08,SKU-002,57.98,67,42.38,0
2025-10-09,SKU-002,44.5,142,42.38,1
2025-10-10,SKU-002,55.56,79,42.38,0
2025-10-11,SKU-002,56.79,81,42.38,0
2025-10-12,SKU-002,56.65,93,42.38,0
2025-10-13,SKU-002,59.37,70,42.38,0
2025-10-14,SKU-002,54.61,80,42.38,0
2025-10-15,SKU-002,48.77,147,42.38,1
2025-10-16,SKU-002,55.57,76,42.38,0
2025-10-17,SKU-002,55.77,84,42.38,0
2025-10-18,SKU-002,56.14,137,42.38,1
2025-10-19,SKU-002,57.72,90,42.38,0
2025-10-20,SKU-002,56.82,83,42.38,0
2025-10-21,SKU-002,57.87,85,42.38,0
2025-10-22,SKU-002,60.39,85,42.38,0
2025-10-23,SKU-002,49.94,154,42.38,1
2025-10-24,SKU-002,45.39,239,42.38,1
2025-10-25,SKU-002,52.22,145,42.38,1
2025-10-26,SKU-002,59.37,82,42.38,0
2025-10-27,SKU-002,57.78,108,42.38,0
2025-10-28,SKU-002,59.11,77,42.38,0
2025-10-29,SKU-002,45.11,151,42.38,1
2025-10-30,SKU-002,58.59,93,42.38,0
2025-10-31,SKU-002,46.11,192,42.38,1
2025-11-01,SKU-002,57.09,56,42.38,0
2025-11-02,SKU-002,59.85,72,42.38,0
2025-11-03,SKU-002,50.99,103,42.38,1
2025-11-04,SKU-002,44.5,156,42.38,1
2025-11-05,SKU-002,54.53,71,42.38,0
2025-11-06,SKU-002,57.08,55,42.38,0
2025-11-07,SKU-002,56.4,84,42.38,0
2025-11-08,SKU-002,55.96,73,42.38,0
2025-11-09,SKU-002,53.09,123,42.38,0
2025-11-10,SKU-002,59.48,77,42.38,0
2025-11-11,SKU-002,59.81,84,42.38,0
2025-11-12,SKU-002,60.28,56,42.38,0
2025-11-13,SKU-002,55.47,75,42.38,0
2025-11-14,SKU-002,58.42,67,42.38,0
2025-11-15,SKU-002,56.24,73,42.38,0
2025-11-16,SKU-002,56.12,68,42.38,0
2025-11-17,SKU-002,55.95,97,42.38,0
2025-11-18,SKU-002,56.41,64,42.38,0
2025-11-19,SKU-002,58.46,61,42.38,0
2025-11-20,SKU-002,48.63,135,42.38,1
2025-11-21,SKU-002,55.85,75,42.38,0
2025-11-22,SKU-002,58.1,88,42.38,0
2025-11-23,SKU-002,57.77,73,42.38,0
2025-11-24,SKU-002,57.37,95,42.38,0
2025-11-25,SKU-002,60.21,65,42.38,0
2025-11-26,SKU-002,57.03,67,42.38,0
2025-11-27,SKU-002,57.4,63,42.38,0
2025-11-28,SKU-002,57.98,83,42.38,0
2025-11-29,SKU-002,44.82,168,42.38,1
2025-11-30,SKU-002,56.5,109,42.38,0
2025-12-01,SKU-002,59.43,59,42.38,0
2025-12-02,SKU-002,57.96,94,42.38,0
2025-12-03,SKU-002,55.76,98,42.38,0
2025-12-04,SKU-002,57.74,74,42.38,0
2025-12-05,SKU-002,55.73,87,42.38,0
2025-12-06,SKU-002,57.65,74,42.38,0
2025-12-07,SKU-002,59.18,75,42.38,0
2025-12-08,SKU-002,58.57,51,42.38,0
2025-12-09,SKU-002,55.83,68,42.38,0
2025-12-10,SKU-002,56.89,64,42.38,0
2025-12-11,SKU-002,57.06,92,42.38,0
2025-12-12,SKU-002,56.15,64,42.38,0
2025-12-13,SKU-002,59.97,118,42.38,0
2025-12-14,SKU-002,44.5,182,42.38,1
2025-12-15,SKU-002,55.43,60,42.38,0
2025-12-16,SKU-002,56.69,85,42.38,0
2025-12-17,SKU-002,56.74,82,42.38,0
2025-12-18,SKU-002,46.91,146,42.38,1
2025-12-19,SKU-002,53.88,80,42.38,0
2025-12-20,SKU-002,58.0,69,42.38,0
2025-12-21,SKU-002,44.5,104,42.38,1
2025-12-22,SKU-002,58.37,70,42.38,0
2025-12-23,SKU-002,51.23,91,42.38,1
2025-12-24,SKU-002,55.6,61,42.38,0
2025-12-25,SKU-002,56.36,64,42.38,0
2025-12-26,SKU-002,55.69,56,42.38,0
2025-12-27,SKU-002,56.35,91,42.38,0
