sales_history.csv
date,sku,price,units,cost,promo_flag
2025-07-01,SKU-003,107.53,23,72.4,0
2025-07-02,SKU-003,99.11,21,72.4,0
2025-07-03,SKU-003,106.74,24,72.4,0
2025-07-04,SKU-003,112.4,23,72.4,0
2025-07-05,SKU-003,105.73,25,72.4,0
2025-07-06,SKU-003,102.76,22,72.4,0
2025-07-07,SKU-003,102.37,25,72.4,0
2025-07-08,SKU-003,87.74,40,72.4,1
2025-07-09,SKU-003,102.38,21,72.4,0
2025-07-10,SKU-003,99.28,20,72.4,1
2025-07-11,SKU-003,95.98,20,72.4,1
2025-07-12,SKU-003,107.2,24,72.4,0
2025-07-13,SKU-003,104.4,28,72.4,0
2025-07-14,SKU-003,102.39,27,72.4,0
2025-07-15,SKU-003,104.92,22,72.4,0
2025-07-16,SKU-003,88.31,24,72.4,1
2025-07-17,SKU-003,104.36,20,72.4,0
2025-07-18,SKU-003,76.02,36,72.4,1
2025-07-19,SKU-003,107.73,27,72.4,0
2025-07-20,SKU-003,101.61,23,72.4,0
2025-07-21,SKU-003,104.41,20,72.4,0
2025-07-22,SKU-003,102.89,23,72.4,0
2025-07-23,SKU-003,110.06,23,72.4,0
2025-07-24,SKU-003,96.5,22,72.4,1
2025-07-25,SKU-003,106.67,21,72.4,0
2025-07-26,SKU-003,79.83,47,72.4,1
2025-07-27,SKU-003,97.37,32,72.4,1
2025-07-28,SKU-003,107.82,20,72.4,0
2025-07-29,SKU-003,105.82,31,72.4,0
2025-07-30,SKU-003,101.86,29,72.4,0
2025-07-31,SKU-003,94.96,28,72.4,1
2025-08-01,SKU-003,101.71,34,72.4,0
2025-08-02,SKU-003,104.97,26,72.4,0
2025-08-03,SKU-003,106.17,38,72.4,0
2025-08-04,SKU-003,111.45,26,72.4,0
2025-08-05,SKU-003,103.33,27,72.4,0
2025-08-06,SKU-003,84.14,28,72.4,1
2025-08-07,SKU-003,97.77,25,72.4,0
2025-08-08,SKU-003,102.46,19,72.4,0
2025-08-09,SKU-003,100.32,28,72.4,0
2025-08-10,SKU-003,103.94,21,72.4,0
2025-08-11,SKU-003,105.68,28,72.4,0
2025-08-12,SKU-003,103.93,21,72.4,0
2025-08-13,SKU-003,84.43,29,72.4,1
2025-08-14,SKU-003,76.22,25,72.4,1
2025-08-15,SKU-003,104.14,27,72.4,0
2025-08-16,SKU-003,96.39,26,72.4,1
2025-08-17,SKU-003,102.08,35,72.4,0
2025-08-18,SKU-003,110.45,19,72.4,0
2025-08-19,SKU-003,90.4,25,72.4,1
2025-08-20,SKU-003,106.6,19,72.4,0
2025-08-21,SKU-003,105.21,24,72.4,0
2025-08-22,SKU-003,105.45,25,72.4,0
2025-08-23,SKU-003,93.41,35,72.4,1
2025-08-24,SKU-003,101.69,24,72.4,0
2025-08-25,SKU-003,109.72,18,72.4,0
2025-08-26,SKU-003,101.74,17,72.4,0
2025-08-27,SKU-003,105.9,23,72.4,0
2025-08-28,SKU-003,100.45,27,72.4,0
2025-08-29,SKU-003,106.86,23,72.4,0
2025-08-30,SKU-003,105.93,21,72.4,0
2025-08-31,SKU-003,99.72,21,72.4,0
2025-09-01,SKU-003,103.52,20,72.4,0
2025-09-02,SKU-003,105.5,23,72.4,0
2025-09-03,SKU-003,103.97,27,72.4,0
2025-09-04,SKU-003,111.14,21,72.4,0
2025-09-05,SKU-003,77.14,26,72.4,1
2025-09-06,SKU-003,78.35,42,72.4,1
2025-09-07,SKU-003,97.93,32,72.4,1
2025-09-08,SKU-003,104.74,17,72.4,0
2025-09-09,SKU-003,98.53,27,72.4,1
2025-09-10,SKU-003,102.63,22,72.4,0
2025-09-11,SKU-003,103.14,16,72.4,0
2025-09-12,SKU-003,101.77,26,72.4,0
2025-09-13,SKU-003,107.32,23,72.4,0
2025-09-14,SKU-003,91.26,35,72.4,1
2025-09-15,SKU-003,84.83,53,72.4,1
2025-09-16,SKU-003,101.01,26,72.4,0
2025-09-17,SKU-003,106.86,27,72.4,0
2025-09-18,SKU-003,104.68,23,72.4,0
2025-09-19,SKU-003,103.35,16,72.4,0
2025-09-20,SKU-003,103.39,19,72.4,0
2025-09-21,SKU-003,106.61,26,72.4,0
2025-09-22,SKU-003,81.67,30,72.4,1
2025-09-23,SKU-003,84.58,20,72.4,1
2025-09-24,SKU-003,91.45,29,72.4,1
2025-09-25,SKU-003,102.34,25,72.4,0
2025-09-26,SKU-003,104.87,20,72.4,0
2025-09-27,SKU-003,102.6,21,72.4,0
2025-09-28,SKU-003,105.99,23,72.4,0
2025-09-29,SKU-003,106.74,17,72.4,0
2025-09-30,SKU-003,103.02,22,72.4,0
2025-10-01,SKU-003,79.23,39,72.4,1
2025-10-02,SKU-003,88.25,32,72.4,1
2025-10-03,SKU-003,106.64,21,72.4,0
2025-10-04,SKU-003,87.9,47,72.4,1
2025-10-05,SKU-003,107.62,29,72.4,0
2025-10-06,SKU-003,106.36,28,72.4,0
2025-10-07,SKU-003,103.45,17,72.4,0
2025-10-08,SKU-003,110.61,27,72.4,0
2025-10-09,SKU-003,107.59,24,72.4,0
2025-10-10,SKU-003,104.22,27,72.4,0
2025-10-11,SKU-003,106.45,23,72.4,0
2025-10-12,SKU-003,104.92,30,72.4,0
2025-10-13,SKU-003,103.4,18,72.4,0
2025-10-14,SKU-003,105.56,24,72.4,0
2025-10-15,SKU-003,105.28,22,72.4,0
2025-10-16,SKU-003,104.29,19,72.4,0
2025-10-17,SKU-003,99.35,22,72.4,0
2025-10-18,SKU-003,99.99,30,72.4,0
2025-10-19,SKU-003,103.68,22,72.4,0
2025-10-20,SKU-003,105.94,26,72.4,0
2025-10-21,SKU-003,103.5,19,72.4,0
2025-10-22,SKU-003,103.63,25,72.4,0
2025-10-23,SKU-003,106.43,22,72.4,0
2025-10-24,SKU-003,104.74,25,72.4,0
2025-10-25,SKU-003,105.13,26,72.4,0
2025-10-26,SKU-003,108.37,22,72.4,0
2025-10-27,SKU-003,98.62,36,72.4,0
2025-10-28,SKU-003,106.68,25,72.4,0
2025-10-29,SKU-003,102.35,26,72.4,0
2025-10-30,SKU-003,92.96,34,72.4,1
2025-10-31,SKU-003,101.27,26,72.4,0
2025-11-01,SKU-003,103.63,32,72.4,0
2025-11-02,SKU-003,109.37,23,72.4,0
2025-11-03,SKU-003,78.77,38,72.4,1
2025-11-04,SKU-003,103.44,22,72.4,0
2025-11-05,SKU-003,105.15,22,72.4,0
2025-11-06,SKU-003,105.69,16,72.4,0
2025-11-07,SKU-003,106.07,20,72.4,0
2025-11-08,SKU-003,100.88,28,72.4,0
2025-11-09,SKU-003,78.33,32,72.4,1
2025-11-10,SKU-003,100.33,20,72.4,0
2025-11-11,SKU-003,97.47,29,72.4,1
2025-11-12,SKU-003,92.21,31,72.4,1
2025-11-13,SKU-003,107.09,28,72.4,0
2025-11-14,SKU-003,104.93,37,72.4,0
2025-11-15,SKU-003,102.64,23,72.4,0
2025-11-16,SKU-003,106.14,18,72.4,0
2025-11-17,SKU-003,103.28,26,72.4,0
2025-11-18,SKU-003,103.71,16,72.4,0
2025-11-19,SKU-003,106.01,26,72.4,0
2025-11-20,SKU-003,102.79,25,72.4,0
2025-11-21,SKU-003,105.6,24,72.4,0
2025-11-22,SKU-003,92.94,43,72.4,1
2025-11-23,SKU-003,102.99,24,72.4,0
2025-11-24,SKU-003,104.01,21,72.4,0
2025-11-25,SKU-003,101.56,24,72.4,0
2025-11-26,SKU-003,103.4,20,72.4,0
2025-11-27,SKU-003,103.22,22,72.4,0
2025-11-28,SKU-003,106.83,18,72.4,0
2025-11-29,SKU-003,101.74,28,72.4,0
2025-11-30,SKU-003,99.84,36,72.4,0
2025-12-01,SKU-003,112.72,23,72.4,0
2025-12-02,SKU-003,76.06,31,72.4,1
2025-12-03,SKU-003,100.46,19,72.4,0
2025-12-04,SKU-003,105.92,20,72.4,0
2025-12-05,SKU-003,102.9,18,72.4,0
2025-12-06,SKU-003,105.17,25,72.4,0
2025-12-07,SKU-003,86.49,28,72.4,1
2025-12-08,SKU-003,109.76,24,72.4,0
2025-12-09,SKU-003,104.09,21,72.4,1
2025-12-10,SKU-003,102.68,22,72.4,0
2025-12-11,SKU-003,105.4,18,72.4,0
2025-12-12,SKU-003,106.63,19,72.4,0
2025-12-13,SKU-003,107.6,30,72.4,0
2025-12-14,SKU-003,104.52,28,72.4,0
2025-12-15,SKU-003,98.01,21,72.4,0
2025-12-16,SKU-003,104.24,27,72.4,0
2025-12-17,SKU-003,108.35,21,72.4,0
2025-12-18,SKU-003,102.23,24,72.4,0
2025-12-19,SKU-003,105.09,25,72.4,0
2025-12-20,SKU-003,103.05,23,72.4,0
2025-12-21,SKU-003,101.33,24,72.4,0
2025-12-22,SKU-003,96.14,29,72.4,1
2025-12-23,SKU-003,108.63,23,72.4,0
2025-12-24,SKU-003,104.96,23,72.4,0
2025-12-25,SKU-003,103.16,24,72.4,0
2025-12-26,SKU-003,101.15,22,72.4,0
2025-12-27,SKU-003,89.72,48,72.4,1
2025-07-01,SKU-004,86.34,6,48.16,0
2025-07-02,SKU-004,84.64,9,48.16,0
2025-07-03,SKU-004,87.58,9,48.16,0
2025-07-04,SKU-004,88.85,8,48.16,0
2025-07-05,SKU-004,85.86,9,48.16,0
2025-07-06,SKU-004,83.98,9,48.16,0
2025-07-07,SKU-004,86.31,8,48.16,0
2025-07-08,SKU-004,88.05,7,48.16,0
2025-07-09,SKU-004,87.53,7,48.16,0
2025-07-10,SKU-004,79.19,15,48.16,1
2025-07-11,SKU-004,87.55,7,48.16,0
2025-07-12,SKU-004,70.44,14,48.16,1
2025-07-13,SKU-004,75.35,18,48.16,1
2025-07-14,SKU-004,83.39,9,48.16,0
2025-07-15,SKU-004,95.03,8,48.16,0
2025-07-16,SKU-004,85.81,10,48.16,0
2025-07-17,SKU-004,79.44,13,48.16,1
2025-07-18,SKU-004,82.63,7,48.16,0
2025-07-19,SKU-004,88.85,7,48.16,0
2025-07-20,SKU-004,70.12,17,48.16,1
2025-07-21,SKU-004,67.15,24,48.16,1
2025-07-22,SKU-004,83.6,8,48.16,1
2025-07-23,SKU-004,80.97,11,48.16,0
2025-07-24,SKU-004,89.0,8,48.16,0
2025-07-25,SKU-004,86.24,8,48.16,0
2025-07-26,SKU-004,87.51,7,48.16,0
2025-07-27,SKU-004,84.38,10,48.16,0
2025-07-28,SKU-004,87.65,7,48.16,0
2025-07-29,SKU-004,70.18,16,48.16,1
2025-07-30,SKU-004,84.48,7,48.16,0
2025-07-31,SKU-004,88.64,10,48.16,0
2025-08-01,SKU-004,84.9,7,48.16,0
2025-08-02,SKU-004,70.2,24,48.16,1
2025-08-03,SKU-004,71.98,10,48.16,1
2025-08-04,SKU-004,67.91,17,48.16,1
2025-08-05,SKU-004,89.42,7,48.16,0
2025-08-06,SKU-004,79.63,12,48.16,1
2025-08-07,SKU-004,86.97,8,48.16,0
2025-08-08,SKU-004,81.63,10,48.16,1
2025-08-09,SKU-004,82.24,9,48.16,0
2025-08-10,SKU-004,81.53,13,48.16,0
2025-08-11,SKU-004,86.5,7,48.16,0
2025-08-12,SKU-004,84.85,7,48.16,0
2025-08-13,SKU-004,85.59,6,48.16,0
2025-08-14,SKU-004,85.17,8,48.16,0
2025-08-15,SKU-004,80.46,9,48.16,0
2025-08-16,SKU-004,84.58,11,48.16,0
2025-08-17,SKU-004,84.88,10,48.16,0
2025-08-18,SKU-004,85.12,6,48.16,0
2025-08-19,SKU-004,83.33,9,48.16,0
2025-08-20,SKU-004,82.83,7,48.16,0
2025-08-21,SKU-004,84.73,6,48.16,0
2025-08-22,SKU-004,84.16,10,48.16,0
2025-08-23,SKU-004,89.09,7,48.16,0
2025-08-24,SKU-004,82.51,9,48.16,0
2025-08-25,SKU-004,86.57,7,48.16,0
2025-08-26,SKU-004,86.97,6,48.16,0
2025-08-27,SKU-004,86.16,7,48.16,0
2025-08-28,SKU-004,74.84,12,48.16,1
2025-08-29,SKU-004,88.91,8,48.16,0
2025-08-30,SKU-004,83.99,13,48.16,0
2025-08-31,SKU-004,86.77,9,48.16,0
2025-09-01,SKU-004,86.7,10,48.16,0
2025-09-02,SKU-004,90.65,6,48.16,0
2025-09-03,SKU-004,80.55,7,48.16,0
2025-09-04,SKU-004,68.16,14,48.16,1
2025-09-05,SKU-004,70.72,17,48.16,1
2025-09-06,SKU-004,72.75,15,48.16,1
2025-09-07,SKU-004,85.5,11,48.16,0
2025-09-08,SKU-004,82.23,7,48.16,0
2025-09-09,SKU-004,88.84,6,48.16,0
2025-09-10,SKU-004,77.41,15,48.16,1
2025-09-11,SKU-004,90.71,8,48.16,0
2025-09-12,SKU-004,85.31,8,48.16,0
2025-09-13,SKU-004,80.31,13,48.16,1
2025-09-14,SKU-004,86.91,9,48.16,0
2025-09-15,SKU-004,88.07,8,48.16,0
2025-09-16,SKU-004,87.41,7,48.16,0
2025-09-17,SKU-004,85.35,9,48.16,0
2025-09-18,SKU-004,89.15,7,48.16,0
2025-09-19,SKU-004,86.6,6,48.16,0
2025-09-20,SKU-004,85.01,12,48.16,0
2025-09-21,SKU-004,87.63,9,48.16,0
2025-09-22,SKU-004,84.71,7,48.16,0
2025-09-23,SKU-004,79.15,10,48.16,1
2025-09-24,SKU-004,84.52,8,48.16,0
2025-09-25,SKU-004,86.54,9,48.16,0
2025-09-26,SKU-004,85.89,7,48.16,0
2025-09-27,SKU-004,87.57,10,48.16,0
2025-09-28,SKU-004,84.07,8,48.16,0
2025-09-29,SKU-004,89.52,6,48.16,0
2025-09-30,SKU-004,84.5,7,48.16,0
2025-10-01,SKU-004,84.57,8,48.16,0
2025-10-02,SKU-004,87.96,8,48.16,0
2025-10-03,SKU-004,86.8,8,48.16,0
2025-10-04,SKU-004,87.21,7,48.16,0
2025-10-05,SKU-004,85.18,5,48.16,0
2025-10-06,SKU-004,86.74,6,48.16,0
2025-10-07,SKU-004,73.05,14,48.16,1
2025-10-08,SKU-004,85.98,8,48.16,0
2025-10-09,SKU-004,88.05,5,48.16,0
2025-10-10,SKU-004,82.41,9,48.16,0
2025-10-11,SKU-004,86.57,12,48.16,0
2025-10-12,SKU-004,88.84,9,48.16,0
2025-10-13,SKU-004,87.79,6,48.16,0
2025-10-14,SKU-004,85.21,8,48.16,0
2025-10-15,SKU-004,86.14,6,48.16,0
2025-10-16,SKU-004,89.05,9,48.16,0
2025-10-17,SKU-004,87.16,9,48.16,0
2025-10-18,SKU-004,84.54,9,48.16,0
2025-10-19,SKU-004,86.56,8,48.16,0
2025-10-20,SKU-004,74.7,12,48.16,1
2025-10-21,SKU-004,81.22,7,48.16,0
2025-10-22,SKU-004,80.9,9,48.16,0
2025-10-23,SKU-004,83.16,10,48.16,0
2025-10-24,SKU-004,85.28,6,48.16,0
2025-10-25,SKU-004,84.44,7,48.16,0
2025-10-26,SKU-004,83.86,9,48.16,0
2025-10-27,SKU-004,86.57,6,48.16,0
2025-10-28,SKU-004,87.46,8,48.16,0
2025-10-29,SKU-004,85.2,8,48.16,0
2025-10-30,SKU-004,83.26,8,48.16,0
2025-10-31,SKU-004,84.95,8,48.16,0
2025-11-01,SKU-004,88.13,8,48.16,0
2025-11-02,SKU-004,83.29,7,48.16,0
2025-11-03,SKU-004,85.23,6,48.16,0
2025-11-04,SKU-004,86.94,9,48.16,0
2025-11-05,SKU-004,85.11,6,48.16,0
2025-11-06,SKU-004,75.99,18,48.16,1
2025-11-07,SKU-004,88.29,7,48.16,0
2025-11-08,SKU-004,86.31,7,48.16,0
2025-11-09,SKU-004,64.45,16,48.16,1
2025-11-10,SKU-004,82.45,8,48.16,0
2025-11-11,SKU-004,89.02,8,48.16,0
2025-11-12,SKU-004,87.19,7,48.16,0
2025-11-13,SKU-004,84.65,10,48.16,0
2025-11-14,SKU-004,83.8,7,48.16,0
2025-11-15,SKU-004,81.84,10,48.16,0
2025-11-16,SKU-004,90.43,7,48.16,0
2025-11-17,SKU-004,84.1,7,48.16,0
2025-11-18,SKU-004,85.67,10,48.16,0
2025-11-19,SKU-004,72.84,10,48.16,1
2025-11-20,SKU-004,87.08,10,48.16,0
2025-11-21,SKU-004,86.1,8,48.16,0
2025-11-22,SKU-004,72.52,16,48.16,1
2025-11-23,SKU-004,85.54,6,48.16,0
2025-11-24,SKU-004,70.07,19,48.16,1
2025-11-25,SKU-004,88.3,7,48.16,0
2025-11-26,SKU-004,89.48,6,48.16,0
2025-11-27,SKU-004,82.64,8,48.16,0
2025-11-28,SKU-004,83.47,10,48.16,0
2025-11-29,SKU-004,88.4,9,48.16,0
2025-11-30,SKU-004,88.16,10,48.16,0
2025-12-01,SKU-004,86.55,8,48.16,0
2025-12-02,SKU-004,89.65,6,48.16,0
2025-12-03,SKU-004,84.71,9,48.16,0
2025-12-04,SKU-004,78.69,7,48.16,0
2025-12-05,SKU-004,86.11,8,48.16,0
2025-12-06,SKU-004,83.84,8,48.16,0
2025-12-07,SKU-004,90.28,7,48.16,0
2025-12-08,SKU-004,91.87,6,48.16,0
2025-12-09,SKU-004,91.57,6,48.16,0
2025-12-10,SKU-004,93.84,7,48.16,0
2025-12-11,SKU-004,83.41,9,48.16,0
2025-12-12,SKU-004,68.39,17,48.16,1
2025-12-13,SKU-004,81.84,8,48.16,0
2025-12-14,SKU-004,88.02,9,48.16,0
2025-12-15,SKU-004,88.39,5,48.16,0
2025-12-16,SKU-004,87.11,8,48.16,0
2025-12-17,SKU-004,84.71,8,48.16,0
2025-12-18,SKU-004,85.63,9,48.16,0
2025-12-19,SKU-004,64.18,15,48.16,1
2025-12-20,SKU-004,89.92,9,48.16,0
2025-12-21,SKU-004,87.46,9,48.16,0
2025-12-22,SKU-004,80.93,10,48.16,0
2025-12-23,SKU-004,66.18,16,48.16,1
2025-12-24,SKU-004,80.02,10,48.16,1
2025-12-25,SKU-004,87.35,12,48.16,0
2025-12-26,SKU-004,86.0,7,48.16,0
2025-12-27,SKU-004,90.01,8,48.16,0
