sales_history.csv
date,sku,price,units,cost,promo_flag
2025-07-01,SKU-005,17.97,50,13.75,0
2025-07-02,SKU-005,17.47,40,13.75,0
2025-07-03,SKU-005,16.43,75,13.75,1
2025-07-04,SKU-005,19.49,48,13.75,0
2025-07-05,SKU-005,18.65,36,13.75,0
2025-07-06,SKU-005,19.35,43,13.75,0
2025-07-07,SKU-005,18.44,33,13.75,0
2025-07-08,SKU-005,18.27,45,13.75,0
2025-07-09,SKU-005,19.56,48,13.75,0
2025-07-10,SKU-005,16.16,67,13.75,1
2025-07-11,SKU-005,15.81,59,13.75,1
2025-07-12,SKU-005,14.84,82,13.75,1
2025-07-13,SKU-005,19.2,46,13.75,0
2025-07-14,SKU-005,18.68,46,13.75,0
2025-07-15,SKU-005,19.26,55,13.75,0
2025-07-16,SKU-005,18.4,38,13.75,0
2025-07-17,SKU-005,18.2,58,13.75,0
2025-07-18,SKU-005,14.59,79,13.75,1
2025-07-19,SKU-005,15.13,112,13.75,1
2025-07-20,SKU-005,19.27,41,13.75,0
2025-07-21,SKU-005,18.87,50,13.75,0
2025-07-22,SKU-005,15.44,90,13.75,1
2025-07-23,SKU-005,14.44,94,13.75,1
2025-07-24,SKU-005,19.04,40,13.75,0
2025-07-25,SKU-005,18.99,37,13.75,0
2025-07-26,SKU-005,18.43,56,13.75,0
2025-07-27,SKU-005,18.12,45,13.75,0
2025-07-28,SKU-005,18.26,52,13.75,0
2025-07-29,SKU-005,19.27,40,13.75,0
2025-07-30,SKU-005,19.0,50,13.75,0
2025-07-31,SKU-005,15.05,82,13.75,1
2025-08-01,SKU-005,18.64,39,13.75,0
2025-08-02,SKU-005,18.62,42,13.75,0
2025-08-03,SKU-005,19.1,56,13.75,0
2025-08-04,SKU-005,18.45,52,13.75,0
2025-08-05,SKU-005,18.78,36,13.75,0
2025-08-06,SKU-005,17.32,57,13.75,1
2025-08-07,SKU-005,18.5,40,13.75,0
2025-08-08,SKU-005,19.38,44,13.75,0
2025-08-09,SKU-005,18.0,66,13.75,0
2025-08-10,SKU-005,18.44,50,13.75,0
2025-08-11,SKU-005,18.76,44,13.75,0
2025-08-12,SKU-005,19.06,57,13.75,0
2025-08-13,SKU-005,18.49,74,13.75,0
2025-08-14,SKU-005,18.28,22,13.75,0
2025-08-15,SKU-005,19.39,42,13.75,0
2025-08-16,SKU-005,18.75,36,13.75,0
2025-08-17,SKU-005,17.44,45,13.75,0
2025-08-18,SKU-005,18.98,43,13.75,0
2025-08-19,SKU-005,18.64,44,13.75,0
2025-08-20,SKU-005,18.72,50,13.75,0
2025-08-21,SKU-005,18.38,35,13.75,0
2025-08-22,SKU-005,18.25,41,13.75,0
2025-08-23,SKU-005,16.56,70,13.75,1
2025-08-24,SKU-005,19.77,41,13.75,0
2025-08-25,SKU-005,18.88,47,13.75,0
2025-08-26,SKU-005,18.1,53,13.75,0
2025-08-27,SKU-005,16.46,70,13.75,1
2025-08-28,SKU-005,18.63,42,13.75,0
2025-08-29,SKU-005,18.57,44,13.75,0
2025-08-30,SKU-005,16.39,85,13.75,1
2025-08-31,SKU-005,17.54,58,13.75,0
2025-09-01,SKU-005,14.44,87,13.75,1
2025-09-02,SKU-005,18.86,42,13.75,0
2025-09-03,SKU-005,18.49,52,13.75,0
2025-09-04,SKU-005,15.71,67,13.75,1
2025-09-05,SKU-005,18.26,53,13.75,0
2025-09-06,SKU-005,19.17,59,13.75,0
2025-09-07,SKU-005,18.41,57,13.75,0
2025-09-08,SKU-005,19.17,37,13.75,0
2025-09-09,SKU-005,19.6,48,13.75,0
2025-09-10,SKU-005,18.4,44,13.75,0
2025-09-11,SKU-005,16.01,67,13.75,1
2025-09-12,SKU-005,18.66,32,13.75,0
2025-09-13,SKU-005,17.75,57,13.75,0
2025-09-14,SKU-005,19.08,49,13.75,0
2025-09-15,SKU-005,14.69,86,13.75,1
2025-09-16,SKU-005,19.22,39,13.75,0
2025-09-17,SKU-005,18.8,70,13.75,0
2025-09-18,SKU-005,17.14,76,13.75,1
2025-09-19,SKU-005,14.7,123,13.75,1
2025-09-20,SKU-005,19.5,58,13.75,0
2025-09-21,SKU-005,19.48,47,13.75,0
2025-09-22,SKU-005,18.46,45,13.75,0
2025-09-23,SKU-005,19.31,47,13.75,0
2025-09-24,SKU-005,18.58,44,13.75,0
2025-09-25,SKU-005,17.88,50,13.75,0
2025-09-26,SKU-005,16.59,50,13.75,1
2025-09-27,SKU-005,18.68,39,13.75,0
2025-09-28,SKU-005,17.53,71,13.75,0
2025-09-29,SKU-005,17.54,54,13.75,0
2025-09-30,SKU-005,19.24,57,13.75,0
2025-10-01,SKU-005,18.1,65,13.75,0
2025-10-02,SKU-005,18.52,44,13.75,0
2025-10-03,SKU-005,18.13,56,13.75,0
2025-10-04,SKU-005,18.28,37,13.75,0
2025-10-05,SKU-005,18.01,74,13.75,0
2025-10-06,SKU-005,18.52,27,13.75,0
2025-10-07,SKU-005,18.44,54,13.75,0
2025-10-08,SKU-005,18.0,60,13.75,0
2025-10-09,SKU-005,18.47,51,13.75,0
2025-10-10,SKU-005,17.32,70,13.75,0
2025-10-11,SKU-005,18.38,61,13.75,0
2025-10-12,SKU-005,17.8,67,13.75,0
2025-10-13,SKU-005,18.14,70,13.75,0
2025-10-14,SKU-005,18.91,43,13.75,0
2025-10-15,SKU-005,18.63,50,13.75,0
2025-10-16,SKU-005,18.95,37,13.75,0
2025-10-17,SKU-005,14.51,129,13.75,1
2025-10-18,SKU-005,18.75,40,13.75,0
2025-10-19,SKU-005,18.17,51,13.75,0
2025-10-20,SKU-005,14.44,85,13.75,1
2025-10-21,SKU-005,18.72,71,13.75,0
2025-10-22,SKU-005,18.43,51,13.75,0
2025-10-23,SKU-005,18.28,58,13.75,0
2025-10-24,SKU-005,15.27,77,13.75,1
2025-10-25,SKU-005,14.83,65,13.75,1
2025-10-26,SKU-005,18.75,61,13.75,0
2025-10-27,SKU-005,17.4,46,13.75,0
2025-10-28,SKU-005,19.71,34,13.75,0
2025-10-29,SKU-005,18.59,51,13.75,0
2025-10-30,SKU-005,19.71,39,13.75,0
2025-10-31,SKU-005,18.12,40,13.75,0
2025-11-01,SKU-005,18.34,56,13.75,0
2025-11-02,SKU-005,18.45,51,13.75,0
2025-11-03,SKU-005,18.86,39,13.75,0
2025-11-04,SKU-005,18.63,34,13.75,0
2025-11-05,SKU-005,18.2,43,13.75,0
2025-11-06,SKU-005,18.97,39,13.75,0
2025-11-07,SKU-005,18.37,48,13.75,0
2025-11-08,SKU-005,18.18,64,13.75,0
2025-11-09,SKU-005,18.42,44,13.75,0
2025-11-10,SKU-005,16.25,60,13.75,1
2025-11-11,SKU-005,15.13,85,13.75,1
2025-11-12,SKU-005,17.93,55,13.75,0
2025-11-13,SKU-005,17.42,58,13.75,1
2025-11-14,SKU-005,20.27,44,13.75,0
2025-11-15,SKU-005,18.86,41,13.75,0
2025-11-16,SKU-005,18.02,50,13.75,0
2025-11-17,SKU-005,17.91,51,13.75,0
2025-11-18,SKU-005,18.15,58,13.75,0
2025-11-19,SKU-005,17.57,40,13.75,0
2025-11-20,SKU-005,14.93,83,13.75,1
2025-11-21,SKU-005,17.78,47,13.75,0
2025-11-22,SKU-005,18.31,70,13.75,0
2025-11-23,SKU-005,17.65,46,13.75,0
2025-11-24,SKU-005,18.08,41,13.75,0
2025-11-25,SKU-005,16.96,92,13.75,1
2025-11-26,SKU-005,19.0,38,13.75,0
2025-11-27,SKU-005,18.4,45,13.75,0
2025-11-28,SKU-005,16.25,71,13.75,1
2025-11-29,SKU-005,18.93,47,13.75,0
2025-11-30,SKU-005,18.83,39,13.75,0
2025-12-01,SKU-005,17.77,72,13.75,0
2025-12-02,SKU-005,14.44,90,13.75,1
2025-12-03,SKU-005,18.31,43,13.75,0
2025-12-04,SKU-005,17.99,41,13.75,0
2025-12-05,SKU-005,18.49,29,13.75,0
2025-12-06,SKU-005,19.08,47,13.75,0
2025-12-07,SKU-005,17.37,82,13.75,1
2025-12-08,SKU-005,18.24,74,13.75,1
2025-12-09,SKU-005,19.36,40,13.75,0
2025-12-10,SKU-005,18.62,54,13.75,0
2025-12-11,SKU-005,18.97,50,13.75,0
2025-12-12,SKU-005,18.94,37,13.75,0
2025-12-13,SKU-005,17.38,58,13.75,0
2025-12-14,SKU-005,18.92,50,13.75,0
2025-12-15,SKU-005,18.31,49,13.75,0
2025-12-16,SKU-005,18.8,59,13.75,0
2025-12-17,SKU-005,19.09,39,13.75,0
2025-12-18,SKU-005,18.78,35,13.75,0
2025-12-19,SKU-005,18.67,56,13.75,0
2025-12-20,SKU-005,19.06,32,13.75,0
2025-12-21,SKU-005,19.42,38,13.75,0
2025-12-22,SKU-005,17.68,63,13.75,0
2025-12-23,SKU-005,19.49,42,13.75,0
2025-12-24,SKU-005,18.18,47,13.75,0
2025-12-25,SKU-005,17.58,66,13.75,0
2025-12-26,SKU-005,18.34,60,13.75,0
2025-12-27,SKU-005,17.9,69,13.75,1
2025-07-01,SKU-006,104.6,59,85.8,1
2025-07-02,SKU-006,123.31,27,85.8,0
2025-07-03,SKU-006,113.72,33,85.8,0
2025-07-04,SKU-006,112.54,40,85.8,0
2025-07-05,SKU-006,117.05,41,85.8,0
2025-07-06,SKU-006,115.19,49,85.8,0
2025-07-07,SKU-006,119.06,28,85.8,0
2025-07-08,SKU-006,112.57,34,85.8,0
2025-07-09,SKU-006,119.21,26,85.8,0
2025-07-10,SKU-006,117.61,38,85.8,0
2025-07-11,SKU-006,118.76,31,85.8,0
2025-07-12,SKU-006,125.87,28,85.8,0
2025-07-13,SKU-006,93.85,63,85.8,1
2025-07-14,SKU-006,116.79,46,85.8,0
2025-07-15,SKU-006,115.87,39,85.8,0
2025-07-16,SKU-006,107.71,48,85.8,1
2025-07-17,SKU-006,98.94,49,85.8,1
2025-07-18,SKU-006,115.55,44,85.8,0
2025-07-19,SKU-006,114.52,36,85.8,0
2025-07-20,SKU-006,122.6,26,85.8,0
2025-07-21,SKU-006,116.52,39,85.8,0
2025-07-22,SKU-006,119.37,38,85.8,0
2025-07-23,SKU-006,122.45,33,85.8,0
2025-07-24,SKU-006,117.22,32,85.8,0
2025-07-25,SKU-006,118.99,44,85.8,0
2025-07-26,SKU-006,116.21,33,85.8,0
2025-07-27,SKU-006,112.35,40,85.8,0
2025-07-28,SKU-006,114.56,46,85.8,0
2025-07-29,SKU-006,122.67,22,85.8,0
2025-07-30,SKU-006,96.79,66,85.8,1
2025-07-31,SKU-006,111.76,44,85.8,0
2025-08-01,SKU-006,115.68,39,85.8,0
2025-08-02,SKU-006,117.45,37,85.8,0
2025-08-03,SKU-006,115.1,58,85.8,0
2025-08-04,SKU-006,110.31,29,85.8,0
2025-08-05,SKU-006,113.27,38,85.8,0
2025-08-06,SKU-006,92.32,68,85.8,1
2025-08-07,SKU-006,106.49,56,85.8,0
2025-08-08,SKU-006,117.31,49,85.8,0
2025-08-09,SKU-006,94.3,70,85.8,1
2025-08-10,SKU-006,121.09,33,85.8,0
2025-08-11,SKU-006,114.19,35,85.8,0
2025-08-12,SKU-006,115.94,33,85.8,0
2025-08-13,SKU-006,113.57,42,85.8,0
2025-08-14,SKU-006,115.94,26,85.8,0
2025-08-15,SKU-006,118.91,27,85.8,0
2025-08-16,SKU-006,119.49,52,85.8,0
2025-08-17,SKU-006,115.8,49,85.8,0
2025-08-18,SKU-006,117.16,32,85.8,0
2025-08-19,SKU-006,120.13,40,85.8,0
2025-08-20,SKU-006,116.59,23,85.8,0
2025-08-21,SKU-006,94.22,80,85.8,1
2025-08-22,SKU-006,119.75,30,85.8,0
2025-08-23,SKU-006,111.42,72,85.8,1
2025-08-24,SKU-006,125.7,41,85.8,0
2025-08-25,SKU-006,110.7,53,85.8,0
2025-08-26,SKU-006,115.7,36,85.8,0
2025-08-27,SKU-006,113.0,34,85.8,0
2025-08-28,SKU-006,116.18,36,85.8,0
2025-08-29,SKU-006,116.54,25,85.8,0
2025-08-30,SKU-006,112.15,38,85.8,0
2025-08-31,SKU-006,118.99,36,85.8,0
2025-09-01,SKU-006,111.99,46,85.8,0
2025-09-02,SKU-006,112.74,44,85.8,1
2025-09-03,SKU-006,91.51,50,85.8,1
2025-09-04,SKU-006,98.03,70,85.8,1
2025-09-05,SKU-006,120.44,28,85.8,0
2025-09-06,SKU-006,114.85,51,85.8,0
2025-09-07,SKU-006,116.97,44,85.8,0
2025-09-08,SKU-006,109.25,32,85.8,0
2025-09-09,SKU-006,93.06,63,85.8,1
2025-09-10,SKU-006,113.59,32,85.8,0
2025-09-11,SKU-006,117.11,41,85.8,0
2025-09-12,SKU-006,107.25,59,85.8,1
2025-09-13,SKU-006,121.37,34,85.8,0
2025-09-14,SKU-006,112.31,30,85.8,0
2025-09-15,SKU-006,115.89,31,85.8,0
2025-09-16,SKU-006,115.78,29,85.8,0
2025-09-17,SKU-006,112.41,42,85.8,0
2025-09-18,SKU-006,119.26,29,85.8,0
2025-09-19,SKU-006,123.61,31,85.8,0
2025-09-20,SKU-006,90.09,98,85.8,1
2025-09-21,SKU-006,123.57,31,85.8,0
2025-09-22,SKU-006,118.83,32,85.8,0
2025-09-23,SKU-006,118.16,29,85.8,0
2025-09-24,SKU-006,115.41,28,85.8,0
2025-09-25,SKU-006,116.61,39,85.8,0
2025-09-26,SKU-006,115.42,39,85.8,0
2025-09-27,SKU-006,106.71,46,85.8,1
2025-09-28,SKU-006,114.19,44,85.8,0
2025-09-29,SKU-006,114.5,38,85.8,0
2025-09-30,SKU-006,121.01,33,85.8,0
2025-10-01,SKU-006,123.74,25,85.8,0
2025-10-02,SKU-006,118.91,38,85.8,0
2025-10-03,SKU-006,113.87,33,85.8,0
2025-10-04,SKU-006,113.61,48,85.8,0
2025-10-05,SKU-006,115.37,42,85.8,0
2025-10-06,SKU-006,119.63,26,85.8,0
2025-10-07,SKU-006,114.67,32,85.8,0
2025-10-08,SKU-006,119.18,28,85.8,0
2025-10-09,SKU-006,116.59,35,85.8,0
2025-10-10,SKU-006,117.52,30,85.8,0
2025-10-11,SKU-006,104.86,55,85.8,1
2025-10-12,SKU-006,117.34,37,85.8,0
2025-10-13,SKU-006,116.29,43,85.8,0
2025-10-14,SKU-006,119.64,39,85.8,0
2025-10-15,SKU-006,124.21,40,85.8,0
2025-10-16,SKU-006,112.94,36,85.8,0
2025-10-17,SKU-006,103.86,56,85.8,1
2025-10-18,SKU-006,113.63,31,85.8,0
2025-10-19,SKU-006,115.64,38,85.8,0
2025-10-20,SKU-006,119.55,25,85.8,0
2025-10-21,SKU-006,113.52,34,85.8,0
2025-10-22,SKU-006,115.74,38,85.8,0
2025-10-23,SKU-006,90.09,60,85.8,1
2025-10-24,SKU-006,90.73,99,85.8,1
2025-10-25,SKU-006,116.31,23,85.8,0
2025-10-26,SKU-006,115.61,30,85.8,0
2025-10-27,SKU-006,112.82,39,85.8,0
2025-10-28,SKU-006,119.0,38,85.8,0
2025-10-29,SKU-006,119.92,38,85.8,0
2025-10-30,SKU-006,90.09,75,85.8,1
2025-10-31,SKU-006,121.26,25,85.8,0
2025-11-01,SKU-006,93.91,77,85.8,1
2025-11-02,SKU-006,114.46,42,85.8,0
2025-11-03,SKU-006,120.04,28,85.8,0
2025-11-04,SKU-006,113.67,32,85.8,0
2025-11-05,SKU-006,106.66,43,85.8,0
2025-11-06,SKU-006,112.58,26,85.8,0
2025-11-07,SKU-006,118.04,38,85.8,0
2025-11-08,SKU-006,102.17,57,85.8,1
2025-11-09,SKU-006,98.74,69,85.8,1
2025-11-10,SKU-006,111.98,39,85.8,0
2025-11-11,SKU-006,115.65,46,85.8,0
2025-11-12,SKU-006,122.73,52,85.8,0
2025-11-13,SKU-006,113.84,31,85.8,0
2025-11-14,SKU-006,116.48,35,85.8,0
2025-11-15,SKU-006,119.92,46,85.8,0
2025-11-16,SKU-006,115.13,35,85.8,0
2025-11-17,SKU-006,121.72,34,85.8,0
2025-11-18,SKU-006,116.59,42,85.8,0
2025-11-19,SKU-006,119.62,29,85.8,0
2025-11-20,SKU-006,124.22,30,85.8,0
2025-11-21,SKU-006,117.22,39,85.8,0
2025-11-22,SKU-006,117.24,36,85.8,0
2025-11-23,SKU-006,116.98,34,85.8,0
2025-11-24,SKU-006,120.2,36,85.8,0
2025-11-25,SKU-006,114.34,26,85.8,0
2025-11-26,SKU-006,110.78,44,85.8,0
2025-11-27,SKU-006,115.83,39,85.8,0
2025-11-28,SKU-006,90.09,54,85.8,1
2025-11-29,SKU-006,117.04,30,85.8,0
2025-11-30,SKU-006,114.49,33,85.8,0
2025-12-01,SKU-006,114.83,36,85.8,0
2025-12-02,SKU-006,104.25,52,85.8,1
2025-12-03,SKU-006,99.39,65,85.8,1
2025-12-04,SKU-006,118.14,37,85.8,0
2025-12-05,SKU-006,121.42,28,85.8,0
2025-12-06,SKU-006,101.15,61,85.8,1
2025-12-07,SKU-006,122.47,27,85.8,0
2025-12-08,SKU-006,112.36,40,85.8,0
2025-12-09,SKU-006,116.5,27,85.8,0
2025-12-10,SKU-006,113.86,42,85.8,0
2025-12-11,SKU-006,115.16,37,85.8,0
2025-12-12,SKU-006,119.46,28,85.8,0
2025-12-13,SKU-006,110.12,40,85.8,0
2025-12-14,SKU-006,110.46,37,85.8,0
2025-12-15,SKU-006,119.22,31,85.8,0
2025-12-16,SKU-006,92.06,60,85.8,1
2025-12-17,SKU-006,116.6,27,85.8,0
2025-12-18,SKU-006,116.09,25,85.8,0
2025-12-19,SKU-006,113.06,46,85.8,0
2025-12-20,SKU-006,116.76,43,85.8,0
2025-12-21,SKU-006,118.6,30,85.8,0
2025-12-22,SKU-006,119.55,41,85.8,0
2025-12-23,SKU-006,122.85,34,85.8,0
2025-12-24,SKU-006,124.55,32,85.8,0
2025-12-25,SKU-006,121.69,30,85.8,0
2025-12-26,SKU-006,120.5,33,85.8,0
2025-12-27,SKU-006,121.65,32,85.8,0
