sales_history.csv
date,sku,price,units,cost,promo_flag
2025-07-01,SKU-007,92.59,56,54.61,0
2025-07-02,SKU-007,93.11,79,54.61,0
2025-07-03,SKU-007,84.75,87,54.61,1
2025-07-04,SKU-007,91.63,90,54.61,0
2025-07-05,SKU-007,89.37,79,54.61,0
2025-07-06,SKU-007,78.19,110,54.61,1
2025-07-07,SKU-007,96.28,74,54.61,0
2025-07-08,SKU-007,86.15,71,54.61,0
2025-07-09,SKU-007,91.37,103,54.61,0
2025-07-10,SKU-007,88.56,71,54.61,0
2025-07-11,SKU-007,91.74,60,54.61,0
2025-07-12,SKU-007,94.21,73,54.61,0
2025-07-13,SKU-007,71.01,118,54.61,1
2025-07-14,SKU-007,93.19,50,54.61,0
2025-07-15,SKU-007,92.69,98,54.61,0
2025-07-16,SKU-007,92.74,90,54.61,0
2025-07-17,SKU-007,95.09,90,54.61,0
2025-07-18,SKU-007,90.26,60,54.61,0
2025-07-19,SKU-007,93.06,77,54.61,0
2025-07-20,SKU-007,89.31,114,54.61,0
2025-07-21,SKU-007,94.18,83,54.61,0
2025-07-22,SKU-007,93.52,49,54.61,0
2025-07-23,SKU-007,89.82,78,54.61,0
2025-07-24,SKU-007,69.5,98,54.61,1
2025-07-25,SKU-007,93.85,71,54.61,0
2025-07-26,SKU-007,88.7,83,54.61,0
2025-07-27,SKU-007,95.36,79,54.61,0
2025-07-28,SKU-007,96.05,68,54.61,0
2025-07-29,SKU-007,77.8,95,54.61,1
2025-07-30,SKU-007,96.82,58,54.61,0
2025-07-31,SKU-007,97.1,50,54.61,0
2025-08-01,SKU-007,93.08,105,54.61,0
2025-08-02,SKU-007,89.9,94,54.61,0
2025-08-03,SKU-007,96.65,82,54.61,0
2025-08-04,SKU-007,91.46,68,54.61,0
2025-08-05,SKU-007,89.87,51,54.61,0
2025-08-06,SKU-007,90.94,63,54.61,0
2025-08-07,SKU-007,94.76,76,54.61,0
2025-08-08,SKU-007,73.98,137,54.61,1
2025-08-09,SKU-007,92.66,85,54.61,0
2025-08-10,SKU-007,84.79,115,54.61,1
2025-08-11,SKU-007,93.14,75,54.61,0
2025-08-12,SKU-007,96.32,63,54.61,0
2025-08-13,SKU-007,83.91,108,54.61,1
2025-08-14,SKU-007,90.08,62,54.61,0
2025-08-15,SKU-007,94.6,64,54.61,0
2025-08-16,SKU-007,88.73,78,54.61,0
2025-08-17,SKU-007,95.1,100,54.61,0
2025-08-18,SKU-007,91.48,57,54.61,0
2025-08-19,SKU-007,94.64,62,54.61,0
2025-08-20,SKU-007,96.8,72,54.61,0
2025-08-21,SKU-007,90.17,77,54.61,0
2025-08-22,SKU-007,98.22,71,54.61,0
2025-08-23,SKU-007,87.86,98,54.61,1
2025-08-24,SKU-007,94.4,62,54.61,0
2025-08-25,SKU-007,81.03,80,54.61,1
2025-08-26,SKU-007,92.78,65,54.61,0
2025-08-27,SKU-007,93.79,70,54.61,0
2025-08-28,SKU-007,93.97,63,54.61,0
2025-08-29,SKU-007,100.95,59,54.61,0
2025-08-30,SKU-007,74.05,117,54.61,1
2025-08-31,SKU-007,95.38,71,54.61,0
2025-09-01,SKU-007,69.66,105,54.61,1
2025-09-02,SKU-007,94.83,73,54.61,0
2025-09-03,SKU-007,93.27,79,54.61,0
2025-09-04,SKU-007,94.59,73,54.61,0
2025-09-05,SKU-007,95.14,63,54.61,0
2025-09-06,SKU-007,89.92,105,54.61,0
2025-09-07,SKU-007,92.98,93,54.61,0
2025-09-08,SKU-007,88.15,75,54.61,0
2025-09-09,SKU-007,92.31,59,54.61,0
2025-09-10,SKU-007,98.28,55,54.61,0
2025-09-11,SKU-007,93.91,61,54.61,0
2025-09-12,SKU-007,91.93,66,54.61,0
2025-09-13,SKU-007,93.33,74,54.61,0
2025-09-14,SKU-007,94.18,81,54.61,0
2025-09-15,SKU-007,92.62,63,54.61,0
2025-09-16,SKU-007,95.4,61,54.61,0
2025-09-17,SKU-007,93.56,66,54.61,0
2025-09-18,SKU-007,76.51,101,54.61,1
2025-09-19,SKU-007,92.2,67,54.61,0
2025-09-20,SKU-007,98.07,74,54.61,0
2025-09-21,SKU-007,95.63,87,54.61,0
2025-09-22,SKU-007,97.34,74,54.61,0
2025-09-23,SKU-007,98.87,53,54.61,0
2025-09-24,SKU-007,95.33,70,54.61,0
2025-09-25,SKU-007,92.54,59,54.61,0
2025-09-26,SKU-007,94.38,87,54.61,0
2025-09-27,SKU-007,98.97,68,54.61,0
2025-09-28,SKU-007,93.48,71,54.61,0
2025-09-29,SKU-007,83.03,92,54.61,1
2025-09-30,SKU-007,95.5,57,54.61,0
2025-10-01,SKU-007,70.65,92,54.61,1
2025-10-02,SKU-007,69.41,118,54.61,1
2025-10-03,SKU-007,93.23,63,54.61,0
2025-10-04,SKU-007,94.8,78,54.61,0
2025-10-05,SKU-007,94.16,79,54.61,0
2025-10-06,SKU-007,95.9,60,54.61,0
2025-10-07,SKU-007,93.83,79,54.61,0
2025-10-08,SKU-007,95.81,78,54.61,0
2025-10-09,SKU-007,84.34,79,54.61,1
2025-10-10,SKU-007,87.74,77,54.61,0
2025-10-11,SKU-007,97.93,60,54.61,0
2025-10-12,SKU-007,94.93,49,54.61,0
2025-10-13,SKU-007,80.62,109,54.61,1
2025-10-14,SKU-007,72.65,91,54.61,1
2025-10-15,SKU-007,90.59,63,54.61,0
2025-10-16,SKU-007,92.88,68,54.61,0
2025-10-17,SKU-007,68.52,95,54.61,1
2025-10-18,SKU-007,97.43,64,54.61,0
2025-10-19,SKU-007,93.95,102,54.61,0
2025-10-20,SKU-007,92.32,63,54.61,0
2025-10-21,SKU-007,93.33,69,54.61,0
2025-10-22,SKU-007,78.88,113,54.61,1
2025-10-23,SKU-007,75.3,122,54.61,1
2025-10-24,SKU-007,96.4,39,54.61,0
2025-10-25,SKU-007,93.68,75,54.61,0
2025-10-26,SKU-007,83.19,102,54.61,1
2025-10-27,SKU-007,95.04,82,54.61,0
2025-10-28,SKU-007,93.27,62,54.61,0
2025-10-29,SKU-007,91.76,85,54.61,0
2025-10-30,SKU-007,91.61,69,54.61,0
2025-10-31,SKU-007,92.34,86,54.61,0
2025-11-01,SKU-007,95.11,78,54.61,0
2025-11-02,SKU-007,95.46,81,54.61,0
2025-11-03,SKU-007,89.61,90,54.61,0
2025-11-04,SKU-007,88.15,63,54.61,0
2025-11-05,SKU-007,96.65,84,54.61,0
2025-11-06,SKU-007,83.71,87,54.61,1
2025-11-07,SKU-007,92.68,50,54.61,0
2025-11-08,SKU-007,81.22,68,54.61,1
2025-11-09,SKU-007,97.97,54,54.61,0
2025-11-10,SKU-007,92.08,94,54.61,1
2025-11-11,SKU-007,92.71,91,54.61,0
2025-11-12,SKU-007,94.61,71,54.61,0
2025-11-13,SKU-007,93.0,52,54.61,0
2025-11-14,SKU-007,92.97,70,54.61,0
2025-11-15,SKU-007,86.21,84,54.61,1
2025-11-16,SKU-007,89.04,66,54.61,0
2025-11-17,SKU-007,96.33,70,54.61,0
2025-11-18,SKU-007,89.92,54,54.61,0
2025-11-19,SKU-007,89.94,65,54.61,0
2025-11-20,SKU-007,75.29,138,54.61,1
2025-11-21,SKU-007,92.91,53,54.61,0
2025-11-22,SKU-007,93.05,82,54.61,0
2025-11-23,SKU-007,98.17,81,54.61,0
2025-11-24,SKU-007,96.8,63,54.61,0
2025-11-25,SKU-007,89.26,73,54.61,0
2025-11-26,SKU-007,88.01,57,54.61,0
2025-11-27,SKU-007,94.84,54,54.61,0
2025-11-28,SKU-007,94.12,67,54.61,0
2025-11-29,SKU-007,95.73,69,54.61,0
2025-11-30,SKU-007,97.03,46,54.61,0
2025-12-01,SKU-007,90.81,65,54.61,0
2025-12-02,SKU-007,95.92,72,54.61,0
2025-12-03,SKU-007,82.48,103,54.61,1
2025-12-04,SKU-007,96.06,70,54.61,0
2025-12-05,SKU-007,93.05,91,54.61,0
2025-12-06,SKU-007,91.58,52,54.61,0
2025-12-07,SKU-007,91.41,63,54.61,0
2025-12-08,SKU-007,72.87,82,54.61,1
2025-12-09,SKU-007,86.81,150,54.61,1
2025-12-10,SKU-007,88.54,66,54.61,0
2025-12-11,SKU-007,92.12,61,54.61,0
2025-12-12,SKU-007,85.76,81,54.61,1
2025-12-13,SKU-007,89.92,114,54.61,1
2025-12-14,SKU-007,90.47,97,54.61,0
2025-12-15,SKU-007,92.73,73,54.61,0
2025-12-16,SKU-007,76.32,150,54.61,1
2025-12-17,SKU-007,95.74,79,54.61,0
2025-12-18,SKU-007,97.48,74,54.61,0
2025-12-19,SKU-007,91.64,62,54.61,0
2025-12-20,SKU-007,84.88,112,54.61,1
2025-12-21,SKU-007,88.85,96,54.61,0
2025-12-22,SKU-007,92.51,67,54.61,0
2025-12-23,SKU-007,93.69,73,54.61,0
2025-12-24,SKU-007,77.83,121,54.61,1
2025-12-25,SKU-007,94.4,71,54.61,0
2025-12-26,SKU-007,90.37,69,54.61,0
2025-12-27,SKU-007,90.97,64,54.61,0
2025-07-01,SKU-008,93.13,82,52.91,0
2025-07-02,SKU-008,97.76,65,52.91,0
2025-07-03,SKU-008,92.92,71,52.91,0
2025-07-04,SKU-008,99.73,78,52.91,0
2025-07-05,SKU-008,81.39,91,52.91,1
2025-07-06,SKU-008,102.83,82,52.91,0
2025-07-07,SKU-008,94.73,58,52.91,0
2025-07-08,SKU-008,95.27,47,52.91,0
2025-07-09,SKU-008,95.18,98,52.91,0
2025-07-10,SKU-008,96.78,90,52.91,0
2025-07-11,SKU-008,99.34,62,52.91,0
2025-07-12,SKU-008,91.97,99,52.91,0
2025-07-13,SKU-008,95.94,71,52.91,0
2025-07-14,SKU-008,92.73,71,52.91,0
2025-07-15,SKU-008,96.06,64,52.91,0
2025-07-16,SKU-008,81.83,93,52.91,1
2025-07-17,SKU-008,99.55,70,52.91,0
2025-07-18,SKU-008,85.32,92,52.91,1
2025-07-19,SKU-008,91.61,64,52.91,0
2025-07-20,SKU-008,93.61,93,52.91,0
2025-07-21,SKU-008,84.79,67,52.91,1
2025-07-22,SKU-008,93.06,61,52.91,0
2025-07-23,SKU-008,80.72,84,52.91,1
2025-07-24,SKU-008,97.15,65,52.91,0
2025-07-25,SKU-008,80.4,96,52.91,1
2025-07-26,SKU-008,94.39,87,52.91,0
2025-07-27,SKU-008,75.94,87,52.91,1
2025-07-28,SKU-008,96.49,46,52.91,0
2025-07-29,SKU-008,87.8,78,52.91,1
2025-07-30,SKU-008,78.56,111,52.91,1
2025-07-31,SKU-008,77.91,95,52.91,1
2025-08-01,SKU-008,84.25,118,52.91,1
2025-08-02,SKU-008,95.49,87,52.91,0
2025-08-03,SKU-008,101.75,79,52.91,0
2025-08-04,SKU-008,98.62,56,52.91,0
2025-08-05,SKU-008,103.76,50,52.91,0
2025-08-06,SKU-008,82.78,87,52.91,1
2025-08-07,SKU-008,95.38,50,52.91,0
2025-08-08,SKU-008,91.66,68,52.91,0
2025-08-09,SKU-008,98.09,67,52.91,0
2025-08-10,SKU-008,101.85,55,52.91,0
2025-08-11,SKU-008,94.85,56,52.91,0
2025-08-12,SKU-008,94.91,66,52.91,0
2025-08-13,SKU-008,99.8,53,52.91,0
2025-08-14,SKU-008,97.37,81,52.91,0
2025-08-15,SKU-008,97.76,69,52.91,0
2025-08-16,SKU-008,91.91,61,52.91,0
2025-08-17,SKU-008,81.09,105,52.91,1
2025-08-18,SKU-008,71.88,120,52.91,1
2025-08-19,SKU-008,93.28,78,52.91,0
2025-08-20,SKU-008,91.18,99,52.91,0
2025-08-21,SKU-008,93.86,68,52.91,0
2025-08-22,SKU-008,95.95,54,52.91,0
2025-08-23,SKU-008,87.89,85,52.91,0
2025-08-24,SKU-008,97.37,85,52.91,0
2025-08-25,SKU-008,92.12,58,52.91,0
2025-08-26,SKU-008,86.23,97,52.91,1
2025-08-27,SKU-008,94.22,81,52.91,0
2025-08-28,SKU-008,97.77,59,52.91,0
2025-08-29,SKU-008,95.63,68,52.91,0
2025-08-30,SKU-008,92.42,63,52.91,0
2025-08-31,SKU-008,90.37,95,52.91,0
2025-09-01,SKU-008,94.98,55,52.91,0
2025-09-02,SKU-008,96.33,66,52.91,0
2025-09-03,SKU-008,90.65,112,52.91,1
2025-09-04,SKU-008,95.92,67,52.91,0
2025-09-05,SKU-008,98.88,50,52.91,0
2025-09-06,SKU-008,99.73,72,52.91,0
2025-09-07,SKU-008,96.65,72,52.91,0
2025-09-08,SKU-008,94.21,82,52.91,1
2025-09-09,SKU-008,93.79,75,52.91,0
2025-09-10,SKU-008,72.22,95,52.91,1
2025-09-11,SKU-008,97.62,73,52.91,0
2025-09-12,SKU-008,94.7,84,52.91,0
2025-09-13,SKU-008,94.53,65,52.91,0
2025-09-14,SKU-008,92.79,130,52.91,0
2025-09-15,SKU-008,98.14,62,52.91,0
2025-09-16,SKU-008,93.86,47,52.91,0
2025-09-17,SKU-008,99.04,56,52.91,0
2025-09-18,SKU-008,95.86,85,52.91,0
2025-09-19,SKU-008,96.79,57,52.91,0
2025-09-20,SKU-008,92.48,90,52.91,0
2025-09-21,SKU-008,96.19,51,52.91,0
2025-09-22,SKU-008,95.58,101,52.91,0
2025-09-23,SKU-008,96.16,109,52.91,0
2025-09-24,SKU-008,101.27,63,52.91,0
2025-09-25,SKU-008,93.73,65,52.91,0
2025-09-26,SKU-008,92.5,95,52.91,0
2025-09-27,SKU-008,87.16,100,52.91,0
2025-09-28,SKU-008,97.23,89,52.91,0
2025-09-29,SKU-008,80.76,71,52.91,1
2025-09-30,SKU-008,77.42,109,52.91,1
2025-10-01,SKU-008,98.16,63,52.91,0
2025-10-02,SKU-008,97.72,50,52.91,0
2025-10-03,SKU-008,97.04,76,52.91,0
2025-10-04,SKU-008,94.1,77,52.91,0
2025-10-05,SKU-008,96.0,68,52.91,0
2025-10-06,SKU-008,91.49,64,52.91,1
2025-10-07,SKU-008,94.74,52,52.91,0
2025-10-08,SKU-008,97.65,47,52.91,0
2025-10-09,SKU-008,99.83,62,52.91,0
2025-10-10,SKU-008,97.66,48,52.91,0
2025-10-11,SKU-008,74.58,140,52.91,1
2025-10-12,SKU-008,97.22,75,52.91,0
2025-10-13,SKU-008,90.87,61,52.91,0
2025-10-14,SKU-008,82.31,87,52.91,1
2025-10-15,SKU-008,89.56,95,52.91,1
2025-10-16,SKU-008,100.44,64,52.91,0
2025-10-17,SKU-008,104.01,73,52.91,0
2025-10-18,SKU-008,94.03,82,52.91,0
2025-10-19,SKU-008,94.58,108,52.91,0
2025-10-20,SKU-008,98.22,64,52.91,0
2025-10-21,SKU-008,95.29,69,52.91,0
2025-10-22,SKU-008,91.85,55,52.91,0
2025-10-23,SKU-008,89.89,67,52.91,0
2025-10-24,SKU-008,98.98,70,52.91,0
2025-10-25,SKU-008,96.06,89,52.91,0
2025-10-26,SKU-008,95.3,93,52.91,0
2025-10-27,SKU-008,95.61,59,52.91,0
2025-10-28,SKU-008,99.56,74,52.91,0
2025-10-29,SKU-008,98.13,46,52.91,0
2025-10-30,SKU-008,84.14,90,52.91,1
2025-10-31,SKU-008,98.63,73,52.91,0
2025-11-01,SKU-008,91.17,77,52.91,0
2025-11-02,SKU-008,94.0,61,52.91,0
2025-11-03,SKU-008,96.01,60,52.91,0
2025-11-04,SKU-008,97.53,71,52.91,0
2025-11-05,SKU-008,93.01,70,52.91,0
2025-11-06,SKU-008,71.57,85,52.91,1
2025-11-07,SKU-008,95.49,79,52.91,0
2025-11-08,SKU-008,93.71,66,52.91,0
2025-11-09,SKU-008,93.45,64,52.91,0
2025-11-10,SKU-008,96.43,53,52.91,0
2025-11-11,SKU-008,97.17,62,52.91,0
2025-11-12,SKU-008,90.97,52,52.91,0
2025-11-13,SKU-008,96.64,66,52.91,0
2025-11-14,SKU-008,94.41,65,52.91,0
2025-11-15,SKU-008,96.51,81,52.91,0
2025-11-16,SKU-008,93.95,88,52.91,0
2025-11-17,SKU-008,93.13,64,52.91,0
2025-11-18,SKU-008,85.49,117,52.91,1
2025-11-19,SKU-008,81.75,96,52.91,1
2025-11-20,SKU-008,98.44,65,52.91,0
2025-11-21,SKU-008,96.56,78,52.91,0
2025-11-22,SKU-008,99.02,69,52.91,0
2025-11-23,SKU-008,77.26,109,52.91,1
2025-11-24,SKU-008,88.58,105,52.91,1
2025-11-25,SKU-008,97.25,63,52.91,0
2025-11-26,SKU-008,78.19,104,52.91,1
2025-11-27,SKU-008,97.34,75,52.91,0
2025-11-28,SKU-008,92.74,45,52.91,0
2025-11-29,SKU-008,100.77,55,52.91,0
2025-11-30,SKU-008,96.92,52,52.91,0
2025-12-01,SKU-008,96.06,62,52.91,0
2025-12-02,SKU-008,91.33,72,52.91,0
2025-12-03,SKU-008,93.69,75,52.91,0
2025-12-04,SKU-008,95.7,43,52.91,0
2025-12-05,SKU-008,97.97,89,52.91,0
2025-12-06,SKU-008,95.56,65,52.91,0
2025-12-07,SKU-008,91.92,86,52.91,0
2025-12-08,SKU-008,82.33,92,52.91,1
2025-12-09,SKU-008,87.62,64,52.91,0
2025-12-10,SKU-008,84.59,86,52.91,1
2025-12-11,SKU-008,95.29,62,52.91,0
2025-12-12,SKU-008,97.95,57,52.91,0
2025-12-13,SKU-008,94.8,73,52.91,0
2025-12-14,SKU-008,73.87,143,52.91,1
2025-12-15,SKU-008,98.44,51,52.91,0
2025-12-16,SKU-008,95.55,63,52.91,0
2025-12-17,SKU-008,77.26,123,52.91,1
2025-12-18,SKU-008,95.52,61,52.91,0
2025-12-19,SKU-008,90.77,64,52.91,0
2025-12-20,SKU-008,99.0,61,52.91,0
2025-12-21,SKU-008,100.89,91,52.91,0
2025-12-22,SKU-008,92.09,78,52.91,0
2025-12-23,SKU-008,92.13,99,52.91,0
2025-12-24,SKU-008,91.31,81,52.91,0
2025-12-25,SKU-008,94.02,74,52.91,0
2025-12-26,SKU-008,91.51,54,52.91,0
2025-12-27,SKU-008,96.45,66,52.91,0
