sales_history.csv
date,sku,price,units,cost,promo_flag
2025-07-01,SKU-015,55.46,19,40.18,0
2025-07-02,SKU-015,59.08,16,40.18,0
2025-07-03,SKU-015,57.01,15,40.18,0
2025-07-04,SKU-015,57.47,18,40.18,0
2025-07-05,SKU-015,56.98,22,40.18,0
2025-07-06,SKU-015,58.06,19,40.18,0
2025-07-07,SKU-015,59.64,17,40.18,0
2025-07-08,SKU-015,58.36,19,40.18,0
2025-07-09,SKU-015,57.92,18,40.18,0
2025-07-10,SKU-015,45.71,39,40.18,1
2025-07-11,SKU-015,60.28,18,40.18,0
2025-07-12,SKU-015,58.76,22,40.18,0
2025-07-13,SKU-015,60.88,15,40.18,0
2025-07-14,SKU-015,60.5,21,40.18,0
2025-07-15,SKU-015,56.2,17,40.18,0
2025-07-16,SKU-015,58.05,19,40.18,0
2025-07-17,SKU-015,60.72,14,40.18,0
2025-07-18,SKU-015,49.66,25,40.18,1
2025-07-19,SKU-015,58.61,19,40.18,0
2025-07-20,SKU-015,56.35,17,40.18,0
2025-07-21,SKU-015,57.07,15,40.18,0
2025-07-22,SKU-015,58.06,17,40.18,0
2025-07-23,SKU-015,57.11,13,40.18,0
2025-07-24,SKU-015,58.2,18,40.18,0
2025-07-25,SKU-015,56.99,20,40.18,0
2025-07-26,SKU-015,57.07,22,40.18,0
2025-07-27,SKU-015,57.6,25,40.18,0
2025-07-28,SKU-015,61.13,13,40.18,0
2025-07-29,SKU-015,59.37,16,40.18,0
2025-07-30,SKU-015,57.86,16,40.18,0
2025-07-31,SKU-015,57.88,13,40.18,0
2025-08-01,SKU-015,56.1,17,40.18,0
2025-08-02,SKU-015,57.92,18,40.18,0
2025-08-03,SKU-015,58.22,17,40.18,0
2025-08-04,SKU-015,60.86,14,40.18,0
2025-08-05,SKU-015,58.83,20,40.18,0
2025-08-06,SKU-015,60.79,12,40.18,0
2025-08-07,SKU-015,56.67,15,40.18,0
2025-08-08,SKU-015,56.18,19,40.18,0
2025-08-09,SKU-015,56.55,15,40.18,0
2025-08-10,SKU-015,56.6,19,40.18,0
2025-08-11,SKU-015,54.96,16,40.18,0
2025-08-12,SKU-015,58.92,24,40.18,0
2025-08-13,SKU-015,55.98,18,40.18,0
2025-08-14,SKU-015,54.38,21,40.18,0
2025-08-15,SKU-015,57.58,24,40.18,0
2025-08-16,SKU-015,57.86,16,40.18,0
2025-08-17,SKU-015,56.22,21,40.18,0
2025-08-18,SKU-015,43.93,42,40.18,1
2025-08-19,SKU-015,53.89,17,40.18,0
2025-08-20,SKU-015,58.5,21,40.18,0
2025-08-21,SKU-015,57.64,19,40.18,0
2025-08-22,SKU-015,47.36,38,40.18,1
2025-08-23,SKU-015,58.8,23,40.18,0
2025-08-24,SKU-015,57.21,14,40.18,0
2025-08-25,SKU-015,59.18,19,40.18,0
2025-08-26,SKU-015,54.03,29,40.18,1
2025-08-27,SKU-015,55.44,15,40.18,0
2025-08-28,SKU-015,61.33,18,40.18,0
2025-08-29,SKU-015,47.32,35,40.18,1
2025-08-30,SKU-015,60.11,16,40.18,0
2025-08-31,SKU-015,59.98,16,40.18,0
2025-09-01,SKU-015,59.5,14,40.18,0
2025-09-02,SKU-015,59.42,18,40.18,0
2025-09-03,SKU-015,59.63,12,40.18,0
2025-09-04,SKU-015,59.62,17,40.18,0
2025-09-05,SKU-015,57.73,19,40.18,0
2025-09-06,SKU-015,58.79,20,40.18,0
2025-09-07,SKU-015,59.01,17,40.18,0
2025-09-08,SKU-015,59.05,17,40.18,0
2025-09-09,SKU-015,57.58,20,40.18,0
2025-09-10,SKU-015,52.79,26,40.18,1
2025-09-11,SKU-015,55.4,21,40.18,0
2025-09-12,SKU-015,57.5,19,40.18,0
2025-09-13,SKU-015,57.47,21,40.18,0
2025-09-14,SKU-015,60.0,17,40.18,0
2025-09-15,SKU-015,47.87,32,40.18,1
2025-09-16,SKU-015,58.81,21,40.18,0
2025-09-17,SKU-015,55.81,14,40.18,0
2025-09-18,SKU-015,57.53,14,40.18,0
2025-09-19,SKU-015,48.31,26,40.18,1
2025-09-20,SKU-015,56.34,17,40.18,0
2025-09-21,SKU-015,57.04,25,40.18,0
2025-09-22,SKU-015,55.96,23,40.18,0
2025-09-23,SKU-015,57.92,15,40.18,0
2025-09-24,SKU-015,57.91,22,40.18,0
2025-09-25,SKU-015,55.19,25,40.18,0
2025-09-26,SKU-015,58.62,20,40.18,0
2025-09-27,SKU-015,56.29,22,40.18,0
2025-09-28,SKU-015,54.1,26,40.18,0
2025-09-29,SKU-015,58.49,17,40.18,0
2025-09-30,SKU-015,46.45,28,40.18,1
2025-10-01,SKU-015,51.51,28,40.18,1
2025-10-02,SKU-015,59.73,18,40.18,0
2025-10-03,SKU-015,45.75,32,40.18,1
2025-10-04,SKU-015,55.97,25,40.18,0
2025-10-05,SKU-015,60.75,17,40.18,0
2025-10-06,SKU-015,58.88,18,40.18,0
2025-10-07,SKU-015,56.67,16,40.18,0
2025-10-08,SKU-015,57.99,23,40.18,0
2025-10-09,SKU-015,57.73,16,40.18,0
2025-10-10,SKU-015,56.67,21,40.18,0
2025-10-11,SKU-015,54.65,23,40.18,0
2025-10-12,SKU-015,56.61,22,40.18,0
2025-10-13,SKU-015,60.51,14,40.18,0
2025-10-14,SKU-015,56.37,22,40.18,0
2025-10-15,SKU-015,56.52,16,40.18,0
2025-10-16,SKU-015,57.92,14,40.18,0
2025-10-17,SKU-015,61.46,17,40.18,0
2025-10-18,SKU-015,45.86,41,40.18,1
2025-10-19,SKU-015,57.71,22,40.18,0
2025-10-20,SKU-015,58.24,15,40.18,0
2025-10-21,SKU-015,56.88,26,40.18,0
2025-10-22,SKU-015,54.09,24,40.18,1
2025-10-23,SKU-015,55.08,27,40.18,0
2025-10-24,SKU-015,42.19,40,40.18,1
2025-10-25,SKU-015,57.62,22,40.18,0
2025-10-26,SKU-015,59.12,23,40.18,0
2025-10-27,SKU-015,57.59,17,40.18,0
2025-10-28,SKU-015,56.03,23,40.18,0
2025-10-29,SKU-015,57.64,22,40.18,0
2025-10-30,SKU-015,56.46,17,40.18,0
2025-10-31,SKU-015,58.45,17,40.18,0
2025-11-01,SKU-015,46.75,47,40.18,1
2025-11-02,SKU-015,52.49,38,40.18,1
2025-11-03,SKU-015,55.59,19,40.18,0
2025-11-04,SKU-015,56.33,16,40.18,0
2025-11-05,SKU-015,58.08,21,40.18,0
2025-11-06,SKU-015,44.18,42,40.18,1
2025-11-07,SKU-015,59.01,18,40.18,0
2025-11-08,SKU-015,58.22,21,40.18,0
2025-11-09,SKU-015,59.08,16,40.18,0
2025-11-10,SKU-015,57.77,19,40.18,0
2025-11-11,SKU-015,59.1,22,40.18,0
2025-11-12,SKU-015,57.51,16,40.18,0
2025-11-13,SKU-015,58.09,23,40.18,0
2025-11-14,SKU-015,51.27,30,40.18,1
2025-11-15,SKU-015,56.27,17,40.18,0
2025-11-16,SKU-015,57.3,25,40.18,0
2025-11-17,SKU-015,50.17,26,40.18,1
2025-11-18,SKU-015,56.42,25,40.18,0
2025-11-19,SKU-015,60.0,12,40.18,0
2025-11-20,SKU-015,58.5,16,40.18,0
2025-11-21,SKU-015,58.18,16,40.18,0
2025-11-22,SKU-015,58.37,28,40.18,0
2025-11-23,SKU-015,62.32,14,40.18,0
2025-11-24,SKU-015,55.36,20,40.18,0
2025-11-25,SKU-015,58.75,21,40.18,0
2025-11-26,SKU-015,54.17,16,40.18,0
2025-11-27,SKU-015,55.48,17,40.18,0
2025-11-28,SKU-015,59.71,16,40.18,0
2025-11-29,SKU-015,59.67,16,40.18,0
2025-11-30,SKU-015,57.41,21,40.18,0
2025-12-01,SKU-015,46.32,52,40.18,1
2025-12-02,SKU-015,59.28,19,40.18,0
2025-12-03,SKU-015,55.68,17,40.18,0
2025-12-04,SKU-015,53.43,41,40.18,1
2025-12-05,SKU-015,54.57,21,40.18,0
2025-12-06,SKU-015,59.61,15,40.18,0
2025-12-07,SKU-015,58.12,25,40.18,0
2025-12-08,SKU-015,57.58,21,40.18,0
2025-12-09,SKU-015,55.17,14,40.18,0
2025-12-10,SKU-015,58.99,15,40.18,0
2025-12-11,SKU-015,59.76,16,40.18,0
2025-12-12,SKU-015,53.18,23,40.18,1
2025-12-13,SKU-015,60.04,15,40.18,0
2025-12-14,SKU-015,56.24,29,40.18,0
2025-12-15,SKU-015,58.99,18,40.18,0
2025-12-16,SKU-015,56.56,23,40.18,0
2025-12-17,SKU-015,58.69,14,40.18,0
2025-12-18,SKU-015,55.79,18,40.18,0
2025-12-19,SKU-015,58.04,17,40.18,0
2025-12-20,SKU-015,55.04,22,40.18,0
2025-12-21,SKU-015,55.31,20,40.18,0
2025-12-22,SKU-015,49.45,34,40.18,1
2025-12-23,SKU-015,57.54,18,40.18,0
2025-12-24,SKU-015,60.13,17,40.18,0
2025-12-25,SKU-015,56.02,18,40.18,0
2025-12-26,SKU-015,54.99,23,40.18,0
2025-12-27,SKU-015,49.18,37,40.18,1
2025-07-01,SKU-016,34.06,10,24.19,0
2025-07-02,SKU-016,31.13,9,24.19,0
2025-07-03,SKU-016,33.42,7,24.19,0
2025-07-04,SKU-016,25.4,10,24.19,1
2025-07-05,SKU-016,34.46,10,24.19,0
2025-07-06,SKU-016,33.67,8,24.19,0
2025-07-07,SKU-016,34.47,10,24.19,0
2025-07-08,SKU-016,28.78,12,24.19,1
2025-07-09,SKU-016,33.49,9,24.19,0
2025-07-10,SKU-016,33.05,10,24.19,0
2025-07-11,SKU-016,34.92,7,24.19,0
2025-07-12,SKU-016,33.47,8,24.19,0
2025-07-13,SKU-016,35.47,12,24.19,0
2025-07-14,SKU-016,33.31,11,24.19,0
2025-07-15,SKU-016,33.33,8,24.19,0
2025-07-16,SKU-016,31.28,12,24.19,0
2025-07-17,SKU-016,32.25,8,24.19,0
2025-07-18,SKU-016,32.61,11,24.19,0
2025-07-19,SKU-016,33.93,10,24.19,0
2025-07-20,SKU-016,35.45,9,24.19,0
2025-07-21,SKU-016,33.34,9,24.19,0
2025-07-22,SKU-016,35.28,7,24.19,0
2025-07-23,SKU-016,32.62,9,24.19,0
2025-07-24,SKU-016,34.94,11,24.19,0
2025-07-25,SKU-016,34.06,9,24.19,0
2025-07-26,SKU-016,32.49,10,24.19,0
2025-07-27,SKU-016,29.01,11,24.19,1
2025-07-28,SKU-016,34.31,5,24.19,0
2025-07-29,SKU-016,34.09,10,24.19,0
2025-07-30,SKU-016,33.77,9,24.19,0
2025-07-31,SKU-016,33.69,10,24.19,0
2025-08-01,SKU-016,34.38,7,24.19,0
2025-08-02,SKU-016,33.77,10,24.19,0
2025-08-03,SKU-016,34.37,9,24.19,0
2025-08-04,SKU-016,26.5,13,24.19,1
2025-08-05,SKU-016,34.43,10,24.19,0
2025-08-06,SKU-016,32.2,10,24.19,0
2025-08-07,SKU-016,33.06,7,24.19,0
2025-08-08,SKU-016,34.25,8,24.19,0
2025-08-09,SKU-016,32.6,10,24.19,0
2025-08-10,SKU-016,29.88,13,24.19,1
2025-08-11,SKU-016,32.81,10,24.19,0
2025-08-12,SKU-016,35.8,8,24.19,0
2025-08-13,SKU-016,32.11,10,24.19,0
2025-08-14,SKU-016,32.53,6,24.19,0
2025-08-15,SKU-016,27.05,11,24.19,1
2025-08-16,SKU-016,30.18,10,24.19,1
2025-08-17,SKU-016,25.86,18,24.19,1
2025-08-18,SKU-016,34.15,7,24.19,0
2025-08-19,SKU-016,31.88,10,24.19,0
2025-08-20,SKU-016,29.38,12,24.19,1
2025-08-21,SKU-016,34.74,6,24.19,0
2025-08-22,SKU-016,33.34,9,24.19,0
2025-08-23,SKU-016,33.25,8,24.19,0
2025-08-24,SKU-016,32.61,7,24.19,0
2025-08-25,SKU-016,34.03,8,24.19,0
2025-08-26,SKU-016,34.03,8,24.19,0
2025-08-27,SKU-016,27.86,12,24.19,1
2025-08-28,SKU-016,34.6,10,24.19,0
2025-08-29,SKU-016,33.25,7,24.19,0
2025-08-30,SKU-016,32.11,7,24.19,0
2025-08-31,SKU-016,34.56,10,24.19,0
2025-09-01,SKU-016,32.28,7,24.19,0
2025-09-02,SKU-016,34.33,8,24.19,0
2025-09-03,SKU-016,34.94,8,24.19,0
2025-09-04,SKU-016,33.09,8,24.19,0
2025-09-05,SKU-016,33.1,11,24.19,0
2025-09-06,SKU-016,33.89,9,24.19,0
2025-09-07,SKU-016,30.65,13,24.19,1
2025-09-08,SKU-016,33.38,13,24.19,1
2025-09-09,SKU-016,30.62,11,24.19,1
2025-09-10,SKU-016,33.44,7,24.19,0
2025-09-11,SKU-016,32.96,7,24.19,0
2025-09-12,SKU-016,28.53,12,24.19,1
2025-09-13,SKU-016,33.42,9,24.19,0
2025-09-14,SKU-016,33.71,6,24.19,0
2025-09-15,SKU-016,33.88,6,24.19,0
2025-09-16,SKU-016,33.5,8,24.19,0
2025-09-17,SKU-016,28.51,13,24.19,1
2025-09-18,SKU-016,33.87,6,24.19,0
2025-09-19,SKU-016,27.53,10,24.19,1
2025-09-20,SKU-016,35.4,12,24.19,0
2025-09-21,SKU-016,27.7,12,24.19,1
2025-09-22,SKU-016,33.95,10,24.19,0
2025-09-23,SKU-016,32.04,10,24.19,0
2025-09-24,SKU-016,31.66,10,24.19,1
2025-09-25,SKU-016,34.83,7,24.19,0
2025-09-26,SKU-016,33.78,8,24.19,0
2025-09-27,SKU-016,34.53,10,24.19,0
2025-09-28,SKU-016,32.48,11,24.19,0
2025-09-29,SKU-016,32.73,11,24.19,0
2025-09-30,SKU-016,34.54,9,24.19,0
2025-10-01,SKU-016,33.21,9,24.19,0
2025-10-02,SKU-016,33.34,8,24.19,0
2025-10-03,SKU-016,33.71,8,24.19,0
2025-10-04,SKU-016,34.85,10,24.19,0
2025-10-05,SKU-016,35.64,9,24.19,0
2025-10-06,SKU-016,32.82,7,24.19,0
2025-10-07,SKU-016,27.85,12,24.19,1
2025-10-08,SKU-016,33.11,10,24.19,0
2025-10-09,SKU-016,34.27,8,24.19,0
2025-10-10,SKU-016,35.22,9,24.19,0
2025-10-11,SKU-016,33.39,11,24.19,0
2025-10-12,SKU-016,32.38,10,24.19,0
2025-10-13,SKU-016,32.39,8,24.19,0
2025-10-14,SKU-016,32.98,10,24.19,0
2025-10-15,SKU-016,29.86,15,24.19,1
2025-10-16,SKU-016,32.21,11,24.19,0
2025-10-17,SKU-016,34.68,10,24.19,0
2025-10-18,SKU-016,34.85,7,24.19,0
2025-10-19,SKU-016,28.42,13,24.19,1
2025-10-20,SKU-016,34.58,9,24.19,0
2025-10-21,SKU-016,27.22,9,24.19,1
2025-10-22,SKU-016,34.05,10,24.19,0
2025-10-23,SKU-016,28.76,11,24.19,1
2025-10-24,SKU-016,32.21,16,24.19,1
2025-10-25,SKU-016,35.82,8,24.19,0
2025-10-26,SKU-016,35.23,9,24.19,0
2025-10-27,SKU-016,31.08,7,24.19,0
2025-10-28,SKU-016,33.47,11,24.19,0
2025-10-29,SKU-016,33.87,9,24.19,0
2025-10-30,SKU-016,33.97,7,24.19,0
2025-10-31,SKU-016,27.59,11,24.19,1
2025-11-01,SKU-016,33.62,11,24.19,0
2025-11-02,SKU-016,33.32,11,24.19,0
2025-11-03,SKU-016,32.16,10,24.19,0
2025-11-04,SKU-016,32.35,8,24.19,0
2025-11-05,SKU-016,33.1,6,24.19,0
2025-11-06,SKU-016,33.29,10,24.19,0
2025-11-07,SKU-016,33.35,9,24.19,0
2025-11-08,SKU-016,33.71,11,24.19,0
2025-11-09,SKU-016,31.44,11,24.19,0
2025-11-10,SKU-016,34.66,9,24.19,0
2025-11-11,SKU-016,33.66,9,24.19,0
2025-11-12,SKU-016,28.69,13,24.19,1
2025-11-13,SKU-016,35.02,8,24.19,0
2025-11-14,SKU-016,34.47,9,24.19,0
2025-11-15,SKU-016,33.17,9,24.19,0
2025-11-16,SKU-016,28.45,12,24.19,1
2025-11-17,SKU-016,25.77,18,24.19,1
2025-11-18,SKU-016,25.66,11,24.19,1
2025-11-19,SKU-016,33.18,7,24.19,0
2025-11-20,SKU-016,32.26,9,24.19,0
2025-11-21,SKU-016,33.99,7,24.19,0
2025-11-22,SKU-016,28.2,11,24.19,1
2025-11-23,SKU-016,33.4,8,24.19,0
2025-11-24,SKU-016,28.49,10,24.19,1
2025-11-25,SKU-016,31.21,11,24.19,0
2025-11-26,SKU-016,35.63,11,24.19,0
2025-11-27,SKU-016,26.46,10,24.19,1
2025-11-28,SKU-016,32.99,9,24.19,0
2025-11-29,SKU-016,33.39,9,24.19,0
2025-11-30,SKU-016,30.72,13,24.19,1
2025-12-01,SKU-016,30.81,8,24.19,1
2025-12-02,SKU-016,35.05,9,24.19,0
2025-12-03,SKU-016,34.72,8,24.19,0
2025-12-04,SKU-016,32.25,11,24.19,0
2025-12-05,SKU-016,35.12,6,24.19,0
2025-12-06,SKU-016,33.41,11,24.19,0
2025-12-07,SKU-016,31.74,9,24.19,0
2025-12-08,SKU-016,32.73,9,24.19,0
2025-12-09,SKU-016,27.96,10,24.19,1
2025-12-10,SKU-016,26.54,11,24.19,1
2025-12-11,SKU-016,34.47,10,24.19,0
2025-12-12,SKU-016,34.06,8,24.19,0
2025-12-13,SKU-016,31.6,11,24.19,0
2025-12-14,SKU-016,33.38,11,24.19,0
2025-12-15,SKU-016,32.25,8,24.19,0
2025-12-16,SKU-016,33.46,7,24.19,0
2025-12-17,SKU-016,34.1,8,24.19,0
2025-12-18,SKU-016,34.78,11,24.19,0
2025-12-19,SKU-016,31.03,9,24.19,0
2025-12-20,SKU-016,35.12,11,24.19,0
2025-12-21,SKU-016,32.29,9,24.19,0
2025-12-22,SKU-016,34.1,10,24.19,0
2025-12-23,SKU-016,33.55,9,24.19,0
2025-12-24,SKU-016,31.38,8,24.19,0
2025-12-25,SKU-016,27.72,11,24.19,1
2025-12-26,SKU-016,26.37,13,24.19,1
2025-12-27,SKU-016,32.79,7,24.19,0
