sales_history.csv
date,sku,price,units,cost,promo_flag
2025-07-01,SKU-017,67.74,52,42.81,0
2025-07-02,SKU-017,69.89,39,42.81,0
2025-07-03,SKU-017,68.64,28,42.81,0
2025-07-04,SKU-017,70.95,46,42.81,0
2025-07-05,SKU-017,70.08,39,42.81,0
2025-07-06,SKU-017,72.33,42,42.81,0
2025-07-07,SKU-017,73.05,33,42.81,0
2025-07-08,SKU-017,68.53,36,42.81,0
2025-07-09,SKU-017,66.94,39,42.81,0
2025-07-10,SKU-017,69.18,39,42.81,0
2025-07-11,SKU-017,56.35,86,42.81,1
2025-07-12,SKU-017,64.36,43,42.81,0
2025-07-13,SKU-017,68.78,52,42.81,0
2025-07-14,SKU-017,71.67,33,42.81,0
2025-07-15,SKU-017,67.28,47,42.81,0
2025-07-16,SKU-017,71.61,34,42.81,0
2025-07-17,SKU-017,53.49,78,42.81,1
2025-07-18,SKU-017,70.55,35,42.81,0
2025-07-19,SKU-017,72.37,49,42.81,0
2025-07-20,SKU-017,72.87,34,42.81,0
2025-07-21,SKU-017,56.22,70,42.81,1
2025-07-22,SKU-017,58.49,79,42.81,1
2025-07-23,SKU-017,70.7,36,42.81,0
2025-07-24,SKU-017,68.95,42,42.81,0
2025-07-25,SKU-017,67.67,41,42.81,0
2025-07-26,SKU-017,71.38,47,42.81,0
2025-07-27,SKU-017,70.91,44,42.81,0
2025-07-28,SKU-017,71.54,41,42.81,0
2025-07-29,SKU-017,70.21,31,42.81,0
2025-07-30,SKU-017,71.89,31,42.81,0
2025-07-31,SKU-017,69.91,34,42.81,0
2025-08-01,SKU-017,68.71,36,42.81,0
2025-08-02,SKU-017,69.7,32,42.81,0
2025-08-03,SKU-017,72.12,33,42.81,0
2025-08-04,SKU-017,68.88,33,42.81,0
2025-08-05,SKU-017,68.33,35,42.81,0
2025-08-06,SKU-017,73.2,31,42.81,0
2025-08-07,SKU-017,68.28,45,42.81,0
2025-08-08,SKU-017,70.68,37,42.81,0
2025-08-09,SKU-017,68.45,51,42.81,0
2025-08-10,SKU-017,71.89,46,42.81,0
2025-08-11,SKU-017,72.11,34,42.81,0
2025-08-12,SKU-017,64.78,65,42.81,1
2025-08-13,SKU-017,67.95,43,42.81,0
2025-08-14,SKU-017,60.54,95,42.81,1
2025-08-15,SKU-017,70.23,44,42.81,0
2025-08-16,SKU-017,62.99,77,42.81,1
2025-08-17,SKU-017,70.11,53,42.81,0
2025-08-18,SKU-017,66.4,55,42.81,1
2025-08-19,SKU-017,70.19,35,42.81,0
2025-08-20,SKU-017,72.3,38,42.81,0
2025-08-21,SKU-017,52.81,68,42.81,1
2025-08-22,SKU-017,67.83,40,42.81,0
2025-08-23,SKU-017,69.36,63,42.81,0
2025-08-24,SKU-017,70.52,62,42.81,0
2025-08-25,SKU-017,69.02,48,42.81,0
2025-08-26,SKU-017,68.64,43,42.81,0
2025-08-27,SKU-017,60.56,85,42.81,1
2025-08-28,SKU-017,54.8,90,42.81,1
2025-08-29,SKU-017,71.66,32,42.81,0
2025-08-30,SKU-017,69.14,31,42.81,0
2025-08-31,SKU-017,69.61,41,42.81,0
2025-09-01,SKU-017,70.25,32,42.81,0
2025-09-02,SKU-017,68.53,42,42.81,0
2025-09-03,SKU-017,73.23,39,42.81,0
2025-09-04,SKU-017,69.81,28,42.81,0
2025-09-05,SKU-017,68.76,50,42.81,0
2025-09-06,SKU-017,69.58,37,42.81,0
2025-09-07,SKU-017,71.1,44,42.81,0
2025-09-08,SKU-017,70.82,39,42.81,0
2025-09-09,SKU-017,73.78,34,42.81,0
2025-09-10,SKU-017,69.95,37,42.81,0
2025-09-11,SKU-017,70.18,31,42.81,0
2025-09-12,SKU-017,57.58,72,42.81,1
2025-09-13,SKU-017,67.55,43,42.81,0
2025-09-14,SKU-017,70.43,45,42.81,0
2025-09-15,SKU-017,71.98,40,42.81,0
2025-09-16,SKU-017,69.4,40,42.81,0
2025-09-17,SKU-017,62.21,80,42.81,1
2025-09-18,SKU-017,65.06,55,42.81,1
2025-09-19,SKU-017,70.41,39,42.81,0
2025-09-20,SKU-017,61.29,70,42.81,1
2025-09-21,SKU-017,55.33,79,42.81,1
2025-09-22,SKU-017,66.19,47,42.81,0
2025-09-23,SKU-017,69.44,39,42.81,0
2025-09-24,SKU-017,72.35,38,42.81,0
2025-09-25,SKU-017,73.87,38,42.81,0
2025-09-26,SKU-017,60.9,96,42.81,1
2025-09-27,SKU-017,71.6,44,42.81,0
2025-09-28,SKU-017,67.29,41,42.81,0
2025-09-29,SKU-017,67.21,43,42.81,0
2025-09-30,SKU-017,69.38,45,42.81,0
2025-10-01,SKU-017,71.29,32,42.81,0
2025-10-02,SKU-017,56.07,89,42.81,1
2025-10-03,SKU-017,70.1,35,42.81,0
2025-10-04,SKU-017,70.63,41,42.81,0
2025-10-05,SKU-017,69.62,41,42.81,0
2025-10-06,SKU-017,70.69,35,42.81,0
2025-10-07,SKU-017,67.4,48,42.81,0
2025-10-08,SKU-017,58.88,86,42.81,1
2025-10-09,SKU-017,67.13,37,42.81,0
2025-10-10,SKU-017,69.62,44,42.81,0
2025-10-11,SKU-017,63.53,68,42.81,1
2025-10-12,SKU-017,59.27,85,42.81,1
2025-10-13,SKU-017,72.28,30,42.81,0
2025-10-14,SKU-017,71.0,43,42.81,0
2025-10-15,SKU-017,71.67,42,42.81,0
2025-10-16,SKU-017,72.76,51,42.81,0
2025-10-17,SKU-017,69.68,42,42.81,0
2025-10-18,SKU-017,71.47,44,42.81,0
2025-10-19,SKU-017,70.5,46,42.81,0
2025-10-20,SKU-017,71.14,36,42.81,0
2025-10-21,SKU-017,68.44,44,42.81,0
2025-10-22,SKU-017,57.91,117,42.81,1
2025-10-23,SKU-017,70.55,37,42.81,0
2025-10-24,SKU-017,69.11,52,42.81,0
2025-10-25,SKU-017,70.16,41,42.81,0
2025-10-26,SKU-017,59.54,84,42.81,1
2025-10-27,SKU-017,62.44,59,42.81,1
2025-10-28,SKU-017,68.44,35,42.81,0
2025-10-29,SKU-017,70.55,48,42.81,0
2025-10-30,SKU-017,64.85,72,42.81,1
2025-10-31,SKU-017,68.6,30,42.81,0
2025-11-01,SKU-017,72.14,44,42.81,0
2025-11-02,SKU-017,55.57,93,42.81,1
2025-11-03,SKU-017,68.7,42,42.81,0
2025-11-04,SKU-017,69.24,43,42.81,0
2025-11-05,SKU-017,70.99,32,42.81,0
2025-11-06,SKU-017,56.56,74,42.81,1
2025-11-07,SKU-017,73.39,31,42.81,0
2025-11-08,SKU-017,69.37,35,42.81,0
2025-11-09,SKU-017,68.72,57,42.81,0
2025-11-10,SKU-017,63.92,84,42.81,1
2025-11-11,SKU-017,71.08,40,42.81,0
2025-11-12,SKU-017,71.98,49,42.81,0
2025-11-13,SKU-017,68.88,36,42.81,0
2025-11-14,SKU-017,61.9,57,42.81,1
2025-11-15,SKU-017,68.4,38,42.81,0
2025-11-16,SKU-017,71.15,58,42.81,0
2025-11-17,SKU-017,69.21,54,42.81,0
2025-11-18,SKU-017,68.42,33,42.81,0
2025-11-19,SKU-017,54.61,106,42.81,1
2025-11-20,SKU-017,70.57,41,42.81,0
2025-11-21,SKU-017,68.87,44,42.81,0
2025-11-22,SKU-017,69.0,46,42.81,0
2025-11-23,SKU-017,72.07,36,42.81,0
2025-11-24,SKU-017,66.71,42,42.81,0
2025-11-25,SKU-017,67.97,55,42.81,0
2025-11-26,SKU-017,69.59,48,42.81,0
2025-11-27,SKU-017,68.47,46,42.81,0
2025-11-28,SKU-017,68.5,46,42.81,0
2025-11-29,SKU-017,67.27,45,42.81,0
2025-11-30,SKU-017,70.47,47,42.81,0
2025-12-01,SKU-017,68.82,35,42.81,0
2025-12-02,SKU-017,63.89,66,42.81,1
2025-12-03,SKU-017,66.88,52,42.81,0
2025-12-04,SKU-017,68.69,40,42.81,0
2025-12-05,SKU-017,73.19,46,42.81,0
2025-12-06,SKU-017,57.86,83,42.81,1
2025-12-07,SKU-017,66.92,44,42.81,0
2025-12-08,SKU-017,67.75,41,42.81,0
2025-12-09,SKU-017,69.65,36,42.81,0
2025-12-10,SKU-017,65.51,40,42.81,0
2025-12-11,SKU-017,68.67,37,42.81,0
2025-12-12,SKU-017,69.01,46,42.81,0
2025-12-13,SKU-017,68.03,34,42.81,0
2025-12-14,SKU-017,57.0,85,42.81,1
2025-12-15,SKU-017,71.48,44,42.81,0
2025-12-16,SKU-017,67.23,39,42.81,0
2025-12-17,SKU-017,72.4,43,42.81,0
2025-12-18,SKU-017,54.75,54,42.81,1
2025-12-19,SKU-017,68.84,35,42.81,0
2025-12-20,SKU-017,71.91,42,42.81,0
2025-12-21,SKU-017,67.97,59,42.81,0
2025-12-22,SKU-017,67.53,37,42.81,0
2025-12-23,SKU-017,70.09,44,42.81,0
2025-12-24,SKU-017,71.95,29,42.81,0
2025-12-25,SKU-017,52.38,111,42.81,1
2025-12-26,SKU-017,70.69,38,42.81,0
2025-12-27,SKU-017,73.28,40,42.81,0
2025-07-01,SKU-018,14.78,95,9.83,0
2025-07-02,SKU-018,13.69,129,9.83,1
2025-07-03,SKU-018,14.54,100,9.83,0
2025-07-04,SKU-018,12.74,160,9.83,1
2025-07-05,SKU-018,12.33,142,9.83,1
2025-07-06,SKU-018,14.95,93,9.83,0
2025-07-07,SKU-018,14.35,110,9.83,0
2025-07-08,SKU-018,14.6,81,9.83,0
2025-07-09,SKU-018,15.01,81,9.83,0
2025-07-10,SKU-018,14.86,91,9.83,0
2025-07-11,SKU-018,15.19,71,9.83,0
2025-07-12,SKU-018,14.92,109,9.83,0
2025-07-13,SKU-018,14.45,97,9.83,0
2025-07-14,SKU-018,15.09,83,9.83,0
2025-07-15,SKU-018,12.41,158,9.83,1
2025-07-16,SKU-018,11.89,169,9.83,1
2025-07-17,SKU-018,15.2,92,9.83,0
2025-07-18,SKU-018,15.06,84,9.83,0
2025-07-19,SKU-018,15.56,65,9.83,0
2025-07-20,SKU-018,12.13,157,9.83,1
2025-07-21,SKU-018,15.61,82,9.83,0
2025-07-22,SKU-018,15.12,61,9.83,0
2025-07-23,SKU-018,15.01,101,9.83,0
2025-07-24,SKU-018,15.13,74,9.83,0
2025-07-25,SKU-018,14.13,66,9.83,0
2025-07-26,SKU-018,14.9,82,9.83,0
2025-07-27,SKU-018,15.32,86,9.83,0
2025-07-28,SKU-018,15.2,80,9.83,0
2025-07-29,SKU-018,15.67,105,9.83,0
2025-07-30,SKU-018,15.25,95,9.83,0
2025-07-31,SKU-018,11.83,168,9.83,1
2025-08-01,SKU-018,14.63,81,9.83,0
2025-08-02,SKU-018,11.35,215,9.83,1
2025-08-03,SKU-018,14.79,96,9.83,0
2025-08-04,SKU-018,14.03,146,9.83,1
2025-08-05,SKU-018,15.53,74,9.83,0
2025-08-06,SKU-018,15.94,67,9.83,0
2025-08-07,SKU-018,15.08,68,9.83,0
2025-08-08,SKU-018,15.05,80,9.83,0
2025-08-09,SKU-018,14.02,86,9.83,0
2025-08-10,SKU-018,15.14,86,9.83,0
2025-08-11,SKU-018,14.66,55,9.83,0
2025-08-12,SKU-018,14.91,77,9.83,0
2025-08-13,SKU-018,15.63,94,9.83,0
2025-08-14,SKU-018,15.22,64,9.83,0
2025-08-15,SKU-018,15.67,70,9.83,0
2025-08-16,SKU-018,15.09,81,9.83,0
2025-08-17,SKU-018,15.99,74,9.83,0
2025-08-18,SKU-018,14.96,95,9.83,0
2025-08-19,SKU-018,15.26,95,9.83,0
2025-08-20,SKU-018,15.37,112,9.83,0
2025-08-21,SKU-018,15.5,61,9.83,0
2025-08-22,SKU-018,13.41,141,9.83,1
2025-08-23,SKU-018,14.6,81,9.83,0
2025-08-24,SKU-018,14.48,97,9.83,0
2025-08-25,SKU-018,14.91,56,9.83,0
2025-08-26,SKU-018,15.69,101,9.83,0
2025-08-27,SKU-018,15.89,76,9.83,0
2025-08-28,SKU-018,11.29,277,9.83,1
2025-08-29,SKU-018,15.27,93,9.83,0
2025-08-30,SKU-018,14.74,73,9.83,0
2025-08-31,SKU-018,15.86,79,9.83,0
2025-09-01,SKU-018,14.91,73,9.83,0
2025-09-02,SKU-018,15.49,80,9.83,0
2025-09-03,SKU-018,14.11,75,9.83,0
2025-09-04,SKU-018,15.19,89,9.83,0
2025-09-05,SKU-018,14.61,103,9.83,0
2025-09-06,SKU-018,15.0,68,9.83,0
2025-09-07,SKU-018,14.66,112,9.83,0
2025-09-08,SKU-018,15.48,67,9.83,0
2025-09-09,SKU-018,15.05,71,9.83,0
2025-09-10,SKU-018,15.6,56,9.83,0
2025-09-11,SKU-018,15.67,79,9.83,0
2025-09-12,SKU-018,14.63,86,9.83,0
2025-09-13,SKU-018,15.68,61,9.83,0
2025-09-14,SKU-018,11.58,226,9.83,1
2025-09-15,SKU-018,15.5,59,9.83,0
2025-09-16,SKU-018,14.2,137,9.83,1
2025-09-17,SKU-018,14.81,90,9.83,0
2025-09-18,SKU-018,15.27,89,9.83,0
2025-09-19,SKU-018,14.2,139,9.83,1
2025-09-20,SKU-018,14.81,63,9.83,0
2025-09-21,SKU-018,14.72,74,9.83,0
2025-09-22,SKU-018,13.41,136,9.83,1
2025-09-23,SKU-018,14.95,82,9.83,0
2025-09-24,SKU-018,15.23,75,9.83,0
2025-09-25,SKU-018,15.32,90,9.83,0
2025-09-26,SKU-018,15.23,77,9.83,0
2025-09-27,SKU-018,16.07,81,9.83,0
2025-09-28,SKU-018,15.6,86,9.83,0
2025-09-29,SKU-018,14.42,83,9.83,0
2025-09-30,SKU-018,15.04,83,9.83,0
2025-10-01,SKU-018,14.81,62,9.83,0
2025-10-02,SKU-018,12.45,210,9.83,1
2025-10-03,SKU-018,16.31,64,9.83,0
2025-10-04,SKU-018,13.88,63,9.83,0
2025-10-05,SKU-018,14.83,95,9.83,0
2025-10-06,SKU-018,14.43,84,9.83,0
2025-10-07,SKU-018,15.54,83,9.83,0
2025-10-08,SKU-018,15.98,87,9.83,0
2025-10-09,SKU-018,13.11,132,9.83,1
2025-10-10,SKU-018,13.24,147,9.83,1
2025-10-11,SKU-018,12.39,189,9.83,1
2025-10-12,SKU-018,14.04,118,9.83,1
2025-10-13,SKU-018,14.02,107,9.83,0
2025-10-14,SKU-018,14.66,86,9.83,0
2025-10-15,SKU-018,14.44,107,9.83,0
2025-10-16,SKU-018,14.31,70,9.83,1
2025-10-17,SKU-018,14.75,87,9.83,0
2025-10-18,SKU-018,15.24,80,9.83,0
2025-10-19,SKU-018,15.2,67,9.83,0
2025-10-20,SKU-018,15.76,76,9.83,0
2025-10-21,SKU-018,13.16,165,9.83,1
2025-10-22,SKU-018,15.35,73,9.83,0
2025-10-23,SKU-018,15.71,87,9.83,0
2025-10-24,SKU-018,15.31,94,9.83,0
2025-10-25,SKU-018,15.38,63,9.83,0
2025-10-26,SKU-018,14.82,119,9.83,0
2025-10-27,SKU-018,14.94,63,9.83,0
2025-10-28,SKU-018,14.88,74,9.83,0
2025-10-29,SKU-018,12.0,196,9.83,1
2025-10-30,SKU-018,15.2,57,9.83,0
2025-10-31,SKU-018,15.74,64,9.83,0
2025-11-01,SKU-018,16.0,75,9.83,0
2025-11-02,SKU-018,14.65,119,9.83,0
2025-11-03,SKU-018,15.73,61,9.83,0
2025-11-04,SKU-018,15.95,72,9.83,0
2025-11-05,SKU-018,14.14,97,9.83,1
2025-11-06,SKU-018,15.59,75,9.83,0
2025-11-07,SKU-018,15.58,71,9.83,0
2025-11-08,SKU-018,14.83,112,9.83,0
2025-11-09,SKU-018,14.17,102,9.83,0
2025-11-10,SKU-018,15.43,78,9.83,0
2025-11-11,SKU-018,11.74,168,9.83,1
2025-11-12,SKU-018,15.43,95,9.83,0
2025-11-13,SKU-018,15.21,66,9.83,0
2025-11-14,SKU-018,15.23,100,9.83,0
2025-11-15,SKU-018,15.21,79,9.83,0
2025-11-16,SKU-018,15.43,94,9.83,0
2025-11-17,SKU-018,14.65,82,9.83,0
2025-11-18,SKU-018,14.48,78,9.83,0
2025-11-19,SKU-018,11.8,195,9.83,1
2025-11-20,SKU-018,13.7,130,9.83,1
2025-11-21,SKU-018,15.28,67,9.83,0
2025-11-22,SKU-018,15.31,111,9.83,0
2025-11-23,SKU-018,14.16,110,9.83,1
2025-11-24,SKU-018,14.58,75,9.83,0
2025-11-25,SKU-018,11.53,152,9.83,1
2025-11-26,SKU-018,15.47,69,9.83,0
2025-11-27,SKU-018,15.41,57,9.83,0
2025-11-28,SKU-018,14.72,76,9.83,0
2025-11-29,SKU-018,15.59,84,9.83,0
2025-11-30,SKU-018,15.12,82,9.83,0
2025-12-01,SKU-018,13.85,129,9.83,1
2025-12-02,SKU-018,15.4,98,9.83,0
2025-12-03,SKU-018,15.31,82,9.83,0
2025-12-04,SKU-018,14.46,89,9.83,0
2025-12-05,SKU-018,14.88,94,9.83,0
2025-12-06,SKU-018,15.46,111,9.83,0
2025-12-07,SKU-018,15.95,76,9.83,0
2025-12-08,SKU-018,15.11,84,9.83,0
2025-12-09,SKU-018,15.11,80,9.83,0
2025-12-10,SKU-018,15.39,64,9.83,0
2025-12-11,SKU-018,14.53,85,9.83,0
2025-12-12,SKU-018,15.91,59,9.83,0
2025-12-13,SKU-018,15.16,86,9.83,0
2025-12-14,SKU-018,14.98,108,9.83,1
2025-12-15,SKU-018,14.57,88,9.83,0
2025-12-16,SKU-018,15.13,67,9.83,0
2025-12-17,SKU-018,14.96,93,9.83,0
2025-12-18,SKU-018,14.49,93,9.83,0
2025-12-19,SKU-018,15.11,68,9.83,0
2025-12-20,SKU-018,15.1,66,9.83,0
2025-12-21,SKU-018,15.78,74,9.83,0
2025-12-22,SKU-018,15.24,83,9.83,0
2025-12-23,SKU-018,15.37,82,9.83,0
2025-12-24,SKU-018,15.26,77,9.83,0
2025-12-25,SKU-018,15.86,74,9.83,0
2025-12-26,SKU-018,15.28,68,9.83,0
2025-12-27,SKU-018,16.0,85,9.83,0
