sales_history.csv
date,sku,price,units,cost,promo_flag
2025-07-01,SKU-019,97.46,61,50.24,0
2025-07-02,SKU-019,102.16,62,50.24,0
2025-07-03,SKU-019,84.71,113,50.24,1
2025-07-04,SKU-019,102.24,69,50.24,0
2025-07-05,SKU-019,98.04,76,50.24,0
2025-07-06,SKU-019,106.02,66,50.24,0
2025-07-07,SKU-019,102.39,74,50.24,0
2025-07-08,SKU-019,99.84,68,50.24,0
2025-07-09,SKU-019,102.12,68,50.24,0
2025-07-10,SKU-019,102.7,65,50.24,0
2025-07-11,SKU-019,97.26,121,50.24,1
2025-07-12,SKU-019,103.78,66,50.24,0
2025-07-13,SKU-019,103.88,68,50.24,0
2025-07-14,SKU-019,102.63,101,50.24,0
2025-07-15,SKU-019,99.69,64,50.24,0
2025-07-16,SKU-019,95.16,121,50.24,1
2025-07-17,SKU-019,104.51,63,50.24,0
2025-07-18,SKU-019,79.01,159,50.24,1
2025-07-19,SKU-019,102.31,82,50.24,0
2025-07-20,SKU-019,102.34,91,50.24,0
2025-07-21,SKU-019,101.59,64,50.24,0
2025-07-22,SKU-019,102.99,58,50.24,0
2025-07-23,SKU-019,100.98,77,50.24,0
2025-07-24,SKU-019,102.68,74,50.24,0
2025-07-25,SKU-019,78.81,199,50.24,1
2025-07-26,SKU-019,88.3,172,50.24,1
2025-07-27,SKU-019,104.72,59,50.24,0
2025-07-28,SKU-019,100.64,60,50.24,0
2025-07-29,SKU-019,99.71,62,50.24,0
2025-07-30,SKU-019,101.95,49,50.24,0
2025-07-31,SKU-019,103.61,80,50.24,0
2025-08-01,SKU-019,94.74,80,50.24,0
2025-08-02,SKU-019,98.25,64,50.24,0
2025-08-03,SKU-019,100.91,66,50.24,0
2025-08-04,SKU-019,105.05,69,50.24,0
2025-08-05,SKU-019,104.31,73,50.24,0
2025-08-06,SKU-019,101.2,87,50.24,0
2025-08-07,SKU-019,102.02,65,50.24,0
2025-08-08,SKU-019,97.34,68,50.24,0
2025-08-09,SKU-019,101.24,125,50.24,0
2025-08-10,SKU-019,102.2,66,50.24,0
2025-08-11,SKU-019,99.6,92,50.24,0
2025-08-12,SKU-019,106.35,50,50.24,0
2025-08-13,SKU-019,77.78,185,50.24,1
2025-08-14,SKU-019,102.02,65,50.24,0
2025-08-15,SKU-019,99.35,103,50.24,0
2025-08-16,SKU-019,100.08,88,50.24,0
2025-08-17,SKU-019,78.24,163,50.24,1
2025-08-18,SKU-019,104.57,67,50.24,0
2025-08-19,SKU-019,100.24,78,50.24,0
2025-08-20,SKU-019,103.64,67,50.24,0
2025-08-21,SKU-019,102.22,78,50.24,0
2025-08-22,SKU-019,102.06,101,50.24,0
2025-08-23,SKU-019,100.54,64,50.24,0
2025-08-24,SKU-019,98.04,161,50.24,1
2025-08-25,SKU-019,97.04,75,50.24,0
2025-08-26,SKU-019,96.3,80,50.24,0
2025-08-27,SKU-019,101.2,81,50.24,0
2025-08-28,SKU-019,98.19,74,50.24,0
2025-08-29,SKU-019,101.3,74,50.24,0
2025-08-30,SKU-019,99.18,76,50.24,0
2025-08-31,SKU-019,108.79,83,50.24,0
2025-09-01,SKU-019,95.0,119,50.24,1
2025-09-02,SKU-019,90.55,159,50.24,1
2025-09-03,SKU-019,100.83,63,50.24,0
2025-09-04,SKU-019,79.36,237,50.24,1
2025-09-05,SKU-019,103.06,101,50.24,0
2025-09-06,SKU-019,74.0,154,50.24,1
2025-09-07,SKU-019,99.72,102,50.24,0
2025-09-08,SKU-019,103.8,71,50.24,0
2025-09-09,SKU-019,90.33,91,50.24,1
2025-09-10,SKU-019,101.26,47,50.24,0
2025-09-11,SKU-019,101.01,59,50.24,0
2025-09-12,SKU-019,101.14,69,50.24,0
2025-09-13,SKU-019,96.76,107,50.24,0
2025-09-14,SKU-019,97.11,56,50.24,0
2025-09-15,SKU-019,98.35,86,50.24,0
2025-09-16,SKU-019,99.17,66,50.24,0
2025-09-17,SKU-019,87.28,125,50.24,1
2025-09-18,SKU-019,100.57,73,50.24,0
2025-09-19,SKU-019,99.28,96,50.24,0
2025-09-20,SKU-019,99.03,73,50.24,0
2025-09-21,SKU-019,77.58,287,50.24,1
2025-09-22,SKU-019,103.32,57,50.24,0
2025-09-23,SKU-019,104.03,45,50.24,0
2025-09-24,SKU-019,101.88,66,50.24,0
2025-09-25,SKU-019,101.3,106,50.24,0
2025-09-26,SKU-019,100.53,62,50.24,0
2025-09-27,SKU-019,101.99,66,50.24,0
2025-09-28,SKU-019,98.16,86,50.24,0
2025-09-29,SKU-019,98.77,74,50.24,0
2025-09-30,SKU-019,87.7,180,50.24,1
2025-10-01,SKU-019,101.38,67,50.24,0
2025-10-02,SKU-019,100.32,79,50.24,0
2025-10-03,SKU-019,107.78,74,50.24,0
2025-10-04,SKU-019,102.13,73,50.24,0
2025-10-05,SKU-019,83.52,140,50.24,1
2025-10-06,SKU-019,102.34,64,50.24,0
2025-10-07,SKU-019,100.59,77,50.24,0
2025-10-08,SKU-019,97.25,63,50.24,0
2025-10-09,SKU-019,98.93,149,50.24,1
2025-10-10,SKU-019,83.28,149,50.24,1
2025-10-11,SKU-019,92.37,140,50.24,1
2025-10-12,SKU-019,99.52,74,50.24,0
2025-10-13,SKU-019,102.42,77,50.24,0
2025-10-14,SKU-019,98.99,79,50.24,0
2025-10-15,SKU-019,75.38,169,50.24,1
2025-10-16,SKU-019,82.33,145,50.24,1
2025-10-17,SKU-019,96.26,89,50.24,0
2025-10-18,SKU-019,96.73,77,50.24,0
2025-10-19,SKU-019,82.72,212,50.24,1
2025-10-20,SKU-019,101.47,59,50.24,0
2025-10-21,SKU-019,98.91,64,50.24,0
2025-10-22,SKU-019,98.43,66,50.24,0
2025-10-23,SKU-019,102.89,54,50.24,0
2025-10-24,SKU-019,101.82,71,50.24,0
2025-10-25,SKU-019,76.51,198,50.24,1
2025-10-26,SKU-019,103.65,102,50.24,0
2025-10-27,SKU-019,101.63,70,50.24,0
2025-10-28,SKU-019,103.61,74,50.24,0
2025-10-29,SKU-019,103.54,64,50.24,0
2025-10-30,SKU-019,104.01,72,50.24,0
2025-10-31,SKU-019,91.51,92,50.24,1
2025-11-01,SKU-019,100.53,60,50.24,0
2025-11-02,SKU-019,82.59,180,50.24,1
2025-11-03,SKU-019,103.01,62,50.24,0
2025-11-04,SKU-019,100.54,73,50.24,0
2025-11-05,SKU-019,92.39,155,50.24,1
2025-11-06,SKU-019,101.56,67,50.24,0
2025-11-07,SKU-019,94.94,90,50.24,0
2025-11-08,SKU-019,91.99,239,50.24,1
2025-11-09,SKU-019,99.47,90,50.24,0
2025-11-10,SKU-019,90.27,127,50.24,1
2025-11-11,SKU-019,104.08,67,50.24,0
2025-11-12,SKU-019,101.93,68,50.24,0
2025-11-13,SKU-019,95.38,93,50.24,0
2025-11-14,SKU-019,96.23,91,50.24,0
2025-11-15,SKU-019,98.8,62,50.24,0
2025-11-16,SKU-019,100.64,64,50.24,0
2025-11-17,SKU-019,101.21,67,50.24,0
2025-11-18,SKU-019,104.2,65,50.24,0
2025-11-19,SKU-019,95.96,49,50.24,0
2025-11-20,SKU-019,76.33,192,50.24,1
2025-11-21,SKU-019,101.38,96,50.24,0
2025-11-22,SKU-019,103.16,84,50.24,0
2025-11-23,SKU-019,99.84,88,50.24,0
2025-11-24,SKU-019,105.23,57,50.24,0
2025-11-25,SKU-019,96.85,73,50.24,0
2025-11-26,SKU-019,101.23,62,50.24,0
2025-11-27,SKU-019,99.5,78,50.24,0
2025-11-28,SKU-019,96.4,77,50.24,0
2025-11-29,SKU-019,101.74,53,50.24,0
2025-11-30,SKU-019,94.71,73,50.24,0
2025-12-01,SKU-019,79.62,158,50.24,1
2025-12-02,SKU-019,105.1,67,50.24,0
2025-12-03,SKU-019,100.51,56,50.24,0
2025-12-04,SKU-019,105.31,53,50.24,0
2025-12-05,SKU-019,107.56,55,50.24,0
2025-12-06,SKU-019,73.03,245,50.24,1
2025-12-07,SKU-019,98.63,82,50.24,0
2025-12-08,SKU-019,99.05,67,50.24,0
2025-12-09,SKU-019,77.24,187,50.24,1
2025-12-10,SKU-019,97.42,98,50.24,0
2025-12-11,SKU-019,99.07,91,50.24,0
2025-12-12,SKU-019,99.75,74,50.24,0
2025-12-13,SKU-019,100.55,80,50.24,0
2025-12-14,SKU-019,91.64,124,50.24,1
2025-12-15,SKU-019,105.37,82,50.24,0
2025-12-16,SKU-019,98.16,69,50.24,0
2025-12-17,SKU-019,96.43,108,50.24,1
2025-12-18,SKU-019,102.16,53,50.24,0
2025-12-19,SKU-019,78.3,195,50.24,1
2025-12-20,SKU-019,104.35,73,50.24,0
2025-12-21,SKU-019,94.28,207,50.24,1
2025-12-22,SKU-019,101.23,66,50.24,0
2025-12-23,SKU-019,102.74,47,50.24,0
2025-12-24,SKU-019,101.24,50,50.24,0
2025-12-25,SKU-019,98.04,69,50.24,0
2025-12-26,SKU-019,101.12,74,50.24,0
2025-12-27,SKU-019,100.16,96,50.24,0
2025-07-01,SKU-020,74.81,62,38.59,0
2025-07-02,SKU-020,78.5,51,38.59,0
2025-07-03,SKU-020,82.66,69,38.59,0
2025-07-04,SKU-020,75.74,54,38.59,0
2025-07-05,SKU-020,77.52,62,38.59,0
2025-07-06,SKU-020,59.49,104,38.59,1
2025-07-07,SKU-020,63.81,85,38.59,1
2025-07-08,SKU-020,81.71,101,38.59,0
2025-07-09,SKU-020,63.19,94,38.59,1
2025-07-10,SKU-020,80.64,57,38.59,0
2025-07-11,SKU-020,56.36,84,38.59,1
2025-07-12,SKU-020,78.93,74,38.59,0
2025-07-13,SKU-020,59.61,135,38.59,1
2025-07-14,SKU-020,76.25,74,38.59,0
2025-07-15,SKU-020,74.06,79,38.59,0
2025-07-16,SKU-020,65.14,84,38.59,1
2025-07-17,SKU-020,79.21,55,38.59,0
2025-07-18,SKU-020,79.99,62,38.59,0
2025-07-19,SKU-020,79.6,77,38.59,0
2025-07-20,SKU-020,81.86,63,38.59,0
2025-07-21,SKU-020,79.6,67,38.59,0
2025-07-22,SKU-020,78.36,71,38.59,0
2025-07-23,SKU-020,83.57,49,38.59,0
2025-07-24,SKU-020,77.94,60,38.59,0
2025-07-25,SKU-020,79.1,45,38.59,0
2025-07-26,SKU-020,68.27,94,38.59,1
2025-07-27,SKU-020,61.94,81,38.59,1
2025-07-28,SKU-020,82.22,77,38.59,0
2025-07-29,SKU-020,79.29,68,38.59,0
2025-07-30,SKU-020,80.17,64,38.59,0
2025-07-31,SKU-020,62.98,91,38.59,1
2025-08-01,SKU-020,61.85,85,38.59,1
2025-08-02,SKU-020,78.29,63,38.59,0
2025-08-03,SKU-020,61.21,101,38.59,1
2025-08-04,SKU-020,85.12,80,38.59,0
2025-08-05,SKU-020,83.08,49,38.59,0
2025-08-06,SKU-020,63.58,89,38.59,1
2025-08-07,SKU-020,79.81,67,38.59,0
2025-08-08,SKU-020,75.53,65,38.59,0
2025-08-09,SKU-020,77.12,82,38.59,0
2025-08-10,SKU-020,82.25,97,38.59,0
2025-08-11,SKU-020,79.21,51,38.59,0
2025-08-12,SKU-020,79.76,73,38.59,0
2025-08-13,SKU-020,79.09,55,38.59,0
2025-08-14,SKU-020,78.07,79,38.59,0
2025-08-15,SKU-020,76.79,65,38.59,0
2025-08-16,SKU-020,77.35,87,38.59,0
2025-08-17,SKU-020,77.95,56,38.59,0
2025-08-18,SKU-020,81.77,55,38.59,0
2025-08-19,SKU-020,79.65,74,38.59,0
2025-08-20,SKU-020,59.79,58,38.59,1
2025-08-21,SKU-020,80.22,49,38.59,0
2025-08-22,SKU-020,65.39,66,38.59,1
2025-08-23,SKU-020,65.74,101,38.59,1
2025-08-24,SKU-020,78.61,62,38.59,0
2025-08-25,SKU-020,65.09,99,38.59,1
2025-08-26,SKU-020,72.13,55,38.59,1
2025-08-27,SKU-020,76.9,54,38.59,0
2025-08-28,SKU-020,79.09,57,38.59,0
2025-08-29,SKU-020,78.39,63,38.59,0
2025-08-30,SKU-020,78.79,54,38.59,0
2025-08-31,SKU-020,77.89,68,38.59,0
2025-09-01,SKU-020,79.15,71,38.59,0
2025-09-02,SKU-020,81.68,93,38.59,0
2025-09-03,SKU-020,78.19,37,38.59,0
2025-09-04,SKU-020,78.37,74,38.59,0
2025-09-05,SKU-020,78.79,65,38.59,0
2025-09-06,SKU-020,81.04,67,38.59,0
2025-09-07,SKU-020,80.75,49,38.59,0
2025-09-08,SKU-020,78.28,41,38.59,0
2025-09-09,SKU-020,71.42,52,38.59,1
2025-09-10,SKU-020,73.59,62,38.59,0
2025-09-11,SKU-020,57.65,100,38.59,1
2025-09-12,SKU-020,82.13,56,38.59,0
2025-09-13,SKU-020,81.3,75,38.59,0
2025-09-14,SKU-020,80.53,63,38.59,0
2025-09-15,SKU-020,58.65,67,38.59,1
2025-09-16,SKU-020,79.34,66,38.59,0
2025-09-17,SKU-020,80.06,46,38.59,0
2025-09-18,SKU-020,78.83,78,38.59,0
2025-09-19,SKU-020,80.63,63,38.59,0
2025-09-20,SKU-020,79.95,72,38.59,0
2025-09-21,SKU-020,81.54,61,38.59,0
2025-09-22,SKU-020,78.76,61,38.59,0
2025-09-23,SKU-020,81.57,59,38.59,0
2025-09-24,SKU-020,63.08,66,38.59,1
2025-09-25,SKU-020,76.89,60,38.59,0
2025-09-26,SKU-020,76.63,42,38.59,0
2025-09-27,SKU-020,77.69,84,38.59,0
2025-09-28,SKU-020,78.62,58,38.59,0
2025-09-29,SKU-020,76.92,58,38.59,0
2025-09-30,SKU-020,80.38,83,38.59,0
2025-10-01,SKU-020,75.96,44,38.59,0
2025-10-02,SKU-020,78.85,67,38.59,0
2025-10-03,SKU-020,79.42,59,38.59,0
2025-10-04,SKU-020,77.04,61,38.59,0
2025-10-05,SKU-020,79.24,56,38.59,0
2025-10-06,SKU-020,77.96,53,38.59,0
2025-10-07,SKU-020,77.44,73,38.59,0
2025-10-08,SKU-020,76.03,46,38.59,0
2025-10-09,SKU-020,78.94,56,38.59,0
2025-10-10,SKU-020,58.89,95,38.59,1
2025-10-11,SKU-020,75.88,55,38.59,0
2025-10-12,SKU-020,79.77,63,38.59,0
2025-10-13,SKU-020,78.06,62,38.59,0
2025-10-14,SKU-020,69.86,90,38.59,1
2025-10-15,SKU-020,71.58,57,38.59,1
2025-10-16,SKU-020,77.76,54,38.59,0
2025-10-17,SKU-020,61.12,73,38.59,1
2025-10-18,SKU-020,79.75,50,38.59,0
2025-10-19,SKU-020,83.3,72,38.59,0
2025-10-20,SKU-020,80.29,66,38.59,0
2025-10-21,SKU-020,79.6,54,38.59,0
2025-10-22,SKU-020,76.8,77,38.59,0
2025-10-23,SKU-020,72.94,62,38.59,0
2025-10-24,SKU-020,78.82,63,38.59,0
2025-10-25,SKU-020,80.55,70,38.59,0
2025-10-26,SKU-020,77.33,89,38.59,0
2025-10-27,SKU-020,77.86,79,38.59,0
2025-10-28,SKU-020,77.26,54,38.59,0
2025-10-29,SKU-020,80.42,70,38.59,0
2025-10-30,SKU-020,79.92,59,38.59,0
2025-10-31,SKU-020,65.95,76,38.59,1
2025-11-01,SKU-020,75.48,69,38.59,0
2025-11-02,SKU-020,81.6,74,38.59,0
2025-11-03,SKU-020,64.7,74,38.59,1
2025-11-04,SKU-020,75.31,70,38.59,0
2025-11-05,SKU-020,80.76,73,38.59,0
2025-11-06,SKU-020,77.6,53,38.59,0
2025-11-07,SKU-020,70.84,78,38.59,1
2025-11-08,SKU-020,77.76,80,38.59,0
2025-11-09,SKU-020,77.06,75,38.59,0
2025-11-10,SKU-020,83.63,53,38.59,0
2025-11-11,SKU-020,76.74,63,38.59,0
2025-11-12,SKU-020,64.32,86,38.59,1
2025-11-13,SKU-020,79.22,70,38.59,0
2025-11-14,SKU-020,74.98,70,38.59,1
2025-11-15,SKU-020,81.95,65,38.59,0
2025-11-16,SKU-020,75.94,71,38.59,0
2025-11-17,SKU-020,75.09,75,38.59,0
2025-11-18,SKU-020,78.55,60,38.59,0
2025-11-19,SKU-020,78.16,43,38.59,0
2025-11-20,SKU-020,76.44,71,38.59,0
2025-11-21,SKU-020,80.47,43,38.59,0
2025-11-22,SKU-020,84.0,59,38.59,0
2025-11-23,SKU-020,66.64,90,38.59,1
2025-11-24,SKU-020,80.39,82,38.59,0
2025-11-25,SKU-020,80.93,63,38.59,0
2025-11-26,SKU-020,77.26,42,38.59,0
2025-11-27,SKU-020,74.16,60,38.59,0
2025-11-28,SKU-020,74.05,67,38.59,0
2025-11-29,SKU-020,80.21,87,38.59,0
2025-11-30,SKU-020,64.79,118,38.59,1
2025-12-01,SKU-020,79.32,78,38.59,0
2025-12-02,SKU-020,76.12,52,38.59,0
2025-12-03,SKU-020,81.46,77,38.59,0
2025-12-04,SKU-020,79.88,60,38.59,0
2025-12-05,SKU-020,83.09,66,38.59,0
2025-12-06,SKU-020,80.18,96,38.59,0
2025-12-07,SKU-020,80.35,73,38.59,0
2025-12-08,SKU-020,81.02,52,38.59,0
2025-12-09,SKU-020,81.2,52,38.59,0
2025-12-10,SKU-020,77.61,82,38.59,0
2025-12-11,SKU-020,76.1,62,38.59,0
2025-12-12,SKU-020,77.8,48,38.59,0
2025-12-13,SKU-020,77.74,95,38.59,0
2025-12-14,SKU-020,81.0,91,38.59,0
2025-12-15,SKU-020,75.82,76,38.59,0
2025-12-16,SKU-020,67.82,92,38.59,1
2025-12-17,SKU-020,63.44,98,38.59,1
2025-12-18,SKU-020,79.11,41,38.59,0
2025-12-19,SKU-020,78.39,57,38.59,0
2025-12-20,SKU-020,80.48,60,38.59,0
2025-12-21,SKU-020,76.8,87,38.59,0
2025-12-22,SKU-020,80.19,77,38.59,0
2025-12-23,SKU-020,77.79,53,38.59,0
2025-12-24,SKU-020,74.36,63,38.59,0
2025-12-25,SKU-020,78.59,62,38.59,0
2025-12-26,SKU-020,59.39,66,38.59,1
2025-12-27,SKU-020,83.24,72,38.59,0
