sales_history.csv
date,sku,price,units,cost,promo_flag
2025-07-01,SKU-021,92.25,69,63.54,0
2025-07-02,SKU-021,72.08,105,63.54,1
2025-07-03,SKU-021,97.01,73,63.54,0
2025-07-04,SKU-021,95.8,106,63.54,0
2025-07-05,SKU-021,91.63,84,63.54,1
2025-07-06,SKU-021,98.85,75,63.54,0
2025-07-07,SKU-021,87.76,95,63.54,0
2025-07-08,SKU-021,74.97,94,63.54,1
2025-07-09,SKU-021,92.0,60,63.54,0
2025-07-10,SKU-021,93.92,62,63.54,0
2025-07-11,SKU-021,90.92,67,63.54,0
2025-07-12,SKU-021,68.65,154,63.54,1
2025-07-13,SKU-021,90.59,106,63.54,0
2025-07-14,SKU-021,93.99,72,63.54,0
2025-07-15,SKU-021,95.51,61,63.54,0
2025-07-16,SKU-021,95.16,82,63.54,0
2025-07-17,SKU-021,89.82,89,63.54,0
2025-07-18,SKU-021,93.19,75,63.54,0
2025-07-19,SKU-021,90.95,54,63.54,0
2025-07-20,SKU-021,91.01,98,63.54,0
2025-07-21,SKU-021,91.84,121,63.54,0
2025-07-22,SKU-021,98.02,78,63.54,0
2025-07-23,SKU-021,92.04,78,63.54,0
2025-07-24,SKU-021,83.87,69,63.54,1
2025-07-25,SKU-021,89.49,83,63.54,0
2025-07-26,SKU-021,96.16,89,63.54,0
2025-07-27,SKU-021,94.7,124,63.54,0
2025-07-28,SKU-021,72.21,104,63.54,1
2025-07-29,SKU-021,93.08,66,63.54,0
2025-07-30,SKU-021,92.49,65,63.54,0
2025-07-31,SKU-021,90.52,68,63.54,0
2025-08-01,SKU-021,94.98,80,63.54,0
2025-08-02,SKU-021,91.62,65,63.54,0
2025-08-03,SKU-021,91.97,53,63.54,0
2025-08-04,SKU-021,89.39,68,63.54,0
2025-08-05,SKU-021,93.97,78,63.54,0
2025-08-06,SKU-021,88.87,67,63.54,0
2025-08-07,SKU-021,99.47,69,63.54,0
2025-08-08,SKU-021,87.98,75,63.54,0
2025-08-09,SKU-021,75.25,88,63.54,1
2025-08-10,SKU-021,94.21,66,63.54,0
2025-08-11,SKU-021,88.69,87,63.54,0
2025-08-12,SKU-021,89.1,80,63.54,0
2025-08-13,SKU-021,87.19,103,63.54,1
2025-08-14,SKU-021,70.73,130,63.54,1
2025-08-15,SKU-021,93.94,72,63.54,0
2025-08-16,SKU-021,90.85,63,63.54,0
2025-08-17,SKU-021,78.28,152,63.54,1
2025-08-18,SKU-021,93.21,52,63.54,0
2025-08-19,SKU-021,73.09,93,63.54,1
2025-08-20,SKU-021,89.45,64,63.54,0
2025-08-21,SKU-021,87.59,74,63.54,0
2025-08-22,SKU-021,95.86,79,63.54,0
2025-08-23,SKU-021,91.03,79,63.54,0
2025-08-24,SKU-021,91.21,104,63.54,0
2025-08-25,SKU-021,93.56,57,63.54,0
2025-08-26,SKU-021,76.59,99,63.54,1
2025-08-27,SKU-021,89.7,88,63.54,0
2025-08-28,SKU-021,99.26,64,63.54,0
2025-08-29,SKU-021,85.48,137,63.54,1
2025-08-30,SKU-021,89.1,86,63.54,0
2025-08-31,SKU-021,94.77,84,63.54,0
2025-09-01,SKU-021,91.72,84,63.54,0
2025-09-02,SKU-021,95.66,87,63.54,0
2025-09-03,SKU-021,99.83,60,63.54,0
2025-09-04,SKU-021,90.32,89,63.54,0
2025-09-05,SKU-021,93.97,80,63.54,0
2025-09-06,SKU-021,88.19,84,63.54,0
2025-09-07,SKU-021,94.82,86,63.54,0
2025-09-08,SKU-021,91.46,79,63.54,0
2025-09-09,SKU-021,81.82,172,63.54,1
2025-09-10,SKU-021,90.38,65,63.54,0
2025-09-11,SKU-021,88.39,74,63.54,0
2025-09-12,SKU-021,92.83,74,63.54,0
2025-09-13,SKU-021,94.24,81,63.54,0
2025-09-14,SKU-021,94.13,142,63.54,0
2025-09-15,SKU-021,93.76,85,63.54,0
2025-09-16,SKU-021,92.99,77,63.54,0
2025-09-17,SKU-021,98.65,72,63.54,0
2025-09-18,SKU-021,92.05,93,63.54,0
2025-09-19,SKU-021,90.8,55,63.54,0
2025-09-20,SKU-021,90.78,104,63.54,0
2025-09-21,SKU-021,94.45,65,63.54,0
2025-09-22,SKU-021,92.2,72,63.54,0
2025-09-23,SKU-021,92.49,70,63.54,0
2025-09-24,SKU-021,92.89,98,63.54,0
2025-09-25,SKU-021,91.13,76,63.54,0
2025-09-26,SKU-021,93.4,78,63.54,0
2025-09-27,SKU-021,90.49,108,63.54,0
2025-09-28,SKU-021,95.47,88,63.54,0
2025-09-29,SKU-021,95.67,81,63.54,0
2025-09-30,SKU-021,66.72,158,63.54,1
2025-10-01,SKU-021,91.09,54,63.54,0
2025-10-02,SKU-021,93.93,74,63.54,0
2025-10-03,SKU-021,90.44,82,63.54,0
2025-10-04,SKU-021,97.5,97,63.54,0
2025-10-05,SKU-021,93.98,90,63.54,0
2025-10-06,SKU-021,93.42,46,63.54,0
2025-10-07,SKU-021,98.01,68,63.54,0
2025-10-08,SKU-021,94.43,86,63.54,0
2025-10-09,SKU-021,92.15,78,63.54,0
2025-10-10,SKU-021,71.88,124,63.54,1
2025-10-11,SKU-021,87.34,110,63.54,0
2025-10-12,SKU-021,95.95,72,63.54,0
2025-10-13,SKU-021,94.5,75,63.54,0
2025-10-14,SKU-021,91.83,54,63.54,0
2025-10-15,SKU-021,92.72,62,63.54,0
2025-10-16,SKU-021,97.75,80,63.54,0
2025-10-17,SKU-021,95.04,95,63.54,0
2025-10-18,SKU-021,72.1,134,63.54,1
2025-10-19,SKU-021,91.26,89,63.54,0
2025-10-20,SKU-021,95.0,68,63.54,0
2025-10-21,SKU-021,95.4,59,63.54,0
2025-10-22,SKU-021,83.66,92,63.54,1
2025-10-23,SKU-021,96.35,51,63.54,0
2025-10-24,SKU-021,87.0,61,63.54,0
2025-10-25,SKU-021,89.86,92,63.54,0
2025-10-26,SKU-021,96.03,65,63.54,0
2025-10-27,SKU-021,93.23,99,63.54,0
2025-10-28,SKU-021,92.76,96,63.54,0
2025-10-29,SKU-021,77.69,127,63.54,1
2025-10-30,SKU-021,96.05,52,63.54,0
2025-10-31,SKU-021,86.79,89,63.54,0
2025-11-01,SKU-021,87.65,138,63.54,1
2025-11-02,SKU-021,88.37,85,63.54,0
2025-11-03,SKU-021,94.95,73,63.54,0
2025-11-04,SKU-021,93.5,88,63.54,0
2025-11-05,SKU-021,90.87,90,63.54,0
2025-11-06,SKU-021,95.12,71,63.54,0
2025-11-07,SKU-021,93.84,73,63.54,0
2025-11-08,SKU-021,94.68,59,63.54,0
2025-11-09,SKU-021,92.47,73,63.54,0
2025-11-10,SKU-021,95.36,59,63.54,0
2025-11-11,SKU-021,97.17,82,63.54,0
2025-11-12,SKU-021,95.31,53,63.54,0
2025-11-13,SKU-021,96.5,58,63.54,0
2025-11-14,SKU-021,97.02,83,63.54,0
2025-11-15,SKU-021,93.05,58,63.54,0
2025-11-16,SKU-021,93.78,94,63.54,0
2025-11-17,SKU-021,88.33,84,63.54,0
2025-11-18,SKU-021,94.9,63,63.54,0
2025-11-19,SKU-021,90.33,81,63.54,0
2025-11-20,SKU-021,90.71,95,63.54,0
2025-11-21,SKU-021,90.12,73,63.54,0
2025-11-22,SKU-021,94.35,71,63.54,0
2025-11-23,SKU-021,97.31,66,63.54,0
2025-11-24,SKU-021,90.71,83,63.54,0
2025-11-25,SKU-021,90.97,66,63.54,0
2025-11-26,SKU-021,90.41,57,63.54,0
2025-11-27,SKU-021,96.47,62,63.54,0
2025-11-28,SKU-021,91.84,59,63.54,0
2025-11-29,SKU-021,88.78,71,63.54,0
2025-11-30,SKU-021,90.67,96,63.54,0
2025-12-01,SKU-021,76.86,128,63.54,1
2025-12-02,SKU-021,99.59,67,63.54,0
2025-12-03,SKU-021,88.43,71,63.54,0
2025-12-04,SKU-021,90.85,89,63.54,0
2025-12-05,SKU-021,90.93,57,63.54,0
2025-12-06,SKU-021,83.87,137,63.54,1
2025-12-07,SKU-021,89.8,72,63.54,0
2025-12-08,SKU-021,95.2,44,63.54,0
2025-12-09,SKU-021,91.7,74,63.54,0
2025-12-10,SKU-021,94.03,85,63.54,0
2025-12-11,SKU-021,90.17,83,63.54,0
2025-12-12,SKU-021,90.7,67,63.54,0
2025-12-13,SKU-021,93.62,117,63.54,0
2025-12-14,SKU-021,92.77,51,63.54,0
2025-12-15,SKU-021,74.16,114,63.54,1
2025-12-16,SKU-021,90.92,74,63.54,0
2025-12-17,SKU-021,99.26,59,63.54,0
2025-12-18,SKU-021,94.85,68,63.54,0
2025-12-19,SKU-021,94.18,94,63.54,0
2025-12-20,SKU-021,92.0,85,63.54,0
2025-12-21,SKU-021,93.48,76,63.54,0
2025-12-22,SKU-021,93.18,107,63.54,0
2025-12-23,SKU-021,68.03,194,63.54,1
2025-12-24,SKU-021,92.83,81,63.54,0
2025-12-25,SKU-021,91.74,60,63.54,0
2025-12-26,SKU-021,83.27,115,63.54,1
2025-12-27,SKU-021,96.54,89,63.54,0
2025-07-01,SKU-022,39.38,145,29.33,1
2025-07-02,SKU-022,47.45,55,29.33,0
2025-07-03,SKU-022,47.62,81,29.33,0
2025-07-04,SKU-022,50.49,47,29.33,0
2025-07-05,SKU-022,47.45,74,29.33,0
2025-07-06,SKU-022,49.27,79,29.33,0
2025-07-07,SKU-022,49.25,59,29.33,0
2025-07-08,SKU-022,46.4,103,29.33,1
2025-07-09,SKU-022,48.45,80,29.33,0
2025-07-10,SKU-022,44.84,90,29.33,0
2025-07-11,SKU-022,43.65,68,29.33,0
2025-07-12,SKU-022,47.24,97,29.33,0
2025-07-13,SKU-022,48.77,90,29.33,0
2025-07-14,SKU-022,46.67,64,29.33,0
2025-07-15,SKU-022,50.09,53,29.33,0
2025-07-16,SKU-022,40.51,107,29.33,1
2025-07-17,SKU-022,50.03,76,29.33,0
2025-07-18,SKU-022,47.89,89,29.33,0
2025-07-19,SKU-022,39.97,142,29.33,1
2025-07-20,SKU-022,47.32,119,29.33,0
2025-07-21,SKU-022,49.9,61,29.33,0
2025-07-22,SKU-022,39.16,169,29.33,1
2025-07-23,SKU-022,48.74,58,29.33,0
2025-07-24,SKU-022,46.89,80,29.33,0
2025-07-25,SKU-022,52.98,77,29.33,0
2025-07-26,SKU-022,47.78,84,29.33,0
2025-07-27,SKU-022,45.94,66,29.33,0
2025-07-28,SKU-022,49.81,47,29.33,0
2025-07-29,SKU-022,47.72,56,29.33,0
2025-07-30,SKU-022,45.35,119,29.33,1
2025-07-31,SKU-022,48.04,70,29.33,0
2025-08-01,SKU-022,37.5,126,29.33,1
2025-08-02,SKU-022,47.73,99,29.33,0
2025-08-03,SKU-022,48.97,76,29.33,0
2025-08-04,SKU-022,46.99,73,29.33,0
2025-08-05,SKU-022,44.78,88,29.33,0
2025-08-06,SKU-022,37.09,106,29.33,1
2025-08-07,SKU-022,49.27,62,29.33,0
2025-08-08,SKU-022,47.41,43,29.33,0
2025-08-09,SKU-022,44.96,75,29.33,0
2025-08-10,SKU-022,46.49,67,29.33,0
2025-08-11,SKU-022,48.99,84,29.33,0
2025-08-12,SKU-022,47.0,77,29.33,0
2025-08-13,SKU-022,46.57,70,29.33,0
2025-08-14,SKU-022,47.38,67,29.33,0
2025-08-15,SKU-022,48.77,76,29.33,0
2025-08-16,SKU-022,39.21,115,29.33,1
2025-08-17,SKU-022,47.48,86,29.33,0
2025-08-18,SKU-022,48.04,54,29.33,0
2025-08-19,SKU-022,46.45,87,29.33,0
2025-08-20,SKU-022,47.02,62,29.33,0
2025-08-21,SKU-022,46.88,96,29.33,0
2025-08-22,SKU-022,42.13,82,29.33,1
2025-08-23,SKU-022,46.94,93,29.33,0
2025-08-24,SKU-022,44.73,89,29.33,0
2025-08-25,SKU-022,46.77,84,29.33,1
2025-08-26,SKU-022,48.07,59,29.33,0
2025-08-27,SKU-022,48.7,66,29.33,0
2025-08-28,SKU-022,48.84,68,29.33,0
2025-08-29,SKU-022,46.33,67,29.33,0
2025-08-30,SKU-022,47.69,104,29.33,0
2025-08-31,SKU-022,48.77,120,29.33,0
2025-09-01,SKU-022,49.62,67,29.33,0
2025-09-02,SKU-022,47.44,73,29.33,0
2025-09-03,SKU-022,51.37,51,29.33,0
2025-09-04,SKU-022,40.96,108,29.33,1
2025-09-05,SKU-022,47.6,78,29.33,0
2025-09-06,SKU-022,47.15,89,29.33,0
2025-09-07,SKU-022,46.57,94,29.33,0
2025-09-08,SKU-022,47.66,73,29.33,0
2025-09-09,SKU-022,46.3,71,29.33,0
2025-09-10,SKU-022,45.93,82,29.33,0
2025-09-11,SKU-022,47.14,74,29.33,0
2025-09-12,SKU-022,47.11,70,29.33,0
2025-09-13,SKU-022,48.66,97,29.33,0
2025-09-14,SKU-022,48.65,64,29.33,0
2025-09-15,SKU-022,47.87,69,29.33,0
2025-09-16,SKU-022,52.5,68,29.33,0
2025-09-17,SKU-022,44.89,105,29.33,0
2025-09-18,SKU-022,47.81,70,29.33,0
2025-09-19,SKU-022,44.49,167,29.33,1
2025-09-20,SKU-022,46.36,68,29.33,0
2025-09-21,SKU-022,48.67,67,29.33,0
2025-09-22,SKU-022,42.36,111,29.33,1
2025-09-23,SKU-022,47.93,78,29.33,0
2025-09-24,SKU-022,48.11,77,29.33,0
2025-09-25,SKU-022,46.52,58,29.33,0
2025-09-26,SKU-022,48.16,58,29.33,0
2025-09-27,SKU-022,38.6,144,29.33,1
2025-09-28,SKU-022,48.64,66,29.33,0
2025-09-29,SKU-022,46.58,74,29.33,0
2025-09-30,SKU-022,40.25,125,29.33,1
2025-10-01,SKU-022,47.32,71,29.33,0
2025-10-02,SKU-022,47.04,66,29.33,0
2025-10-03,SKU-022,47.12,74,29.33,0
2025-10-04,SKU-022,45.23,102,29.33,0
2025-10-05,SKU-022,46.47,86,29.33,0
2025-10-06,SKU-022,44.93,100,29.33,1
2025-10-07,SKU-022,48.64,89,29.33,0
2025-10-08,SKU-022,48.47,77,29.33,0
2025-10-09,SKU-022,46.71,85,29.33,0
2025-10-10,SKU-022,40.07,101,29.33,1
2025-10-11,SKU-022,50.7,75,29.33,0
2025-10-12,SKU-022,47.4,90,29.33,0
2025-10-13,SKU-022,46.0,72,29.33,0
2025-10-14,SKU-022,46.41,73,29.33,0
2025-10-15,SKU-022,47.49,73,29.33,0
2025-10-16,SKU-022,46.64,94,29.33,0
2025-10-17,SKU-022,41.15,107,29.33,1
2025-10-18,SKU-022,41.98,124,29.33,1
2025-10-19,SKU-022,48.14,102,29.33,0
2025-10-20,SKU-022,46.78,119,29.33,0
2025-10-21,SKU-022,44.97,62,29.33,0
2025-10-22,SKU-022,47.24,62,29.33,0
2025-10-23,SKU-022,46.97,57,29.33,0
2025-10-24,SKU-022,47.29,75,29.33,0
2025-10-25,SKU-022,47.2,58,29.33,0
2025-10-26,SKU-022,45.47,92,29.33,0
2025-10-27,SKU-022,47.0,62,29.33,0
2025-10-28,SKU-022,39.84,94,29.33,1
2025-10-29,SKU-022,49.08,58,29.33,0
2025-10-30,SKU-022,48.9,64,29.33,0
2025-10-31,SKU-022,49.12,67,29.33,0
2025-11-01,SKU-022,40.81,98,29.33,1
2025-11-02,SKU-022,38.06,123,29.33,1
2025-11-03,SKU-022,48.46,54,29.33,0
2025-11-04,SKU-022,39.32,140,29.33,1
2025-11-05,SKU-022,48.71,95,29.33,0
2025-11-06,SKU-022,36.41,128,29.33,1
2025-11-07,SKU-022,36.76,172,29.33,1
2025-11-08,SKU-022,48.26,95,29.33,0
2025-11-09,SKU-022,48.31,70,29.33,0
2025-11-10,SKU-022,47.99,79,29.33,0
2025-11-11,SKU-022,49.64,56,29.33,0
2025-11-12,SKU-022,47.36,64,29.33,0
2025-11-13,SKU-022,46.27,55,29.33,0
2025-11-14,SKU-022,45.75,67,29.33,0
2025-11-15,SKU-022,50.03,70,29.33,0
2025-11-16,SKU-022,47.48,65,29.33,0
2025-11-17,SKU-022,49.09,56,29.33,0
2025-11-18,SKU-022,46.88,79,29.33,0
2025-11-19,SKU-022,48.95,71,29.33,0
2025-11-20,SKU-022,47.64,92,29.33,0
2025-11-21,SKU-022,49.44,45,29.33,0
2025-11-22,SKU-022,49.12,101,29.33,0
2025-11-23,SKU-022,46.91,88,29.33,0
2025-11-24,SKU-022,46.59,67,29.33,0
2025-11-25,SKU-022,46.17,98,29.33,0
2025-11-26,SKU-022,48.59,94,29.33,0
2025-11-27,SKU-022,48.36,64,29.33,0
2025-11-28,SKU-022,46.62,76,29.33,0
2025-11-29,SKU-022,48.82,62,29.33,0
2025-11-30,SKU-022,46.08,110,29.33,0
2025-12-01,SKU-022,46.11,71,29.33,0
2025-12-02,SKU-022,46.13,64,29.33,0
2025-12-03,SKU-022,41.3,102,29.33,1
2025-12-04,SKU-022,47.31,58,29.33,0
2025-12-05,SKU-022,47.18,67,29.33,0
2025-12-06,SKU-022,47.45,79,29.33,0
2025-12-07,SKU-022,44.52,61,29.33,0
2025-12-08,SKU-022,40.09,103,29.33,1
2025-12-09,SKU-022,41.63,112,29.33,1
2025-12-10,SKU-022,47.54,111,29.33,0
2025-12-11,SKU-022,47.26,101,29.33,0
2025-12-12,SKU-022,47.98,58,29.33,0
2025-12-13,SKU-022,44.78,103,29.33,0
2025-12-14,SKU-022,47.07,88,29.33,0
2025-12-15,SKU-022,46.99,71,29.33,0
2025-12-16,SKU-022,45.43,87,29.33,0
2025-12-17,SKU-022,38.46,92,29.33,1
2025-12-18,SKU-022,45.33,61,29.33,0
2025-12-19,SKU-022,37.53,127,29.33,1
2025-12-20,SKU-022,46.81,77,29.33,0
2025-12-21,SKU-022,49.29,96,29.33,0
2025-12-22,SKU-022,48.88,77,29.33,0
2025-12-23,SKU-022,49.96,86,29.33,0
2025-12-24,SKU-022,41.01,95,29.33,1
2025-12-25,SKU-022,36.15,148,29.33,1
2025-12-26,SKU-022,46.19,79,29.33,0
2025-12-27,SKU-022,45.85,95,29.33,0
