sales_history.csv
date,sku,price,units,cost,promo_flag
2025-07-01,SKU-025,97.32,86,63.97,0
2025-07-02,SKU-025,93.98,73,63.97,0
2025-07-03,SKU-025,94.72,75,63.97,0
2025-07-04,SKU-025,94.73,71,63.97,0
2025-07-05,SKU-025,92.18,93,63.97,0
2025-07-06,SKU-025,92.28,77,63.97,0
2025-07-07,SKU-025,92.08,90,63.97,0
2025-07-08,SKU-025,93.27,69,63.97,0
2025-07-09,SKU-025,79.69,115,63.97,1
2025-07-10,SKU-025,89.75,64,63.97,0
2025-07-11,SKU-025,98.08,56,63.97,0
2025-07-12,SKU-025,89.47,65,63.97,0
2025-07-13,SKU-025,70.83,125,63.97,1
2025-07-14,SKU-025,95.08,63,63.97,0
2025-07-15,SKU-025,96.42,54,63.97,0
2025-07-16,SKU-025,90.02,69,63.97,0
2025-07-17,SKU-025,99.56,45,63.97,0
2025-07-18,SKU-025,90.12,87,63.97,0
2025-07-19,SKU-025,97.93,55,63.97,0
2025-07-20,SKU-025,77.64,122,63.97,1
2025-07-21,SKU-025,90.89,87,63.97,0
2025-07-22,SKU-025,98.84,45,63.97,0
2025-07-23,SKU-025,75.31,73,63.97,1
2025-07-24,SKU-025,95.14,44,63.97,0
2025-07-25,SKU-025,87.99,89,63.97,1
2025-07-26,SKU-025,92.12,74,63.97,0
2025-07-27,SKU-025,92.37,88,63.97,0
2025-07-28,SKU-025,96.45,49,63.97,0
2025-07-29,SKU-025,97.06,73,63.97,0
2025-07-30,SKU-025,94.22,62,63.97,0
2025-07-31,SKU-025,97.94,53,63.97,0
2025-08-01,SKU-025,94.74,48,63.97,0
2025-08-02,SKU-025,99.57,91,63.97,0
2025-08-03,SKU-025,92.58,74,63.97,0
2025-08-04,SKU-025,93.52,53,63.97,0
2025-08-05,SKU-025,95.09,55,63.97,0
2025-08-06,SKU-025,91.36,78,63.97,0
2025-08-07,SKU-025,95.17,62,63.97,0
2025-08-08,SKU-025,91.89,58,63.97,0
2025-08-09,SKU-025,83.99,97,63.97,1
2025-08-10,SKU-025,93.19,71,63.97,0
2025-08-11,SKU-025,96.34,47,63.97,0
2025-08-12,SKU-025,90.94,57,63.97,0
2025-08-13,SKU-025,95.28,71,63.97,0
2025-08-14,SKU-025,74.56,87,63.97,1
2025-08-15,SKU-025,70.68,81,63.97,1
2025-08-16,SKU-025,97.96,60,63.97,0
2025-08-17,SKU-025,96.51,75,63.97,0
2025-08-18,SKU-025,74.09,101,63.97,1
2025-08-19,SKU-025,84.65,122,63.97,1
2025-08-20,SKU-025,93.71,65,63.97,0
2025-08-21,SKU-025,80.27,92,63.97,1
2025-08-22,SKU-025,90.38,50,63.97,0
2025-08-23,SKU-025,95.31,67,63.97,0
2025-08-24,SKU-025,95.55,86,63.97,0
2025-08-25,SKU-025,93.8,82,63.97,0
2025-08-26,SKU-025,94.7,64,63.97,0
2025-08-27,SKU-025,94.15,52,63.97,0
2025-08-28,SKU-025,93.21,60,63.97,0
2025-08-29,SKU-025,95.72,60,63.97,0
2025-08-30,SKU-025,93.86,66,63.97,0
2025-08-31,SKU-025,90.55,74,63.97,0
2025-09-01,SKU-025,98.96,58,63.97,0
2025-09-02,SKU-025,98.36,44,63.97,0
2025-09-03,SKU-025,83.13,72,63.97,1
2025-09-04,SKU-025,84.46,113,63.97,1
2025-09-05,SKU-025,96.43,67,63.97,0
2025-09-06,SKU-025,93.95,79,63.97,0
2025-09-07,SKU-025,90.71,69,63.97,0
2025-09-08,SKU-025,95.94,96,63.97,0
2025-09-09,SKU-025,86.52,100,63.97,1
2025-09-10,SKU-025,98.01,66,63.97,0
2025-09-11,SKU-025,94.97,50,63.97,0
2025-09-12,SKU-025,93.98,60,63.97,0
2025-09-13,SKU-025,99.24,73,63.97,0
2025-09-14,SKU-025,97.67,70,63.97,0
2025-09-15,SKU-025,97.07,58,63.97,0
2025-09-16,SKU-025,92.57,75,63.97,0
2025-09-17,SKU-025,92.47,57,63.97,0
2025-09-18,SKU-025,98.66,63,63.97,0
2025-09-19,SKU-025,98.09,48,63.97,0
2025-09-20,SKU-025,95.17,74,63.97,0
2025-09-21,SKU-025,80.97,100,63.97,1
2025-09-22,SKU-025,96.42,64,63.97,0
2025-09-23,SKU-025,95.12,77,63.97,0
2025-09-24,SKU-025,95.06,55,63.97,0
2025-09-25,SKU-025,96.11,68,63.97,0
2025-09-26,SKU-025,70.15,110,63.97,1
2025-09-27,SKU-025,95.35,79,63.97,0
2025-09-28,SKU-025,95.58,80,63.97,0
2025-09-29,SKU-025,87.32,99,63.97,1
2025-09-30,SKU-025,94.98,63,63.97,0
2025-10-01,SKU-025,94.6,81,63.97,0
2025-10-02,SKU-025,100.22,56,63.97,0
2025-10-03,SKU-025,95.2,62,63.97,0
2025-10-04,SKU-025,96.28,83,63.97,0
2025-10-05,SKU-025,94.48,61,63.97,0
2025-10-06,SKU-025,95.5,66,63.97,0
2025-10-07,SKU-025,75.6,116,63.97,1
2025-10-08,SKU-025,97.78,52,63.97,0
2025-10-09,SKU-025,99.47,53,63.97,0
2025-10-10,SKU-025,93.71,77,63.97,0
2025-10-11,SKU-025,91.29,76,63.97,0
2025-10-12,SKU-025,86.56,99,63.97,1
2025-10-13,SKU-025,98.81,67,63.97,0
2025-10-14,SKU-025,97.07,62,63.97,0
2025-10-15,SKU-025,93.07,84,63.97,0
2025-10-16,SKU-025,95.33,78,63.97,0
2025-10-17,SKU-025,93.08,74,63.97,0
2025-10-18,SKU-025,92.4,59,63.97,0
2025-10-19,SKU-025,101.72,64,63.97,0
2025-10-20,SKU-025,97.43,54,63.97,0
2025-10-21,SKU-025,101.37,60,63.97,0
2025-10-22,SKU-025,87.38,73,63.97,1
2025-10-23,SKU-025,96.88,76,63.97,0
2025-10-24,SKU-025,73.41,77,63.97,1
2025-10-25,SKU-025,94.02,100,63.97,0
2025-10-26,SKU-025,98.02,102,63.97,0
2025-10-27,SKU-025,80.72,85,63.97,1
2025-10-28,SKU-025,94.35,56,63.97,0
2025-10-29,SKU-025,97.0,63,63.97,0
2025-10-30,SKU-025,89.78,49,63.97,0
2025-10-31,SKU-025,90.41,111,63.97,1
2025-11-01,SKU-025,95.89,55,63.97,0
2025-11-02,SKU-025,95.67,62,63.97,0
2025-11-03,SKU-025,92.55,57,63.97,0
2025-11-04,SKU-025,97.04,57,63.97,0
2025-11-05,SKU-025,96.77,55,63.97,0
2025-11-06,SKU-025,98.01,56,63.97,0
2025-11-07,SKU-025,96.58,47,63.97,0
2025-11-08,SKU-025,85.64,88,63.97,1
2025-11-09,SKU-025,94.76,65,63.97,0
2025-11-10,SKU-025,94.44,65,63.97,0
2025-11-11,SKU-025,92.67,64,63.97,0
2025-11-12,SKU-025,99.9,61,63.97,0
2025-11-13,SKU-025,95.83,73,63.97,0
2025-11-14,SKU-025,96.84,63,63.97,0
2025-11-15,SKU-025,94.08,79,63.97,0
2025-11-16,SKU-025,98.27,55,63.97,0
2025-11-17,SKU-025,97.42,56,63.97,0
2025-11-18,SKU-025,71.05,135,63.97,1
2025-11-19,SKU-025,92.36,83,63.97,0
2025-11-20,SKU-025,98.57,56,63.97,0
2025-11-21,SKU-025,100.09,62,63.97,0
2025-11-22,SKU-025,89.1,96,63.97,1
2025-11-23,SKU-025,77.72,96,63.97,1
2025-11-24,SKU-025,95.48,54,63.97,0
2025-11-25,SKU-025,94.53,53,63.97,0
2025-11-26,SKU-025,98.56,55,63.97,0
2025-11-27,SKU-025,96.78,67,63.97,0
2025-11-28,SKU-025,95.07,65,63.97,0
2025-11-29,SKU-025,87.44,82,63.97,1
2025-11-30,SKU-025,99.6,64,63.97,0
2025-12-01,SKU-025,95.45,54,63.97,0
2025-12-02,SKU-025,94.33,81,63.97,0
2025-12-03,SKU-025,92.67,56,63.97,0
2025-12-04,SKU-025,98.19,78,63.97,0
2025-12-05,SKU-025,97.8,78,63.97,0
2025-12-06,SKU-025,96.57,48,63.97,0
2025-12-07,SKU-025,74.8,126,63.97,1
2025-12-08,SKU-025,95.96,87,63.97,0
2025-12-09,SKU-025,94.74,61,63.97,0
2025-12-10,SKU-025,95.67,86,63.97,0
2025-12-11,SKU-025,96.1,77,63.97,0
2025-12-12,SKU-025,92.02,63,63.97,0
2025-12-13,SKU-025,84.41,116,63.97,1
2025-12-14,SKU-025,95.69,59,63.97,0
2025-12-15,SKU-025,80.47,109,63.97,1
2025-12-16,SKU-025,95.09,53,63.97,0
2025-12-17,SKU-025,93.54,76,63.97,0
2025-12-18,SKU-025,91.5,65,63.97,0
2025-12-19,SKU-025,97.32,85,63.97,0
2025-12-20,SKU-025,93.69,87,63.97,0
2025-12-21,SKU-025,93.43,87,63.97,0
2025-12-22,SKU-025,92.06,75,63.97,0
2025-12-23,SKU-025,94.53,71,63.97,0
2025-12-24,SKU-025,96.92,51,63.97,0
2025-12-25,SKU-025,84.34,74,63.97,1
2025-12-26,SKU-025,72.39,117,63.97,1
2025-12-27,SKU-025,94.96,66,63.97,0
2025-07-01,SKU-026,29.77,71,19.18,0
2025-07-02,SKU-026,29.65,58,19.18,0
2025-07-03,SKU-026,30.72,40,19.18,0
2025-07-04,SKU-026,30.64,60,19.18,0
2025-07-05,SKU-026,30.77,94,19.18,0
2025-07-06,SKU-026,28.03,59,19.18,0
2025-07-07,SKU-026,28.2,54,19.18,0
2025-07-08,SKU-026,29.25,80,19.18,0
2025-07-09,SKU-026,30.16,70,19.18,0
2025-07-10,SKU-026,29.29,51,19.18,0
2025-07-11,SKU-026,29.59,66,19.18,0
2025-07-12,SKU-026,28.76,67,19.18,0
2025-07-13,SKU-026,31.3,59,19.18,0
2025-07-14,SKU-026,29.88,72,19.18,0
2025-07-15,SKU-026,24.6,73,19.18,1
2025-07-16,SKU-026,29.31,47,19.18,0
2025-07-17,SKU-026,29.09,46,19.18,0
2025-07-18,SKU-026,29.11,47,19.18,0
2025-07-19,SKU-026,30.86,62,19.18,0
2025-07-20,SKU-026,30.43,53,19.18,0
2025-07-21,SKU-026,28.98,63,19.18,0
2025-07-22,SKU-026,29.4,57,19.18,0
2025-07-23,SKU-026,29.49,68,19.18,0
2025-07-24,SKU-026,29.56,45,19.18,0
2025-07-25,SKU-026,29.25,51,19.18,0
2025-07-26,SKU-026,30.61,59,19.18,0
2025-07-27,SKU-026,29.51,52,19.18,0
2025-07-28,SKU-026,28.26,73,19.18,1
2025-07-29,SKU-026,30.98,38,19.18,0
2025-07-30,SKU-026,28.66,74,19.18,0
2025-07-31,SKU-026,30.26,59,19.18,0
2025-08-01,SKU-026,29.65,37,19.18,0
2025-08-02,SKU-026,29.06,67,19.18,0
2025-08-03,SKU-026,30.24,78,19.18,0
2025-08-04,SKU-026,30.49,44,19.18,0
2025-08-05,SKU-026,25.0,79,19.18,1
2025-08-06,SKU-026,22.82,95,19.18,1
2025-08-07,SKU-026,25.7,78,19.18,1
2025-08-08,SKU-026,22.61,93,19.18,1
2025-08-09,SKU-026,29.57,63,19.18,0
2025-08-10,SKU-026,29.06,43,19.18,0
2025-08-11,SKU-026,29.72,53,19.18,0
2025-08-12,SKU-026,29.06,51,19.18,0
2025-08-13,SKU-026,25.74,63,19.18,1
2025-08-14,SKU-026,30.22,51,19.18,0
2025-08-15,SKU-026,21.72,103,19.18,1
2025-08-16,SKU-026,29.54,61,19.18,0
2025-08-17,SKU-026,29.03,50,19.18,0
2025-08-18,SKU-026,30.68,41,19.18,0
2025-08-19,SKU-026,29.42,55,19.18,0
2025-08-20,SKU-026,31.08,55,19.18,0
2025-08-21,SKU-026,31.26,48,19.18,0
2025-08-22,SKU-026,30.17,66,19.18,0
2025-08-23,SKU-026,29.44,63,19.18,0
2025-08-24,SKU-026,31.0,58,19.18,0
2025-08-25,SKU-026,29.52,58,19.18,1
2025-08-26,SKU-026,28.16,47,19.18,0
2025-08-27,SKU-026,29.54,65,19.18,0
2025-08-28,SKU-026,28.81,65,19.18,0
2025-08-29,SKU-026,25.05,99,19.18,1
2025-08-30,SKU-026,30.55,60,19.18,0
2025-08-31,SKU-026,30.34,67,19.18,0
2025-09-01,SKU-026,29.96,66,19.18,0
2025-09-02,SKU-026,31.04,48,19.18,0
2025-09-03,SKU-026,30.52,46,19.18,0
2025-09-04,SKU-026,30.24,61,19.18,0
2025-09-05,SKU-026,29.9,56,19.18,0
2025-09-06,SKU-026,29.13,64,19.18,0
2025-09-07,SKU-026,30.44,63,19.18,0
2025-09-08,SKU-026,28.74,53,19.18,0
2025-09-09,SKU-026,28.84,52,19.18,0
2025-09-10,SKU-026,29.47,32,19.18,0
2025-09-11,SKU-026,31.75,76,19.18,0
2025-09-12,SKU-026,30.34,59,19.18,0
2025-09-13,SKU-026,31.72,67,19.18,0
2025-09-14,SKU-026,29.73,71,19.18,0
2025-09-15,SKU-026,30.05,41,19.18,0
2025-09-16,SKU-026,29.32,61,19.18,0
2025-09-17,SKU-026,28.43,67,19.18,0
2025-09-18,SKU-026,30.72,47,19.18,0
2025-09-19,SKU-026,29.42,52,19.18,0
2025-09-20,SKU-026,30.59,67,19.18,0
2025-09-21,SKU-026,29.07,39,19.18,0
2025-09-22,SKU-026,30.64,44,19.18,0
2025-09-23,SKU-026,30.14,45,19.18,0
2025-09-24,SKU-026,30.4,65,19.18,0
2025-09-25,SKU-026,24.8,89,19.18,1
2025-09-26,SKU-026,29.23,67,19.18,0
2025-09-27,SKU-026,29.4,62,19.18,0
2025-09-28,SKU-026,29.06,55,19.18,0
2025-09-29,SKU-026,27.25,70,19.18,1
2025-09-30,SKU-026,24.76,70,19.18,1
2025-10-01,SKU-026,30.26,72,19.18,0
2025-10-02,SKU-026,30.08,50,19.18,0
2025-10-03,SKU-026,29.9,54,19.18,0
2025-10-04,SKU-026,29.45,53,19.18,0
2025-10-05,SKU-026,30.0,64,19.18,0
2025-10-06,SKU-026,30.72,59,19.18,0
2025-10-07,SKU-026,30.64,65,19.18,0
2025-10-08,SKU-026,29.64,67,19.18,0
2025-10-09,SKU-026,31.27,72,19.18,0
2025-10-10,SKU-026,28.62,51,19.18,0
2025-10-11,SKU-026,29.16,62,19.18,0
2025-10-12,SKU-026,29.62,68,19.18,0
2025-10-13,SKU-026,30.6,59,19.18,0
2025-10-14,SKU-026,30.93,60,19.18,0
2025-10-15,SKU-026,30.28,53,19.18,0
2025-10-16,SKU-026,28.98,49,19.18,0
2025-10-17,SKU-026,29.14,56,19.18,0
2025-10-18,SKU-026,30.55,54,19.18,0
2025-10-19,SKU-026,31.15,44,19.18,0
2025-10-20,SKU-026,28.09,48,19.18,0
2025-10-21,SKU-026,29.5,44,19.18,0
2025-10-22,SKU-026,25.59,63,19.18,1
2025-10-23,SKU-026,30.65,57,19.18,0
2025-10-24,SKU-026,28.65,68,19.18,0
2025-10-25,SKU-026,28.28,75,19.18,0
2025-10-26,SKU-026,29.31,63,19.18,0
2025-10-27,SKU-026,29.29,56,19.18,0
2025-10-28,SKU-026,30.19,71,19.18,0
2025-10-29,SKU-026,29.68,56,19.18,0
2025-10-30,SKU-026,25.65,92,19.18,1
2025-10-31,SKU-026,31.21,56,19.18,0
2025-11-01,SKU-026,30.29,70,19.18,0
2025-11-02,SKU-026,28.86,57,19.18,0
2025-11-03,SKU-026,28.96,73,19.18,0
2025-11-04,SKU-026,29.72,53,19.18,0
2025-11-05,SKU-026,28.95,46,19.18,0
2025-11-06,SKU-026,26.39,62,19.18,1
2025-11-07,SKU-026,28.29,56,19.18,0
2025-11-08,SKU-026,30.66,53,19.18,0
2025-11-09,SKU-026,30.65,60,19.18,0
2025-11-10,SKU-026,28.27,65,19.18,0
2025-11-11,SKU-026,25.51,86,19.18,1
2025-11-12,SKU-026,31.54,52,19.18,0
2025-11-13,SKU-026,28.62,58,19.18,0
2025-11-14,SKU-026,29.3,37,19.18,0
2025-11-15,SKU-026,31.59,54,19.18,0
2025-11-16,SKU-026,29.54,77,19.18,0
2025-11-17,SKU-026,28.63,46,19.18,0
2025-11-18,SKU-026,31.65,46,19.18,0
2025-11-19,SKU-026,22.47,86,19.18,1
2025-11-20,SKU-026,29.19,69,19.18,0
2025-11-21,SKU-026,23.21,74,19.18,1
2025-11-22,SKU-026,29.54,48,19.18,0
2025-11-23,SKU-026,30.08,79,19.18,0
2025-11-24,SKU-026,29.0,48,19.18,0
2025-11-25,SKU-026,26.2,69,19.18,1
2025-11-26,SKU-026,29.41,43,19.18,0
2025-11-27,SKU-026,31.33,68,19.18,0
2025-11-28,SKU-026,30.96,42,19.18,0
2025-11-29,SKU-026,29.49,62,19.18,0
2025-11-30,SKU-026,24.9,122,19.18,1
2025-12-01,SKU-026,29.87,58,19.18,0
2025-12-02,SKU-026,29.36,47,19.18,0
2025-12-03,SKU-026,27.52,65,19.18,1
2025-12-04,SKU-026,30.94,54,19.18,0
2025-12-05,SKU-026,29.82,59,19.18,0
2025-12-06,SKU-026,31.22,39,19.18,0
2025-12-07,SKU-026,24.21,92,19.18,1
2025-12-08,SKU-026,29.1,50,19.18,0
2025-12-09,SKU-026,30.68,63,19.18,0
2025-12-10,SKU-026,30.29,38,19.18,0
2025-12-11,SKU-026,28.84,58,19.18,0
2025-12-12,SKU-026,31.01,49,19.18,0
2025-12-13,SKU-026,29.59,60,19.18,0
2025-12-14,SKU-026,29.18,56,19.18,0
2025-12-15,SKU-026,30.17,39,19.18,0
2025-12-16,SKU-026,29.13,55,19.18,0
2025-12-17,SKU-026,29.5,56,19.18,0
2025-12-18,SKU-026,30.94,51,19.18,0
2025-12-19,SKU-026,29.86,49,19.18,0
2025-12-20,SKU-026,29.29,73,19.18,0
2025-12-21,SKU-026,29.16,48,19.18,0
2025-12-22,SKU-026,28.79,54,19.18,0
2025-12-23,SKU-026,31.26,49,19.18,0
2025-12-24,SKU-026,30.54,60,19.18,0
2025-12-25,SKU-026,30.47,64,19.18,0
2025-12-26,SKU-026,26.37,82,19.18,1
2025-12-27,SKU-026,30.13,70,19.18,0
