sales_history.csv
date,sku,price,units,cost,promo_flag
2025-07-01,SKU-029,26.46,55,11.65,0
2025-07-02,SKU-029,24.83,70,11.65,0
2025-07-03,SKU-029,20.04,126,11.65,1
2025-07-04,SKU-029,23.9,76,11.65,0
2025-07-05,SKU-029,25.82,62,11.65,0
2025-07-06,SKU-029,23.5,98,11.65,0
2025-07-07,SKU-029,25.9,57,11.65,0
2025-07-08,SKU-029,20.2,115,11.65,1
2025-07-09,SKU-029,25.44,92,11.65,0
2025-07-10,SKU-029,21.39,96,11.65,1
2025-07-11,SKU-029,23.82,85,11.65,0
2025-07-12,SKU-029,25.58,53,11.65,0
2025-07-13,SKU-029,26.89,54,11.65,0
2025-07-14,SKU-029,26.04,63,11.65,0
2025-07-15,SKU-029,26.85,64,11.65,0
2025-07-16,SKU-029,24.86,70,11.65,0
2025-07-17,SKU-029,25.06,57,11.65,0
2025-07-18,SKU-029,24.81,47,11.65,0
2025-07-19,SKU-029,24.92,69,11.65,0
2025-07-20,SKU-029,25.45,59,11.65,0
2025-07-21,SKU-029,24.15,72,11.65,0
2025-07-22,SKU-029,21.65,113,11.65,1
2025-07-23,SKU-029,25.0,57,11.65,0
2025-07-24,SKU-029,25.75,63,11.65,0
2025-07-25,SKU-029,25.12,61,11.65,0
2025-07-26,SKU-029,25.17,65,11.65,0
2025-07-27,SKU-029,26.05,61,11.65,0
2025-07-28,SKU-029,25.01,59,11.65,0
2025-07-29,SKU-029,25.42,61,11.65,0
2025-07-30,SKU-029,26.38,46,11.65,0
2025-07-31,SKU-029,25.49,89,11.65,0
2025-08-01,SKU-029,26.08,64,11.65,0
2025-08-02,SKU-029,19.14,111,11.65,1
2025-08-03,SKU-029,25.48,92,11.65,0
2025-08-04,SKU-029,24.56,86,11.65,0
2025-08-05,SKU-029,25.12,57,11.65,0
2025-08-06,SKU-029,26.02,71,11.65,0
2025-08-07,SKU-029,20.21,110,11.65,1
2025-08-08,SKU-029,24.78,88,11.65,0
2025-08-09,SKU-029,25.38,101,11.65,0
2025-08-10,SKU-029,24.89,84,11.65,0
2025-08-11,SKU-029,24.74,63,11.65,0
2025-08-12,SKU-029,25.68,51,11.65,0
2025-08-13,SKU-029,26.27,75,11.65,0
2025-08-14,SKU-029,25.69,49,11.65,0
2025-08-15,SKU-029,24.56,62,11.65,0
2025-08-16,SKU-029,22.25,127,11.65,1
2025-08-17,SKU-029,26.4,70,11.65,0
2025-08-18,SKU-029,24.34,92,11.65,1
2025-08-19,SKU-029,25.46,75,11.65,0
2025-08-20,SKU-029,25.28,54,11.65,0
2025-08-21,SKU-029,25.53,106,11.65,0
2025-08-22,SKU-029,26.05,55,11.65,0
2025-08-23,SKU-029,25.48,97,11.65,0
2025-08-24,SKU-029,25.78,56,11.65,0
2025-08-25,SKU-029,23.81,86,11.65,0
2025-08-26,SKU-029,25.91,66,11.65,0
2025-08-27,SKU-029,24.99,74,11.65,0
2025-08-28,SKU-029,25.79,71,11.65,0
2025-08-29,SKU-029,18.83,160,11.65,1
2025-08-30,SKU-029,24.99,78,11.65,0
2025-08-31,SKU-029,26.02,84,11.65,0
2025-09-01,SKU-029,19.87,150,11.65,1
2025-09-02,SKU-029,24.6,69,11.65,0
2025-09-03,SKU-029,26.23,55,11.65,0
2025-09-04,SKU-029,25.69,63,11.65,0
2025-09-05,SKU-029,21.43,125,11.65,1
2025-09-06,SKU-029,24.8,66,11.65,0
2025-09-07,SKU-029,25.18,78,11.65,0
2025-09-08,SKU-029,24.01,62,11.65,0
2025-09-09,SKU-029,24.8,60,11.65,0
2025-09-10,SKU-029,25.26,80,11.65,0
2025-09-11,SKU-029,26.13,71,11.65,0
2025-09-12,SKU-029,25.85,55,11.65,0
2025-09-13,SKU-029,25.07,64,11.65,0
2025-09-14,SKU-029,24.32,103,11.65,0
2025-09-15,SKU-029,25.17,62,11.65,0
2025-09-16,SKU-029,23.45,70,11.65,0
2025-09-17,SKU-029,23.84,100,11.65,1
2025-09-18,SKU-029,25.56,65,11.65,0
2025-09-19,SKU-029,27.36,48,11.65,0
2025-09-20,SKU-029,21.06,105,11.65,1
2025-09-21,SKU-029,24.61,84,11.65,0
2025-09-22,SKU-029,26.79,58,11.65,0
2025-09-23,SKU-029,24.3,65,11.65,0
2025-09-24,SKU-029,24.78,63,11.65,0
2025-09-25,SKU-029,25.9,64,11.65,0
2025-09-26,SKU-029,26.74,62,11.65,0
2025-09-27,SKU-029,23.86,73,11.65,0
2025-09-28,SKU-029,24.87,60,11.65,0
2025-09-29,SKU-029,24.32,78,11.65,0
2025-09-30,SKU-029,26.95,56,11.65,0
2025-10-01,SKU-029,24.67,45,11.65,0
2025-10-02,SKU-029,24.38,68,11.65,0
2025-10-03,SKU-029,26.59,57,11.65,0
2025-10-04,SKU-029,27.32,49,11.65,0
2025-10-05,SKU-029,24.84,72,11.65,0
2025-10-06,SKU-029,24.77,61,11.65,0
2025-10-07,SKU-029,25.91,52,11.65,0
2025-10-08,SKU-029,21.13,143,11.65,1
2025-10-09,SKU-029,19.94,120,11.65,1
2025-10-10,SKU-029,24.19,79,11.65,0
2025-10-11,SKU-029,24.72,66,11.65,0
2025-10-12,SKU-029,26.51,73,11.65,0
2025-10-13,SKU-029,22.76,94,11.65,1
2025-10-14,SKU-029,26.72,57,11.65,0
2025-10-15,SKU-029,25.13,62,11.65,0
2025-10-16,SKU-029,20.51,142,11.65,1
2025-10-17,SKU-029,24.54,66,11.65,0
2025-10-18,SKU-029,25.53,62,11.65,0
2025-10-19,SKU-029,22.39,105,11.65,1
2025-10-20,SKU-029,25.32,55,11.65,0
2025-10-21,SKU-029,26.13,42,11.65,0
2025-10-22,SKU-029,26.22,43,11.65,0
2025-10-23,SKU-029,24.21,59,11.65,0
2025-10-24,SKU-029,24.68,82,11.65,0
2025-10-25,SKU-029,24.88,71,11.65,0
2025-10-26,SKU-029,25.65,74,11.65,0
2025-10-27,SKU-029,26.1,41,11.65,0
2025-10-28,SKU-029,25.95,46,11.65,0
2025-10-29,SKU-029,25.72,44,11.65,0
2025-10-30,SKU-029,24.79,53,11.65,0
2025-10-31,SKU-029,25.43,58,11.65,0
2025-11-01,SKU-029,23.58,63,11.65,0
2025-11-02,SKU-029,21.59,115,11.65,1
2025-11-03,SKU-029,22.06,140,11.65,1
2025-11-04,SKU-029,24.72,79,11.65,0
2025-11-05,SKU-029,24.79,66,11.65,0
2025-11-06,SKU-029,21.65,105,11.65,1
2025-11-07,SKU-029,26.87,52,11.65,0
2025-11-08,SKU-029,24.51,62,11.65,0
2025-11-09,SKU-029,24.36,65,11.65,0
2025-11-10,SKU-029,26.34,41,11.65,0
2025-11-11,SKU-029,26.06,51,11.65,0
2025-11-12,SKU-029,26.37,56,11.65,0
2025-11-13,SKU-029,25.65,54,11.65,0
2025-11-14,SKU-029,20.22,137,11.65,1
2025-11-15,SKU-029,25.2,53,11.65,0
2025-11-16,SKU-029,23.5,95,11.65,1
2025-11-17,SKU-029,25.89,76,11.65,0
2025-11-18,SKU-029,23.53,68,11.65,0
2025-11-19,SKU-029,25.15,53,11.65,0
2025-11-20,SKU-029,23.33,88,11.65,1
2025-11-21,SKU-029,24.59,45,11.65,0
2025-11-22,SKU-029,25.33,56,11.65,0
2025-11-23,SKU-029,25.34,71,11.65,0
2025-11-24,SKU-029,24.48,60,11.65,0
2025-11-25,SKU-029,26.05,50,11.65,0
2025-11-26,SKU-029,25.87,60,11.65,0
2025-11-27,SKU-029,25.62,64,11.65,0
2025-11-28,SKU-029,26.74,65,11.65,0
2025-11-29,SKU-029,26.24,44,11.65,0
2025-11-30,SKU-029,24.76,64,11.65,0
2025-12-01,SKU-029,25.99,64,11.65,0
2025-12-02,SKU-029,24.93,84,11.65,0
2025-12-03,SKU-029,20.22,103,11.65,1
2025-12-04,SKU-029,25.34,62,11.65,0
2025-12-05,SKU-029,24.1,71,11.65,0
2025-12-06,SKU-029,20.09,129,11.65,1
2025-12-07,SKU-029,25.54,79,11.65,0
2025-12-08,SKU-029,25.19,73,11.65,0
2025-12-09,SKU-029,26.12,65,11.65,0
2025-12-10,SKU-029,25.58,45,11.65,0
2025-12-11,SKU-029,24.65,81,11.65,0
2025-12-12,SKU-029,24.71,60,11.65,0
2025-12-13,SKU-029,24.87,77,11.65,0
2025-12-14,SKU-029,26.39,58,11.65,0
2025-12-15,SKU-029,25.9,66,11.65,0
2025-12-16,SKU-029,26.37,51,11.65,0
2025-12-17,SKU-029,22.39,100,11.65,1
2025-12-18,SKU-029,25.17,57,11.65,0
2025-12-19,SKU-029,23.77,82,11.65,1
2025-12-20,SKU-029,23.73,60,11.65,0
2025-12-21,SKU-029,26.37,61,11.65,0
2025-12-22,SKU-029,26.82,59,11.65,0
2025-12-23,SKU-029,23.49,45,11.65,0
2025-12-24,SKU-029,22.95,97,11.65,1
2025-12-25,SKU-029,23.27,82,11.65,1
2025-12-26,SKU-029,24.6,85,11.65,0
2025-12-27,SKU-029,26.34,52,11.65,0
2025-07-01,SKU-030,83.4,27,50.94,0
2025-07-02,SKU-030,70.23,40,50.94,1
2025-07-03,SKU-030,85.27,21,50.94,0
2025-07-04,SKU-030,71.31,31,50.94,1
2025-07-05,SKU-030,81.17,28,50.94,0
2025-07-06,SKU-030,85.92,22,50.94,0
2025-07-07,SKU-030,87.65,24,50.94,0
2025-07-08,SKU-030,83.88,28,50.94,0
2025-07-09,SKU-030,87.01,24,50.94,0
2025-07-10,SKU-030,85.49,21,50.94,0
2025-07-11,SKU-030,85.83,19,50.94,0
2025-07-12,SKU-030,67.11,30,50.94,1
2025-07-13,SKU-030,85.3,22,50.94,0
2025-07-14,SKU-030,84.72,20,50.94,0
2025-07-15,SKU-030,72.01,32,50.94,1
2025-07-16,SKU-030,73.68,36,50.94,1
2025-07-17,SKU-030,71.37,47,50.94,1
2025-07-18,SKU-030,79.92,28,50.94,1
2025-07-19,SKU-030,87.11,23,50.94,0
2025-07-20,SKU-030,83.41,23,50.94,0
2025-07-21,SKU-030,81.85,22,50.94,0
2025-07-22,SKU-030,84.24,26,50.94,0
2025-07-23,SKU-030,84.11,28,50.94,0
2025-07-24,SKU-030,84.66,21,50.94,0
2025-07-25,SKU-030,81.56,30,50.94,0
2025-07-26,SKU-030,77.96,28,50.94,0
2025-07-27,SKU-030,86.45,27,50.94,0
2025-07-28,SKU-030,81.32,13,50.94,0
2025-07-29,SKU-030,64.66,32,50.94,1
2025-07-30,SKU-030,84.91,29,50.94,0
2025-07-31,SKU-030,87.11,20,50.94,0
2025-08-01,SKU-030,74.56,24,50.94,1
2025-08-02,SKU-030,87.48,42,50.94,0
2025-08-03,SKU-030,70.09,34,50.94,1
2025-08-04,SKU-030,82.88,18,50.94,0
2025-08-05,SKU-030,74.02,36,50.94,1
2025-08-06,SKU-030,64.88,27,50.94,1
2025-08-07,SKU-030,90.77,22,50.94,0
2025-08-08,SKU-030,81.94,24,50.94,0
2025-08-09,SKU-030,87.44,27,50.94,0
2025-08-10,SKU-030,81.84,27,50.94,0
2025-08-11,SKU-030,83.49,20,50.94,0
2025-08-12,SKU-030,80.21,28,50.94,0
2025-08-13,SKU-030,66.13,43,50.94,1
2025-08-14,SKU-030,83.31,27,50.94,0
2025-08-15,SKU-030,64.25,31,50.94,1
2025-08-16,SKU-030,86.38,27,50.94,0
2025-08-17,SKU-030,88.28,26,50.94,0
2025-08-18,SKU-030,81.08,28,50.94,0
2025-08-19,SKU-030,84.35,26,50.94,0
2025-08-20,SKU-030,62.08,28,50.94,1
2025-08-21,SKU-030,65.74,42,50.94,1
2025-08-22,SKU-030,78.31,28,50.94,0
2025-08-23,SKU-030,85.25,32,50.94,0
2025-08-24,SKU-030,82.46,27,50.94,0
2025-08-25,SKU-030,74.77,40,50.94,1
2025-08-26,SKU-030,79.0,35,50.94,1
2025-08-27,SKU-030,87.4,35,50.94,0
2025-08-28,SKU-030,67.61,29,50.94,1
2025-08-29,SKU-030,85.08,21,50.94,0
2025-08-30,SKU-030,80.73,32,50.94,0
2025-08-31,SKU-030,83.11,37,50.94,0
2025-09-01,SKU-030,87.27,25,50.94,0
2025-09-02,SKU-030,63.61,36,50.94,1
2025-09-03,SKU-030,84.65,34,50.94,0
2025-09-04,SKU-030,80.06,30,50.94,0
2025-09-05,SKU-030,87.81,18,50.94,0
2025-09-06,SKU-030,88.59,25,50.94,0
2025-09-07,SKU-030,83.36,24,50.94,0
2025-09-08,SKU-030,85.83,20,50.94,0
2025-09-09,SKU-030,66.36,30,50.94,1
2025-09-10,SKU-030,84.45,22,50.94,0
2025-09-11,SKU-030,63.17,31,50.94,1
2025-09-12,SKU-030,83.75,35,50.94,0
2025-09-13,SKU-030,85.84,39,50.94,0
2025-09-14,SKU-030,84.64,25,50.94,0
2025-09-15,SKU-030,88.17,19,50.94,0
2025-09-16,SKU-030,86.8,27,50.94,0
2025-09-17,SKU-030,86.61,25,50.94,0
2025-09-18,SKU-030,84.75,21,50.94,0
2025-09-19,SKU-030,85.88,23,50.94,0
2025-09-20,SKU-030,79.03,27,50.94,1
2025-09-21,SKU-030,81.07,32,50.94,0
2025-09-22,SKU-030,86.95,31,50.94,0
2025-09-23,SKU-030,87.07,19,50.94,0
2025-09-24,SKU-030,88.16,20,50.94,0
2025-09-25,SKU-030,84.69,23,50.94,0
2025-09-26,SKU-030,84.83,29,50.94,0
2025-09-27,SKU-030,70.66,49,50.94,1
2025-09-28,SKU-030,70.2,33,50.94,1
2025-09-29,SKU-030,87.58,28,50.94,0
2025-09-30,SKU-030,83.65,21,50.94,0
2025-10-01,SKU-030,84.95,26,50.94,0
2025-10-02,SKU-030,83.22,25,50.94,0
2025-10-03,SKU-030,85.98,17,50.94,0
2025-10-04,SKU-030,81.76,31,50.94,0
2025-10-05,SKU-030,77.49,29,50.94,1
2025-10-06,SKU-030,84.79,28,50.94,0
2025-10-07,SKU-030,80.52,25,50.94,0
2025-10-08,SKU-030,84.71,25,50.94,0
2025-10-09,SKU-030,65.81,30,50.94,1
2025-10-10,SKU-030,79.62,23,50.94,0
2025-10-11,SKU-030,79.06,31,50.94,0
2025-10-12,SKU-030,80.75,40,50.94,0
2025-10-13,SKU-030,85.36,27,50.94,0
2025-10-14,SKU-030,84.26,38,50.94,0
2025-10-15,SKU-030,82.83,16,50.94,0
2025-10-16,SKU-030,67.63,37,50.94,1
2025-10-17,SKU-030,89.39,28,50.94,0
2025-10-18,SKU-030,89.79,27,50.94,0
2025-10-19,SKU-030,84.97,36,50.94,0
2025-10-20,SKU-030,78.93,25,50.94,0
2025-10-21,SKU-030,88.01,17,50.94,0
2025-10-22,SKU-030,78.36,24,50.94,0
2025-10-23,SKU-030,70.53,22,50.94,1
2025-10-24,SKU-030,83.61,34,50.94,0
2025-10-25,SKU-030,83.18,23,50.94,0
2025-10-26,SKU-030,84.09,30,50.94,0
2025-10-27,SKU-030,82.88,26,50.94,0
2025-10-28,SKU-030,81.56,31,50.94,0
2025-10-29,SKU-030,80.7,34,50.94,0
2025-10-30,SKU-030,67.7,46,50.94,1
2025-10-31,SKU-030,67.59,28,50.94,1
2025-11-01,SKU-030,65.38,32,50.94,1
2025-11-02,SKU-030,82.6,33,50.94,0
2025-11-03,SKU-030,81.55,25,50.94,0
2025-11-04,SKU-030,90.08,29,50.94,0
2025-11-05,SKU-030,90.0,18,50.94,0
2025-11-06,SKU-030,87.56,21,50.94,0
2025-11-07,SKU-030,66.2,29,50.94,1
2025-11-08,SKU-030,85.09,23,50.94,0
2025-11-09,SKU-030,85.78,31,50.94,0
2025-11-10,SKU-030,82.72,21,50.94,0
2025-11-11,SKU-030,71.97,37,50.94,1
2025-11-12,SKU-030,84.91,21,50.94,0
2025-11-13,SKU-030,70.19,23,50.94,1
2025-11-14,SKU-030,81.57,28,50.94,0
2025-11-15,SKU-030,85.23,32,50.94,0
2025-11-16,SKU-030,80.58,27,50.94,0
2025-11-17,SKU-030,82.4,23,50.94,0
2025-11-18,SKU-030,81.32,22,50.94,1
2025-11-19,SKU-030,87.33,20,50.94,0
2025-11-20,SKU-030,81.44,29,50.94,0
2025-11-21,SKU-030,78.74,22,50.94,0
2025-11-22,SKU-030,69.24,43,50.94,1
2025-11-23,SKU-030,86.4,31,50.94,0
2025-11-24,SKU-030,80.57,22,50.94,1
2025-11-25,SKU-030,86.45,22,50.94,0
2025-11-26,SKU-030,82.99,19,50.94,0
2025-11-27,SKU-030,77.25,28,50.94,1
2025-11-28,SKU-030,80.93,23,50.94,0
2025-11-29,SKU-030,84.25,29,50.94,0
2025-11-30,SKU-030,84.95,26,50.94,0
2025-12-01,SKU-030,85.52,16,50.94,0
2025-12-02,SKU-030,84.26,28,50.94,0
2025-12-03,SKU-030,80.83,26,50.94,0
2025-12-04,SKU-030,86.57,23,50.94,0
2025-12-05,SKU-030,81.57,21,50.94,0
2025-12-06,SKU-030,88.09,33,50.94,0
2025-12-07,SKU-030,83.58,30,50.94,0
2025-12-08,SKU-030,84.13,32,50.94,0
2025-12-09,SKU-030,86.09,18,50.94,0
2025-12-10,SKU-030,65.77,27,50.94,1
2025-12-11,SKU-030,83.22,26,50.94,0
2025-12-12,SKU-030,81.49,23,50.94,0
2025-12-13,SKU-030,81.59,46,50.94,0
2025-12-14,SKU-030,79.54,45,50.94,0
2025-12-15,SKU-030,84.0,40,50.94,0
2025-12-16,SKU-030,87.23,31,50.94,0
2025-12-17,SKU-030,83.48,32,50.94,0
2025-12-18,SKU-030,85.68,27,50.94,0
2025-12-19,SKU-030,82.66,25,50.94,0
2025-12-20,SKU-030,84.63,23,50.94,0
2025-12-21,SKU-030,82.55,45,50.94,0
2025-12-22,SKU-030,87.31,30,50.94,0
2025-12-23,SKU-030,80.05,30,50.94,0
2025-12-24,SKU-030,74.44,30,50.94,1
2025-12-25,SKU-030,81.42,24,50.94,0
2025-12-26,SKU-030,70.72,28,50.94,1
2025-12-27,SKU-030,81.99,35,50.94,0
