sales_history.csv
date,sku,price,units,cost,promo_flag
2025-07-01,SKU-031,87.93,66,48.0,0
2025-07-02,SKU-031,71.35,154,48.0,1
2025-07-03,SKU-031,86.18,82,48.0,0
2025-07-04,SKU-031,93.0,80,48.0,0
2025-07-05,SKU-031,92.9,84,48.0,0
2025-07-06,SKU-031,90.65,90,48.0,0
2025-07-07,SKU-031,92.3,83,48.0,0
2025-07-08,SKU-031,85.19,132,48.0,1
2025-07-09,SKU-031,86.87,60,48.0,0
2025-07-10,SKU-031,82.52,105,48.0,1
2025-07-11,SKU-031,77.69,138,48.0,1
2025-07-12,SKU-031,91.24,83,48.0,0
2025-07-13,SKU-031,90.35,123,48.0,0
2025-07-14,SKU-031,90.57,78,48.0,0
2025-07-15,SKU-031,86.6,88,48.0,0
2025-07-16,SKU-031,83.49,142,48.0,1
2025-07-17,SKU-031,91.31,101,48.0,0
2025-07-18,SKU-031,94.98,66,48.0,0
2025-07-19,SKU-031,72.71,176,48.0,1
2025-07-20,SKU-031,91.51,97,48.0,0
2025-07-21,SKU-031,95.53,154,48.0,0
2025-07-22,SKU-031,93.54,81,48.0,0
2025-07-23,SKU-031,95.38,49,48.0,0
2025-07-24,SKU-031,93.19,70,48.0,0
2025-07-25,SKU-031,95.06,55,48.0,0
2025-07-26,SKU-031,92.86,90,48.0,0
2025-07-27,SKU-031,96.61,82,48.0,0
2025-07-28,SKU-031,80.0,121,48.0,1
2025-07-29,SKU-031,91.33,65,48.0,0
2025-07-30,SKU-031,85.59,76,48.0,0
2025-07-31,SKU-031,92.4,79,48.0,0
2025-08-01,SKU-031,93.58,68,48.0,0
2025-08-02,SKU-031,89.64,91,48.0,0
2025-08-03,SKU-031,71.31,184,48.0,1
2025-08-04,SKU-031,89.65,92,48.0,0
2025-08-05,SKU-031,75.25,105,48.0,1
2025-08-06,SKU-031,95.07,78,48.0,0
2025-08-07,SKU-031,88.04,99,48.0,0
2025-08-08,SKU-031,89.97,82,48.0,0
2025-08-09,SKU-031,85.57,101,48.0,0
2025-08-10,SKU-031,88.37,78,48.0,0
2025-08-11,SKU-031,88.84,79,48.0,0
2025-08-12,SKU-031,93.66,65,48.0,0
2025-08-13,SKU-031,79.26,158,48.0,1
2025-08-14,SKU-031,86.34,98,48.0,0
2025-08-15,SKU-031,94.76,86,48.0,0
2025-08-16,SKU-031,93.16,84,48.0,0
2025-08-17,SKU-031,93.27,82,48.0,0
2025-08-18,SKU-031,91.22,92,48.0,0
2025-08-19,SKU-031,93.47,72,48.0,0
2025-08-20,SKU-031,95.85,54,48.0,0
2025-08-21,SKU-031,90.08,104,48.0,0
2025-08-22,SKU-031,91.64,61,48.0,0
2025-08-23,SKU-031,85.16,93,48.0,0
2025-08-24,SKU-031,91.84,110,48.0,0
2025-08-25,SKU-031,90.56,87,48.0,0
2025-08-26,SKU-031,88.68,85,48.0,0
2025-08-27,SKU-031,90.22,74,48.0,0
2025-08-28,SKU-031,93.47,70,48.0,0
2025-08-29,SKU-031,90.82,64,48.0,0
2025-08-30,SKU-031,91.83,102,48.0,0
2025-08-31,SKU-031,90.52,98,48.0,0
2025-09-01,SKU-031,87.66,72,48.0,0
2025-09-02,SKU-031,89.44,80,48.0,0
2025-09-03,SKU-031,91.05,87,48.0,0
2025-09-04,SKU-031,70.7,165,48.0,1
2025-09-05,SKU-031,92.89,72,48.0,0
2025-09-06,SKU-031,92.49,78,48.0,0
2025-09-07,SKU-031,90.51,81,48.0,0
2025-09-08,SKU-031,92.22,56,48.0,0
2025-09-09,SKU-031,90.88,65,48.0,0
2025-09-10,SKU-031,91.32,65,48.0,0
2025-09-11,SKU-031,87.63,70,48.0,0
2025-09-12,SKU-031,71.4,193,48.0,1
2025-09-13,SKU-031,83.05,105,48.0,1
2025-09-14,SKU-031,94.49,87,48.0,0
2025-09-15,SKU-031,81.28,115,48.0,1
2025-09-16,SKU-031,92.05,73,48.0,0
2025-09-17,SKU-031,85.48,74,48.0,0
2025-09-18,SKU-031,95.14,91,48.0,0
2025-09-19,SKU-031,87.08,75,48.0,0
2025-09-20,SKU-031,77.12,160,48.0,1
2025-09-21,SKU-031,89.65,87,48.0,0
2025-09-22,SKU-031,87.18,96,48.0,1
2025-09-23,SKU-031,90.21,61,48.0,0
2025-09-24,SKU-031,94.23,70,48.0,0
2025-09-25,SKU-031,83.95,89,48.0,0
2025-09-26,SKU-031,91.22,88,48.0,0
2025-09-27,SKU-031,92.9,75,48.0,0
2025-09-28,SKU-031,89.39,71,48.0,0
2025-09-29,SKU-031,91.21,52,48.0,0
2025-09-30,SKU-031,87.81,98,48.0,0
2025-10-01,SKU-031,89.69,69,48.0,0
2025-10-02,SKU-031,78.67,114,48.0,1
2025-10-03,SKU-031,90.98,82,48.0,0
2025-10-04,SKU-031,88.77,92,48.0,0
2025-10-05,SKU-031,87.77,54,48.0,0
2025-10-06,SKU-031,90.4,54,48.0,0
2025-10-07,SKU-031,93.73,82,48.0,0
2025-10-08,SKU-031,87.37,104,48.0,0
2025-10-09,SKU-031,90.22,95,48.0,0
2025-10-10,SKU-031,91.11,83,48.0,0
2025-10-11,SKU-031,89.92,83,48.0,0
2025-10-12,SKU-031,92.59,74,48.0,0
2025-10-13,SKU-031,87.78,73,48.0,0
2025-10-14,SKU-031,94.06,76,48.0,0
2025-10-15,SKU-031,87.14,96,48.0,0
2025-10-16,SKU-031,91.12,104,48.0,0
2025-10-17,SKU-031,93.77,68,48.0,0
2025-10-18,SKU-031,81.82,147,48.0,1
2025-10-19,SKU-031,94.55,62,48.0,0
2025-10-20,SKU-031,89.4,63,48.0,0
2025-10-21,SKU-031,91.87,87,48.0,0
2025-10-22,SKU-031,91.43,69,48.0,0
2025-10-23,SKU-031,96.75,68,48.0,0
2025-10-24,SKU-031,89.44,64,48.0,0
2025-10-25,SKU-031,72.13,161,48.0,1
2025-10-26,SKU-031,96.57,61,48.0,0
2025-10-27,SKU-031,88.21,69,48.0,0
2025-10-28,SKU-031,94.15,63,48.0,0
2025-10-29,SKU-031,92.98,64,48.0,0
2025-10-30,SKU-031,88.62,78,48.0,0
2025-10-31,SKU-031,90.62,76,48.0,0
2025-11-01,SKU-031,92.59,102,48.0,0
2025-11-02,SKU-031,84.39,83,48.0,0
2025-11-03,SKU-031,80.87,120,48.0,1
2025-11-04,SKU-031,96.8,58,48.0,0
2025-11-05,SKU-031,91.18,86,48.0,0
2025-11-06,SKU-031,90.43,72,48.0,0
2025-11-07,SKU-031,91.2,57,48.0,0
2025-11-08,SKU-031,88.18,83,48.0,0
2025-11-09,SKU-031,93.23,73,48.0,0
2025-11-10,SKU-031,93.03,76,48.0,0
2025-11-11,SKU-031,92.95,69,48.0,0
2025-11-12,SKU-031,92.57,70,48.0,0
2025-11-13,SKU-031,87.81,74,48.0,0
2025-11-14,SKU-031,75.12,172,48.0,1
2025-11-15,SKU-031,81.11,143,48.0,1
2025-11-16,SKU-031,98.85,58,48.0,0
2025-11-17,SKU-031,74.24,154,48.0,1
2025-11-18,SKU-031,74.18,122,48.0,1
2025-11-19,SKU-031,86.04,94,48.0,1
2025-11-20,SKU-031,88.6,76,48.0,0
2025-11-21,SKU-031,92.3,90,48.0,0
2025-11-22,SKU-031,69.9,244,48.0,1
2025-11-23,SKU-031,93.36,60,48.0,0
2025-11-24,SKU-031,70.44,180,48.0,1
2025-11-25,SKU-031,87.58,135,48.0,1
2025-11-26,SKU-031,91.27,89,48.0,0
2025-11-27,SKU-031,87.56,73,48.0,0
2025-11-28,SKU-031,95.27,61,48.0,0
2025-11-29,SKU-031,90.93,109,48.0,0
2025-11-30,SKU-031,90.58,96,48.0,0
2025-12-01,SKU-031,91.99,82,48.0,0
2025-12-02,SKU-031,91.97,73,48.0,0
2025-12-03,SKU-031,86.55,61,48.0,0
2025-12-04,SKU-031,92.62,81,48.0,0
2025-12-05,SKU-031,93.4,55,48.0,0
2025-12-06,SKU-031,71.14,173,48.0,1
2025-12-07,SKU-031,88.72,83,48.0,0
2025-12-08,SKU-031,91.45,53,48.0,0
2025-12-09,SKU-031,93.28,66,48.0,0
2025-12-10,SKU-031,90.48,69,48.0,0
2025-12-11,SKU-031,87.78,76,48.0,0
2025-12-12,SKU-031,90.56,90,48.0,0
2025-12-13,SKU-031,92.77,74,48.0,0
2025-12-14,SKU-031,87.79,112,48.0,0
2025-12-15,SKU-031,90.05,72,48.0,0
2025-12-16,SKU-031,89.04,62,48.0,0
2025-12-17,SKU-031,93.3,104,48.0,0
2025-12-18,SKU-031,94.01,75,48.0,0
2025-12-19,SKU-031,89.74,79,48.0,0
2025-12-20,SKU-031,95.27,67,48.0,0
2025-12-21,SKU-031,91.75,80,48.0,0
2025-12-22,SKU-031,95.35,71,48.0,0
2025-12-23,SKU-031,70.76,173,48.0,1
2025-12-24,SKU-031,87.22,96,48.0,0
2025-12-25,SKU-031,89.4,77,48.0,0
2025-12-26,SKU-031,88.87,54,48.0,0
2025-12-27,SKU-031,94.16,59,48.0,0
2025-07-01,SKU-032,120.35,20,69.0,0
2025-07-02,SKU-032,112.0,24,69.0,0
2025-07-03,SKU-032,115.92,24,69.0,0
2025-07-04,SKU-032,116.37,17,69.0,0
2025-07-05,SKU-032,109.15,28,69.0,0
2025-07-06,SKU-032,120.6,26,69.0,0
2025-07-07,SKU-032,114.5,19,69.0,0
2025-07-08,SKU-032,115.87,22,69.0,0
2025-07-09,SKU-032,118.9,17,69.0,0
2025-07-10,SKU-032,92.63,58,69.0,1
2025-07-11,SKU-032,114.34,20,69.0,0
2025-07-12,SKU-032,108.63,23,69.0,0
2025-07-13,SKU-032,114.93,20,69.0,0
2025-07-14,SKU-032,96.78,74,69.0,1
2025-07-15,SKU-032,118.28,27,69.0,0
2025-07-16,SKU-032,113.32,23,69.0,0
2025-07-17,SKU-032,119.54,22,69.0,0
2025-07-18,SKU-032,115.2,21,69.0,0
2025-07-19,SKU-032,113.61,17,69.0,0
2025-07-20,SKU-032,118.63,28,69.0,0
2025-07-21,SKU-032,104.57,39,69.0,1
2025-07-22,SKU-032,119.71,19,69.0,0
2025-07-23,SKU-032,112.81,25,69.0,0
2025-07-24,SKU-032,118.22,24,69.0,0
2025-07-25,SKU-032,123.1,19,69.0,0
2025-07-26,SKU-032,119.34,22,69.0,0
2025-07-27,SKU-032,118.47,27,69.0,0
2025-07-28,SKU-032,122.72,18,69.0,0
2025-07-29,SKU-032,117.81,19,69.0,0
2025-07-30,SKU-032,111.03,24,69.0,0
2025-07-31,SKU-032,107.13,38,69.0,1
2025-08-01,SKU-032,101.21,51,69.0,1
2025-08-02,SKU-032,118.7,22,69.0,0
2025-08-03,SKU-032,115.72,25,69.0,0
2025-08-04,SKU-032,100.09,46,69.0,1
2025-08-05,SKU-032,116.85,28,69.0,0
2025-08-06,SKU-032,115.91,22,69.0,0
2025-08-07,SKU-032,120.54,27,69.0,0
2025-08-08,SKU-032,116.15,27,69.0,0
2025-08-09,SKU-032,116.04,34,69.0,0
2025-08-10,SKU-032,112.53,26,69.0,0
2025-08-11,SKU-032,88.93,58,69.0,1
2025-08-12,SKU-032,114.28,25,69.0,0
2025-08-13,SKU-032,106.34,52,69.0,1
2025-08-14,SKU-032,100.87,53,69.0,1
2025-08-15,SKU-032,100.27,42,69.0,1
2025-08-16,SKU-032,111.95,24,69.0,0
2025-08-17,SKU-032,119.52,22,69.0,0
2025-08-18,SKU-032,117.06,15,69.0,0
2025-08-19,SKU-032,104.04,39,69.0,1
2025-08-20,SKU-032,113.82,27,69.0,0
2025-08-21,SKU-032,119.82,20,69.0,0
2025-08-22,SKU-032,121.23,18,69.0,0
2025-08-23,SKU-032,91.61,64,69.0,1
2025-08-24,SKU-032,118.12,20,69.0,0
2025-08-25,SKU-032,114.12,25,69.0,0
2025-08-26,SKU-032,120.29,25,69.0,0
2025-08-27,SKU-032,116.51,20,69.0,0
2025-08-28,SKU-032,116.61,20,69.0,0
2025-08-29,SKU-032,117.39,25,69.0,0
2025-08-30,SKU-032,109.47,30,69.0,0
2025-08-31,SKU-032,115.67,29,69.0,0
2025-09-01,SKU-032,93.08,67,69.0,1
2025-09-02,SKU-032,102.21,58,69.0,1
2025-09-03,SKU-032,117.27,20,69.0,0
2025-09-04,SKU-032,112.23,25,69.0,0
2025-09-05,SKU-032,119.14,24,69.0,0
2025-09-06,SKU-032,90.04,43,69.0,1
2025-09-07,SKU-032,118.49,24,69.0,0
2025-09-08,SKU-032,118.96,20,69.0,0
2025-09-09,SKU-032,119.95,24,69.0,0
2025-09-10,SKU-032,109.98,30,69.0,0
2025-09-11,SKU-032,90.05,60,69.0,1
2025-09-12,SKU-032,118.49,30,69.0,0
2025-09-13,SKU-032,117.32,23,69.0,0
2025-09-14,SKU-032,97.82,60,69.0,1
2025-09-15,SKU-032,99.33,41,69.0,1
2025-09-16,SKU-032,100.94,59,69.0,1
2025-09-17,SKU-032,122.74,24,69.0,0
2025-09-18,SKU-032,115.97,20,69.0,0
2025-09-19,SKU-032,119.3,23,69.0,0
2025-09-20,SKU-032,115.57,26,69.0,0
2025-09-21,SKU-032,94.15,51,69.0,1
2025-09-22,SKU-032,117.35,18,69.0,0
2025-09-23,SKU-032,117.57,21,69.0,0
2025-09-24,SKU-032,107.23,43,69.0,1
2025-09-25,SKU-032,87.53,62,69.0,1
2025-09-26,SKU-032,113.66,19,69.0,0
2025-09-27,SKU-032,120.89,30,69.0,0
2025-09-28,SKU-032,115.76,26,69.0,0
2025-09-29,SKU-032,115.76,18,69.0,0
2025-09-30,SKU-032,117.31,24,69.0,0
2025-10-01,SKU-032,119.99,23,69.0,0
2025-10-02,SKU-032,109.11,20,69.0,0
2025-10-03,SKU-032,114.19,30,69.0,0
2025-10-04,SKU-032,112.86,36,69.0,0
2025-10-05,SKU-032,118.97,25,69.0,0
2025-10-06,SKU-032,111.75,23,69.0,0
2025-10-07,SKU-032,112.41,28,69.0,0
2025-10-08,SKU-032,117.95,18,69.0,0
2025-10-09,SKU-032,120.46,29,69.0,0
2025-10-10,SKU-032,116.27,28,69.0,0
2025-10-11,SKU-032,116.25,34,69.0,0
2025-10-12,SKU-032,114.82,20,69.0,0
2025-10-13,SKU-032,123.07,25,69.0,0
2025-10-14,SKU-032,113.95,22,69.0,0
2025-10-15,SKU-032,118.2,25,69.0,0
2025-10-16,SKU-032,114.45,27,69.0,0
2025-10-17,SKU-032,118.87,21,69.0,0
2025-10-18,SKU-032,111.32,19,69.0,0
2025-10-19,SKU-032,114.81,23,69.0,0
2025-10-20,SKU-032,114.22,29,69.0,0
2025-10-21,SKU-032,116.51,17,69.0,0
2025-10-22,SKU-032,120.67,21,69.0,0
2025-10-23,SKU-032,115.38,26,69.0,0
2025-10-24,SKU-032,108.72,24,69.0,0
2025-10-25,SKU-032,119.44,21,69.0,0
2025-10-26,SKU-032,121.7,22,69.0,0
2025-10-27,SKU-032,115.2,34,69.0,0
2025-10-28,SKU-032,118.36,23,69.0,0
2025-10-29,SKU-032,116.79,20,69.0,0
2025-10-30,SKU-032,109.36,25,69.0,0
2025-10-31,SKU-032,112.3,23,69.0,0
2025-11-01,SKU-032,105.11,57,69.0,1
2025-11-02,SKU-032,117.17,26,69.0,0
2025-11-03,SKU-032,119.01,21,69.0,0
2025-11-04,SKU-032,120.03,18,69.0,0
2025-11-05,SKU-032,117.28,15,69.0,0
2025-11-06,SKU-032,116.28,23,69.0,0
2025-11-07,SKU-032,119.72,25,69.0,0
2025-11-08,SKU-032,101.07,54,69.0,1
2025-11-09,SKU-032,85.59,53,69.0,1
2025-11-10,SKU-032,120.26,21,69.0,0
2025-11-11,SKU-032,118.69,27,69.0,0
2025-11-12,SKU-032,112.42,29,69.0,0
2025-11-13,SKU-032,118.25,17,69.0,0
2025-11-14,SKU-032,120.67,22,69.0,0
2025-11-15,SKU-032,114.88,24,69.0,0
2025-11-16,SKU-032,122.94,28,69.0,0
2025-11-17,SKU-032,117.8,21,69.0,0
2025-11-18,SKU-032,89.7,64,69.0,1
2025-11-19,SKU-032,118.43,21,69.0,0
2025-11-20,SKU-032,118.52,12,69.0,0
2025-11-21,SKU-032,113.69,22,69.0,0
2025-11-22,SKU-032,115.92,20,69.0,0
2025-11-23,SKU-032,110.33,33,69.0,0
2025-11-24,SKU-032,113.18,22,69.0,0
2025-11-25,SKU-032,123.32,20,69.0,0
2025-11-26,SKU-032,109.38,23,69.0,0
2025-11-27,SKU-032,117.87,22,69.0,0
2025-11-28,SKU-032,113.35,30,69.0,0
2025-11-29,SKU-032,98.73,43,69.0,1
2025-11-30,SKU-032,118.29,30,69.0,0
2025-12-01,SKU-032,116.0,25,69.0,0
2025-12-02,SKU-032,110.44,30,69.0,0
2025-12-03,SKU-032,118.74,24,69.0,0
2025-12-04,SKU-032,115.01,23,69.0,0
2025-12-05,SKU-032,118.35,29,69.0,0
2025-12-06,SKU-032,116.33,28,69.0,0
2025-12-07,SKU-032,116.08,29,69.0,0
2025-12-08,SKU-032,114.42,29,69.0,0
2025-12-09,SKU-032,116.44,29,69.0,0
2025-12-10,SKU-032,98.84,50,69.0,1
2025-12-11,SKU-032,116.06,24,69.0,0
2025-12-12,SKU-032,115.41,33,69.0,0
2025-12-13,SKU-032,96.58,66,69.0,1
2025-12-14,SKU-032,105.05,52,69.0,1
2025-12-15,SKU-032,118.1,22,69.0,0
2025-12-16,SKU-032,116.14,18,69.0,0
2025-12-17,SKU-032,114.79,26,69.0,0
2025-12-18,SKU-032,115.5,33,69.0,0
2025-12-19,SKU-032,116.58,21,69.0,0
2025-12-20,SKU-032,118.08,24,69.0,0
2025-12-21,SKU-032,113.42,28,69.0,0
2025-12-22,SKU-032,112.43,36,69.0,0
2025-12-23,SKU-032,116.65,26,69.0,0
2025-12-24,SKU-032,118.63,20,69.0,0
2025-12-25,SKU-032,98.74,31,69.0,1
2025-12-26,SKU-032,115.9,19,69.0,0
2025-12-27,SKU-032,110.18,32,69.0,0
