sales_history.csv
date,sku,price,units,cost,promo_flag
2025-07-01,SKU-035,50.64,29,28.5,1
2025-07-02,SKU-035,56.56,29,28.5,1
2025-07-03,SKU-035,62.1,12,28.5,0
2025-07-04,SKU-035,61.26,15,28.5,0
2025-07-05,SKU-035,60.5,25,28.5,0
2025-07-06,SKU-035,62.79,22,28.5,0
2025-07-07,SKU-035,60.13,21,28.5,0
2025-07-08,SKU-035,64.61,12,28.5,0
2025-07-09,SKU-035,59.77,17,28.5,0
2025-07-10,SKU-035,62.21,22,28.5,0
2025-07-11,SKU-035,62.48,8,28.5,0
2025-07-12,SKU-035,61.52,13,28.5,0
2025-07-13,SKU-035,56.81,21,28.5,0
2025-07-14,SKU-035,62.5,16,28.5,0
2025-07-15,SKU-035,59.85,16,28.5,0
2025-07-16,SKU-035,59.19,16,28.5,0
2025-07-17,SKU-035,62.67,22,28.5,0
2025-07-18,SKU-035,62.68,15,28.5,0
2025-07-19,SKU-035,54.27,24,28.5,1
2025-07-20,SKU-035,61.97,20,28.5,0
2025-07-21,SKU-035,58.58,22,28.5,0
2025-07-22,SKU-035,57.14,16,28.5,0
2025-07-23,SKU-035,60.37,16,28.5,0
2025-07-24,SKU-035,58.24,15,28.5,0
2025-07-25,SKU-035,53.98,21,28.5,1
2025-07-26,SKU-035,61.18,21,28.5,0
2025-07-27,SKU-035,61.27,20,28.5,0
2025-07-28,SKU-035,63.1,16,28.5,0
2025-07-29,SKU-035,46.39,36,28.5,1
2025-07-30,SKU-035,60.69,17,28.5,0
2025-07-31,SKU-035,58.82,22,28.5,0
2025-08-01,SKU-035,60.36,18,28.5,0
2025-08-02,SKU-035,53.97,24,28.5,1
2025-08-03,SKU-035,65.04,18,28.5,0
2025-08-04,SKU-035,58.92,17,28.5,0
2025-08-05,SKU-035,62.26,13,28.5,0
2025-08-06,SKU-035,61.22,19,28.5,0
2025-08-07,SKU-035,59.19,13,28.5,0
2025-08-08,SKU-035,49.23,33,28.5,1
2025-08-09,SKU-035,59.87,15,28.5,0
2025-08-10,SKU-035,57.4,19,28.5,0
2025-08-11,SKU-035,60.63,21,28.5,0
2025-08-12,SKU-035,57.4,25,28.5,0
2025-08-13,SKU-035,59.5,16,28.5,0
2025-08-14,SKU-035,60.91,12,28.5,0
2025-08-15,SKU-035,59.08,20,28.5,0
2025-08-16,SKU-035,58.88,16,28.5,0
2025-08-17,SKU-035,59.42,14,28.5,0
2025-08-18,SKU-035,63.33,12,28.5,0
2025-08-19,SKU-035,59.04,14,28.5,0
2025-08-20,SKU-035,60.47,20,28.5,0
2025-08-21,SKU-035,61.6,14,28.5,0
2025-08-22,SKU-035,58.56,17,28.5,0
2025-08-23,SKU-035,61.18,20,28.5,0
2025-08-24,SKU-035,58.72,14,28.5,0
2025-08-25,SKU-035,47.01,28,28.5,1
2025-08-26,SKU-035,59.27,21,28.5,0
2025-08-27,SKU-035,60.36,15,28.5,0
2025-08-28,SKU-035,59.8,24,28.5,0
2025-08-29,SKU-035,58.54,18,28.5,0
2025-08-30,SKU-035,59.96,17,28.5,0
2025-08-31,SKU-035,52.57,38,28.5,1
2025-09-01,SKU-035,60.06,14,28.5,0
2025-09-02,SKU-035,56.24,22,28.5,1
2025-09-03,SKU-035,58.68,12,28.5,0
2025-09-04,SKU-035,64.93,15,28.5,0
2025-09-05,SKU-035,61.84,16,28.5,0
2025-09-06,SKU-035,60.49,22,28.5,0
2025-09-07,SKU-035,60.14,16,28.5,0
2025-09-08,SKU-035,60.32,12,28.5,0
2025-09-09,SKU-035,57.99,19,28.5,0
2025-09-10,SKU-035,60.73,17,28.5,0
2025-09-11,SKU-035,59.88,13,28.5,0
2025-09-12,SKU-035,58.63,21,28.5,0
2025-09-13,SKU-035,61.94,23,28.5,0
2025-09-14,SKU-035,54.22,25,28.5,1
2025-09-15,SKU-035,60.22,18,28.5,0
2025-09-16,SKU-035,47.67,36,28.5,1
2025-09-17,SKU-035,57.79,19,28.5,0
2025-09-18,SKU-035,60.65,23,28.5,0
2025-09-19,SKU-035,61.41,20,28.5,0
2025-09-20,SKU-035,60.94,15,28.5,0
2025-09-21,SKU-035,59.61,21,28.5,0
2025-09-22,SKU-035,44.24,35,28.5,1
2025-09-23,SKU-035,61.2,13,28.5,0
2025-09-24,SKU-035,59.91,17,28.5,0
2025-09-25,SKU-035,58.94,19,28.5,0
2025-09-26,SKU-035,62.02,16,28.5,0
2025-09-27,SKU-035,64.47,13,28.5,0
2025-09-28,SKU-035,58.83,20,28.5,0
2025-09-29,SKU-035,61.32,12,28.5,0
2025-09-30,SKU-035,59.53,18,28.5,0
2025-10-01,SKU-035,46.12,44,28.5,1
2025-10-02,SKU-035,53.18,32,28.5,1
2025-10-03,SKU-035,59.54,14,28.5,0
2025-10-04,SKU-035,61.83,16,28.5,0
2025-10-05,SKU-035,46.91,34,28.5,1
2025-10-06,SKU-035,58.77,20,28.5,0
2025-10-07,SKU-035,62.2,12,28.5,0
2025-10-08,SKU-035,60.31,17,28.5,0
2025-10-09,SKU-035,59.05,20,28.5,0
2025-10-10,SKU-035,52.09,24,28.5,1
2025-10-11,SKU-035,59.32,17,28.5,0
2025-10-12,SKU-035,61.77,13,28.5,0
2025-10-13,SKU-035,55.91,26,28.5,1
2025-10-14,SKU-035,60.12,20,28.5,0
2025-10-15,SKU-035,60.27,17,28.5,0
2025-10-16,SKU-035,59.73,14,28.5,0
2025-10-17,SKU-035,59.09,15,28.5,0
2025-10-18,SKU-035,47.51,39,28.5,1
2025-10-19,SKU-035,60.34,22,28.5,0
2025-10-20,SKU-035,63.43,23,28.5,0
2025-10-21,SKU-035,62.58,14,28.5,0
2025-10-22,SKU-035,46.81,29,28.5,1
2025-10-23,SKU-035,57.68,20,28.5,0
2025-10-24,SKU-035,62.26,11,28.5,0
2025-10-25,SKU-035,62.23,16,28.5,0
2025-10-26,SKU-035,52.75,24,28.5,1
2025-10-27,SKU-035,61.84,16,28.5,0
2025-10-28,SKU-035,58.14,21,28.5,0
2025-10-29,SKU-035,58.6,17,28.5,0
2025-10-30,SKU-035,62.92,17,28.5,0
2025-10-31,SKU-035,64.1,16,28.5,0
2025-11-01,SKU-035,62.99,20,28.5,0
2025-11-02,SKU-035,60.4,19,28.5,0
2025-11-03,SKU-035,60.05,21,28.5,0
2025-11-04,SKU-035,59.98,20,28.5,0
2025-11-05,SKU-035,61.19,12,28.5,0
2025-11-06,SKU-035,46.83,34,28.5,1
2025-11-07,SKU-035,59.76,17,28.5,0
2025-11-08,SKU-035,49.24,29,28.5,1
2025-11-09,SKU-035,59.59,22,28.5,0
2025-11-10,SKU-035,50.55,29,28.5,1
2025-11-11,SKU-035,65.06,16,28.5,0
2025-11-12,SKU-035,61.49,16,28.5,0
2025-11-13,SKU-035,58.67,22,28.5,0
2025-11-14,SKU-035,61.99,14,28.5,0
2025-11-15,SKU-035,60.15,19,28.5,0
2025-11-16,SKU-035,50.35,41,28.5,1
2025-11-17,SKU-035,62.3,23,28.5,0
2025-11-18,SKU-035,48.48,26,28.5,1
2025-11-19,SKU-035,59.81,13,28.5,0
2025-11-20,SKU-035,59.2,17,28.5,0
2025-11-21,SKU-035,60.53,14,28.5,0
2025-11-22,SKU-035,61.12,22,28.5,0
2025-11-23,SKU-035,61.86,17,28.5,0
2025-11-24,SKU-035,61.1,15,28.5,0
2025-11-25,SKU-035,62.48,19,28.5,0
2025-11-26,SKU-035,59.08,17,28.5,0
2025-11-27,SKU-035,59.92,16,28.5,0
2025-11-28,SKU-035,59.99,16,28.5,0
2025-11-29,SKU-035,44.43,42,28.5,1
2025-11-30,SKU-035,56.99,19,28.5,1
2025-12-01,SKU-035,59.64,18,28.5,0
2025-12-02,SKU-035,57.15,20,28.5,0
2025-12-03,SKU-035,47.09,34,28.5,1
2025-12-04,SKU-035,59.86,13,28.5,0
2025-12-05,SKU-035,52.82,21,28.5,1
2025-12-06,SKU-035,62.29,22,28.5,0
2025-12-07,SKU-035,61.5,15,28.5,0
2025-12-08,SKU-035,53.86,23,28.5,1
2025-12-09,SKU-035,62.43,15,28.5,0
2025-12-10,SKU-035,58.81,15,28.5,0
2025-12-11,SKU-035,46.93,37,28.5,1
2025-12-12,SKU-035,59.18,14,28.5,0
2025-12-13,SKU-035,52.74,18,28.5,1
2025-12-14,SKU-035,59.69,21,28.5,0
2025-12-15,SKU-035,61.8,13,28.5,0
2025-12-16,SKU-035,63.29,15,28.5,0
2025-12-17,SKU-035,60.55,17,28.5,0
2025-12-18,SKU-035,47.37,30,28.5,1
2025-12-19,SKU-035,61.54,16,28.5,0
2025-12-20,SKU-035,59.22,19,28.5,0
2025-12-21,SKU-035,62.91,22,28.5,0
2025-12-22,SKU-035,60.34,12,28.5,0
2025-12-23,SKU-035,57.56,14,28.5,0
2025-12-24,SKU-035,58.65,18,28.5,0
2025-12-25,SKU-035,59.14,16,28.5,0
2025-12-26,SKU-035,52.44,29,28.5,1
2025-12-27,SKU-035,59.21,22,28.5,0
2025-07-01,SKU-036,29.49,27,16.03,0
2025-07-02,SKU-036,28.37,19,16.03,0
2025-07-03,SKU-036,29.69,18,16.03,0
2025-07-04,SKU-036,29.56,22,16.03,0
2025-07-05,SKU-036,29.34,17,16.03,0
2025-07-06,SKU-036,28.14,19,16.03,0
2025-07-07,SKU-036,29.91,21,16.03,0
2025-07-08,SKU-036,29.93,16,16.03,0
2025-07-09,SKU-036,29.35,23,16.03,0
2025-07-10,SKU-036,29.81,21,16.03,0
2025-07-11,SKU-036,30.57,17,16.03,0
2025-07-12,SKU-036,28.73,20,16.03,0
2025-07-13,SKU-036,29.23,21,16.03,0
2025-07-14,SKU-036,28.42,16,16.03,0
2025-07-15,SKU-036,28.69,11,16.03,0
2025-07-16,SKU-036,24.27,34,16.03,1
2025-07-17,SKU-036,29.13,18,16.03,0
2025-07-18,SKU-036,29.39,17,16.03,0
2025-07-19,SKU-036,30.44,17,16.03,0
2025-07-20,SKU-036,29.58,19,16.03,0
2025-07-21,SKU-036,29.13,23,16.03,0
2025-07-22,SKU-036,29.7,20,16.03,0
2025-07-23,SKU-036,29.47,20,16.03,0
2025-07-24,SKU-036,29.32,22,16.03,0
2025-07-25,SKU-036,29.27,23,16.03,0
2025-07-26,SKU-036,28.5,23,16.03,0
2025-07-27,SKU-036,29.81,18,16.03,0
2025-07-28,SKU-036,29.75,19,16.03,0
2025-07-29,SKU-036,29.33,13,16.03,0
2025-07-30,SKU-036,28.19,17,16.03,0
2025-07-31,SKU-036,30.54,25,16.03,0
2025-08-01,SKU-036,29.06,18,16.03,0
2025-08-02,SKU-036,28.51,22,16.03,0
2025-08-03,SKU-036,26.34,38,16.03,1
2025-08-04,SKU-036,30.18,14,16.03,0
2025-08-05,SKU-036,26.72,18,16.03,0
2025-08-06,SKU-036,29.62,28,16.03,0
2025-08-07,SKU-036,29.5,15,16.03,0
2025-08-08,SKU-036,28.68,17,16.03,0
2025-08-09,SKU-036,28.02,22,16.03,0
2025-08-10,SKU-036,29.96,13,16.03,0
2025-08-11,SKU-036,28.09,19,16.03,0
2025-08-12,SKU-036,28.44,16,16.03,0
2025-08-13,SKU-036,29.78,18,16.03,0
2025-08-14,SKU-036,29.98,16,16.03,0
2025-08-15,SKU-036,30.68,20,16.03,0
2025-08-16,SKU-036,29.75,20,16.03,0
2025-08-17,SKU-036,27.63,19,16.03,0
2025-08-18,SKU-036,25.48,25,16.03,1
2025-08-19,SKU-036,28.5,19,16.03,0
2025-08-20,SKU-036,28.59,17,16.03,0
2025-08-21,SKU-036,29.97,19,16.03,0
2025-08-22,SKU-036,28.68,26,16.03,1
2025-08-23,SKU-036,29.45,22,16.03,0
2025-08-24,SKU-036,26.46,39,16.03,1
2025-08-25,SKU-036,29.12,17,16.03,0
2025-08-26,SKU-036,30.12,20,16.03,0
2025-08-27,SKU-036,30.47,17,16.03,0
2025-08-28,SKU-036,29.57,14,16.03,0
2025-08-29,SKU-036,28.36,22,16.03,0
2025-08-30,SKU-036,29.13,19,16.03,0
2025-08-31,SKU-036,28.41,21,16.03,0
2025-09-01,SKU-036,29.91,17,16.03,0
2025-09-02,SKU-036,27.71,20,16.03,0
2025-09-03,SKU-036,28.96,22,16.03,0
2025-09-04,SKU-036,29.17,18,16.03,0
2025-09-05,SKU-036,29.52,16,16.03,0
2025-09-06,SKU-036,29.26,17,16.03,0
2025-09-07,SKU-036,29.98,19,16.03,0
2025-09-08,SKU-036,29.42,20,16.03,0
2025-09-09,SKU-036,29.59,28,16.03,0
2025-09-10,SKU-036,29.37,22,16.03,0
2025-09-11,SKU-036,31.74,19,16.03,0
2025-09-12,SKU-036,28.83,41,16.03,1
2025-09-13,SKU-036,27.85,25,16.03,0
2025-09-14,SKU-036,27.44,25,16.03,0
2025-09-15,SKU-036,30.32,23,16.03,0
2025-09-16,SKU-036,27.76,20,16.03,0
2025-09-17,SKU-036,30.83,22,16.03,0
2025-09-18,SKU-036,28.52,16,16.03,0
2025-09-19,SKU-036,28.27,27,16.03,1
2025-09-20,SKU-036,24.12,28,16.03,1
2025-09-21,SKU-036,29.29,18,16.03,0
2025-09-22,SKU-036,28.53,23,16.03,0
2025-09-23,SKU-036,30.65,18,16.03,0
2025-09-24,SKU-036,23.94,38,16.03,1
2025-09-25,SKU-036,29.62,23,16.03,0
2025-09-26,SKU-036,30.3,17,16.03,0
2025-09-27,SKU-036,28.18,26,16.03,0
2025-09-28,SKU-036,26.3,43,16.03,1
2025-09-29,SKU-036,29.83,16,16.03,0
2025-09-30,SKU-036,29.24,13,16.03,0
2025-10-01,SKU-036,26.91,29,16.03,1
2025-10-02,SKU-036,29.52,20,16.03,0
2025-10-03,SKU-036,29.49,19,16.03,0
2025-10-04,SKU-036,22.42,35,16.03,1
2025-10-05,SKU-036,26.94,32,16.03,1
2025-10-06,SKU-036,29.82,16,16.03,0
2025-10-07,SKU-036,29.7,19,16.03,0
2025-10-08,SKU-036,28.52,15,16.03,0
2025-10-09,SKU-036,29.57,21,16.03,0
2025-10-10,SKU-036,28.84,21,16.03,0
2025-10-11,SKU-036,27.97,17,16.03,0
2025-10-12,SKU-036,28.65,19,16.03,0
2025-10-13,SKU-036,27.25,21,16.03,0
2025-10-14,SKU-036,30.99,17,16.03,0
2025-10-15,SKU-036,27.04,21,16.03,0
2025-10-16,SKU-036,30.11,19,16.03,0
2025-10-17,SKU-036,30.18,15,16.03,0
2025-10-18,SKU-036,28.81,23,16.03,0
2025-10-19,SKU-036,29.08,19,16.03,0
2025-10-20,SKU-036,29.88,16,16.03,0
2025-10-21,SKU-036,24.2,25,16.03,1
2025-10-22,SKU-036,30.95,13,16.03,0
2025-10-23,SKU-036,23.26,33,16.03,1
2025-10-24,SKU-036,28.96,14,16.03,0
2025-10-25,SKU-036,28.85,21,16.03,0
2025-10-26,SKU-036,30.26,25,16.03,0
2025-10-27,SKU-036,29.6,23,16.03,0
2025-10-28,SKU-036,28.01,26,16.03,0
2025-10-29,SKU-036,31.05,16,16.03,0
2025-10-30,SKU-036,24.87,45,16.03,1
2025-10-31,SKU-036,27.04,26,16.03,1
2025-11-01,SKU-036,28.93,18,16.03,0
2025-11-02,SKU-036,29.88,21,16.03,0
2025-11-03,SKU-036,28.19,19,16.03,0
2025-11-04,SKU-036,28.95,17,16.03,0
2025-11-05,SKU-036,29.83,16,16.03,0
2025-11-06,SKU-036,28.51,22,16.03,0
2025-11-07,SKU-036,28.89,21,16.03,0
2025-11-08,SKU-036,30.17,17,16.03,0
2025-11-09,SKU-036,27.89,19,16.03,0
2025-11-10,SKU-036,29.4,18,16.03,0
2025-11-11,SKU-036,29.99,18,16.03,0
2025-11-12,SKU-036,28.83,23,16.03,0
2025-11-13,SKU-036,30.53,15,16.03,0
2025-11-14,SKU-036,28.9,24,16.03,0
2025-11-15,SKU-036,28.98,27,16.03,0
2025-11-16,SKU-036,27.5,25,16.03,0
2025-11-17,SKU-036,29.92,18,16.03,0
2025-11-18,SKU-036,28.47,21,16.03,0
2025-11-19,SKU-036,29.11,18,16.03,0
2025-11-20,SKU-036,30.39,22,16.03,0
2025-11-21,SKU-036,28.43,17,16.03,0
2025-11-22,SKU-036,28.24,17,16.03,0
2025-11-23,SKU-036,29.88,20,16.03,0
2025-11-24,SKU-036,28.28,23,16.03,0
2025-11-25,SKU-036,29.79,26,16.03,0
2025-11-26,SKU-036,27.59,18,16.03,0
2025-11-27,SKU-036,28.3,23,16.03,0
2025-11-28,SKU-036,29.61,21,16.03,0
2025-11-29,SKU-036,29.27,23,16.03,0
2025-11-30,SKU-036,28.14,17,16.03,0
2025-12-01,SKU-036,27.96,17,16.03,0
2025-12-02,SKU-036,26.38,33,16.03,1
2025-12-03,SKU-036,28.41,23,16.03,0
2025-12-04,SKU-036,28.39,28,16.03,0
2025-12-05,SKU-036,28.48,16,16.03,0
2025-12-06,SKU-036,29.03,23,16.03,0
2025-12-07,SKU-036,32.22,12,16.03,0
2025-12-08,SKU-036,25.18,36,16.03,1
2025-12-09,SKU-036,28.46,15,16.03,0
2025-12-10,SKU-036,29.35,21,16.03,0
2025-12-11,SKU-036,29.16,20,16.03,0
2025-12-12,SKU-036,29.24,20,16.03,0
2025-12-13,SKU-036,27.57,19,16.03,0
2025-12-14,SKU-036,29.11,18,16.03,0
2025-12-15,SKU-036,26.23,33,16.03,1
2025-12-16,SKU-036,23.06,34,16.03,1
2025-12-17,SKU-036,28.96,19,16.03,0
2025-12-18,SKU-036,28.9,17,16.03,0
2025-12-19,SKU-036,29.47,16,16.03,0
2025-12-20,SKU-036,28.55,22,16.03,0
2025-12-21,SKU-036,26.36,29,16.03,1
2025-12-22,SKU-036,23.46,31,16.03,1
2025-12-23,SKU-036,30.28,17,16.03,0
2025-12-24,SKU-036,24.54,28,16.03,1
2025-12-25,SKU-036,29.53,19,16.03,0
2025-12-26,SKU-036,30.26,17,16.03,0
2025-12-27,SKU-036,27.54,22,16.03,0
