sales_history.csv
date,sku,price,units,cost,promo_flag
2025-07-01,SKU-039,32.43,23,21.55,0
2025-07-02,SKU-039,32.53,29,21.55,0
2025-07-03,SKU-039,33.2,22,21.55,0
2025-07-04,SKU-039,31.21,34,21.55,1
2025-07-05,SKU-039,28.11,49,21.55,1
2025-07-06,SKU-039,25.77,45,21.55,1
2025-07-07,SKU-039,34.04,19,21.55,0
2025-07-08,SKU-039,28.25,32,21.55,1
2025-07-09,SKU-039,32.69,20,21.55,0
2025-07-10,SKU-039,34.11,20,21.55,0
2025-07-11,SKU-039,33.87,20,21.55,0
2025-07-12,SKU-039,32.02,21,21.55,0
2025-07-13,SKU-039,33.22,28,21.55,0
2025-07-14,SKU-039,33.14,21,21.55,0
2025-07-15,SKU-039,34.13,18,21.55,0
2025-07-16,SKU-039,34.32,21,21.55,0
2025-07-17,SKU-039,30.91,27,21.55,0
2025-07-18,SKU-039,33.73,18,21.55,0
2025-07-19,SKU-039,31.19,26,21.55,1
2025-07-20,SKU-039,32.55,21,21.55,0
2025-07-21,SKU-039,33.54,20,21.55,0
2025-07-22,SKU-039,33.1,36,21.55,1
2025-07-23,SKU-039,31.57,23,21.55,0
2025-07-24,SKU-039,32.75,26,21.55,0
2025-07-25,SKU-039,32.51,14,21.55,0
2025-07-26,SKU-039,32.75,18,21.55,0
2025-07-27,SKU-039,34.61,24,21.55,0
2025-07-28,SKU-039,31.73,38,21.55,1
2025-07-29,SKU-039,33.18,22,21.55,0
2025-07-30,SKU-039,33.41,21,21.55,0
2025-07-31,SKU-039,34.78,18,21.55,0
2025-08-01,SKU-039,24.91,44,21.55,1
2025-08-02,SKU-039,33.11,21,21.55,0
2025-08-03,SKU-039,33.72,30,21.55,0
2025-08-04,SKU-039,33.46,20,21.55,0
2025-08-05,SKU-039,32.87,20,21.55,0
2025-08-06,SKU-039,32.62,19,21.55,0
2025-08-07,SKU-039,33.47,14,21.55,0
2025-08-08,SKU-039,33.9,19,21.55,0
2025-08-09,SKU-039,33.5,32,21.55,0
2025-08-10,SKU-039,33.41,19,21.55,0
2025-08-11,SKU-039,34.12,23,21.55,0
2025-08-12,SKU-039,35.18,23,21.55,0
2025-08-13,SKU-039,33.18,44,21.55,1
2025-08-14,SKU-039,26.62,35,21.55,1
2025-08-15,SKU-039,34.38,17,21.55,0
2025-08-16,SKU-039,32.47,21,21.55,0
2025-08-17,SKU-039,33.84,13,21.55,0
2025-08-18,SKU-039,31.69,25,21.55,0
2025-08-19,SKU-039,31.83,17,21.55,0
2025-08-20,SKU-039,33.42,20,21.55,0
2025-08-21,SKU-039,30.26,29,21.55,1
2025-08-22,SKU-039,32.14,24,21.55,0
2025-08-23,SKU-039,33.1,14,21.55,0
2025-08-24,SKU-039,33.82,20,21.55,0
2025-08-25,SKU-039,26.52,51,21.55,1
2025-08-26,SKU-039,32.58,22,21.55,0
2025-08-27,SKU-039,31.2,34,21.55,1
2025-08-28,SKU-039,33.07,22,21.55,0
2025-08-29,SKU-039,29.98,29,21.55,1
2025-08-30,SKU-039,34.09,24,21.55,0
2025-08-31,SKU-039,27.31,39,21.55,1
2025-09-01,SKU-039,28.63,32,21.55,1
2025-09-02,SKU-039,34.06,15,21.55,0
2025-09-03,SKU-039,33.45,18,21.55,0
2025-09-04,SKU-039,30.75,40,21.55,1
2025-09-05,SKU-039,33.11,17,21.55,0
2025-09-06,SKU-039,33.02,20,21.55,0
2025-09-07,SKU-039,32.69,20,21.55,0
2025-09-08,SKU-039,32.3,22,21.55,0
2025-09-09,SKU-039,33.31,17,21.55,0
2025-09-10,SKU-039,33.0,21,21.55,0
2025-09-11,SKU-039,27.32,45,21.55,1
2025-09-12,SKU-039,33.62,21,21.55,0
2025-09-13,SKU-039,32.52,24,21.55,0
2025-09-14,SKU-039,32.56,27,21.55,0
2025-09-15,SKU-039,32.58,17,21.55,0
2025-09-16,SKU-039,29.37,35,21.55,1
2025-09-17,SKU-039,32.95,24,21.55,0
2025-09-18,SKU-039,32.94,13,21.55,0
2025-09-19,SKU-039,28.07,44,21.55,1
2025-09-20,SKU-039,32.21,21,21.55,0
2025-09-21,SKU-039,32.08,24,21.55,0
2025-09-22,SKU-039,33.72,19,21.55,0
2025-09-23,SKU-039,31.31,31,21.55,1
2025-09-24,SKU-039,33.47,21,21.55,0
2025-09-25,SKU-039,34.03,21,21.55,0
2025-09-26,SKU-039,35.14,20,21.55,0
2025-09-27,SKU-039,32.14,24,21.55,0
2025-09-28,SKU-039,33.03,30,21.55,0
2025-09-29,SKU-039,33.25,18,21.55,0
2025-09-30,SKU-039,34.44,21,21.55,0
2025-10-01,SKU-039,34.68,20,21.55,0
2025-10-02,SKU-039,24.86,51,21.55,1
2025-10-03,SKU-039,32.0,19,21.55,0
2025-10-04,SKU-039,32.36,26,21.55,0
2025-10-05,SKU-039,31.46,26,21.55,0
2025-10-06,SKU-039,31.78,21,21.55,0
2025-10-07,SKU-039,33.31,16,21.55,0
2025-10-08,SKU-039,33.9,18,21.55,0
2025-10-09,SKU-039,33.69,18,21.55,0
2025-10-10,SKU-039,30.92,31,21.55,1
2025-10-11,SKU-039,28.88,34,21.55,1
2025-10-12,SKU-039,33.97,18,21.55,0
2025-10-13,SKU-039,33.31,18,21.55,0
2025-10-14,SKU-039,32.49,21,21.55,0
2025-10-15,SKU-039,32.44,11,21.55,0
2025-10-16,SKU-039,30.18,32,21.55,1
2025-10-17,SKU-039,33.31,13,21.55,0
2025-10-18,SKU-039,28.39,43,21.55,1
2025-10-19,SKU-039,32.42,28,21.55,0
2025-10-20,SKU-039,34.17,20,21.55,0
2025-10-21,SKU-039,33.41,23,21.55,0
2025-10-22,SKU-039,34.08,20,21.55,0
2025-10-23,SKU-039,33.66,19,21.55,0
2025-10-24,SKU-039,26.13,47,21.55,1
2025-10-25,SKU-039,33.3,18,21.55,0
2025-10-26,SKU-039,34.11,17,21.55,0
2025-10-27,SKU-039,30.49,21,21.55,0
2025-10-28,SKU-039,32.93,26,21.55,0
2025-10-29,SKU-039,25.78,40,21.55,1
2025-10-30,SKU-039,32.96,18,21.55,0
2025-10-31,SKU-039,30.34,43,21.55,1
2025-11-01,SKU-039,32.39,29,21.55,0
2025-11-02,SKU-039,27.43,43,21.55,1
2025-11-03,SKU-039,32.62,20,21.55,0
2025-11-04,SKU-039,33.76,17,21.55,0
2025-11-05,SKU-039,34.48,20,21.55,0
2025-11-06,SKU-039,33.47,15,21.55,0
2025-11-07,SKU-039,33.1,23,21.55,0
2025-11-08,SKU-039,32.58,22,21.55,0
2025-11-09,SKU-039,33.37,20,21.55,0
2025-11-10,SKU-039,34.87,16,21.55,0
2025-11-11,SKU-039,33.56,24,21.55,0
2025-11-12,SKU-039,32.02,16,21.55,0
2025-11-13,SKU-039,34.18,27,21.55,0
2025-11-14,SKU-039,32.51,13,21.55,0
2025-11-15,SKU-039,34.29,23,21.55,0
2025-11-16,SKU-039,26.29,50,21.55,1
2025-11-17,SKU-039,34.67,15,21.55,0
2025-11-18,SKU-039,34.07,17,21.55,0
2025-11-19,SKU-039,34.25,24,21.55,0
2025-11-20,SKU-039,32.67,15,21.55,0
2025-11-21,SKU-039,34.03,20,21.55,0
2025-11-22,SKU-039,32.99,22,21.55,0
2025-11-23,SKU-039,32.38,22,21.55,0
2025-11-24,SKU-039,32.71,17,21.55,0
2025-11-25,SKU-039,29.0,41,21.55,1
2025-11-26,SKU-039,33.35,17,21.55,0
2025-11-27,SKU-039,35.79,18,21.55,0
2025-11-28,SKU-039,33.8,20,21.55,0
2025-11-29,SKU-039,34.16,19,21.55,0
2025-11-30,SKU-039,29.51,45,21.55,1
2025-12-01,SKU-039,32.28,20,21.55,0
2025-12-02,SKU-039,34.29,23,21.55,0
2025-12-03,SKU-039,33.28,20,21.55,0
2025-12-04,SKU-039,34.16,19,21.55,0
2025-12-05,SKU-039,34.23,17,21.55,0
2025-12-06,SKU-039,33.08,30,21.55,0
2025-12-07,SKU-039,32.81,17,21.55,0
2025-12-08,SKU-039,27.78,30,21.55,1
2025-12-09,SKU-039,33.81,25,21.55,0
2025-12-10,SKU-039,33.57,17,21.55,0
2025-12-11,SKU-039,33.99,22,21.55,0
2025-12-12,SKU-039,32.09,16,21.55,0
2025-12-13,SKU-039,34.03,23,21.55,0
2025-12-14,SKU-039,30.4,31,21.55,1
2025-12-15,SKU-039,32.32,19,21.55,0
2025-12-16,SKU-039,31.73,34,21.55,1
2025-12-17,SKU-039,34.66,16,21.55,0
2025-12-18,SKU-039,32.68,17,21.55,0
2025-12-19,SKU-039,30.39,31,21.55,1
2025-12-20,SKU-039,33.9,26,21.55,0
2025-12-21,SKU-039,30.42,32,21.55,1
2025-12-22,SKU-039,33.23,25,21.55,0
2025-12-23,SKU-039,28.94,36,21.55,1
2025-12-24,SKU-039,33.93,24,21.55,0
2025-12-25,SKU-039,32.7,17,21.55,0
2025-12-26,SKU-039,32.04,20,21.55,0
2025-12-27,SKU-039,29.26,38,21.55,1
2025-07-01,SKU-040,68.05,55,60.14,1
2025-07-02,SKU-040,86.17,25,60.14,0
2025-07-03,SKU-040,65.51,49,60.14,1
2025-07-04,SKU-040,79.14,27,60.14,0
2025-07-05,SKU-040,79.13,46,60.14,1
2025-07-06,SKU-040,82.07,41,60.14,0
2025-07-07,SKU-040,85.41,32,60.14,0
2025-07-08,SKU-040,77.94,27,60.14,0
2025-07-09,SKU-040,82.17,40,60.14,0
2025-07-10,SKU-040,84.94,23,60.14,0
2025-07-11,SKU-040,76.12,38,60.14,0
2025-07-12,SKU-040,81.81,33,60.14,0
2025-07-13,SKU-040,76.44,60,60.14,1
2025-07-14,SKU-040,85.94,28,60.14,0
2025-07-15,SKU-040,83.36,35,60.14,0
2025-07-16,SKU-040,83.71,37,60.14,0
2025-07-17,SKU-040,73.42,56,60.14,1
2025-07-18,SKU-040,81.1,27,60.14,0
2025-07-19,SKU-040,78.04,44,60.14,1
2025-07-20,SKU-040,88.14,23,60.14,0
2025-07-21,SKU-040,81.71,26,60.14,0
2025-07-22,SKU-040,83.72,26,60.14,0
2025-07-23,SKU-040,85.03,22,60.14,0
2025-07-24,SKU-040,81.4,18,60.14,0
2025-07-25,SKU-040,84.47,27,60.14,0
2025-07-26,SKU-040,86.56,24,60.14,0
2025-07-27,SKU-040,84.25,28,60.14,0
2025-07-28,SKU-040,74.07,41,60.14,1
2025-07-29,SKU-040,78.73,31,60.14,0
2025-07-30,SKU-040,82.95,28,60.14,0
2025-07-31,SKU-040,82.3,29,60.14,0
2025-08-01,SKU-040,83.34,22,60.14,0
2025-08-02,SKU-040,81.5,35,60.14,0
2025-08-03,SKU-040,82.04,57,60.14,0
2025-08-04,SKU-040,83.75,20,60.14,0
2025-08-05,SKU-040,76.89,49,60.14,1
2025-08-06,SKU-040,88.14,22,60.14,0
2025-08-07,SKU-040,83.54,31,60.14,0
2025-08-08,SKU-040,78.73,28,60.14,0
2025-08-09,SKU-040,80.64,29,60.14,0
2025-08-10,SKU-040,87.22,44,60.14,0
2025-08-11,SKU-040,81.88,32,60.14,0
2025-08-12,SKU-040,82.39,28,60.14,0
2025-08-13,SKU-040,84.24,29,60.14,0
2025-08-14,SKU-040,87.21,27,60.14,0
2025-08-15,SKU-040,84.99,30,60.14,0
2025-08-16,SKU-040,69.6,52,60.14,1
2025-08-17,SKU-040,84.36,32,60.14,0
2025-08-18,SKU-040,75.67,32,60.14,0
2025-08-19,SKU-040,80.45,23,60.14,0
2025-08-20,SKU-040,84.8,25,60.14,0
2025-08-21,SKU-040,84.3,26,60.14,0
2025-08-22,SKU-040,82.78,30,60.14,0
2025-08-23,SKU-040,77.65,31,60.14,0
2025-08-24,SKU-040,63.14,81,60.14,1
2025-08-25,SKU-040,85.32,26,60.14,0
2025-08-26,SKU-040,81.51,30,60.14,0
2025-08-27,SKU-040,79.54,31,60.14,0
2025-08-28,SKU-040,68.62,57,60.14,1
2025-08-29,SKU-040,84.42,25,60.14,0
2025-08-30,SKU-040,82.92,26,60.14,0
2025-08-31,SKU-040,81.78,33,60.14,0
2025-09-01,SKU-040,85.62,28,60.14,0
2025-09-02,SKU-040,88.74,25,60.14,0
2025-09-03,SKU-040,79.58,27,60.14,0
2025-09-04,SKU-040,84.31,31,60.14,0
2025-09-05,SKU-040,85.34,23,60.14,0
2025-09-06,SKU-040,81.8,29,60.14,0
2025-09-07,SKU-040,69.05,76,60.14,1
2025-09-08,SKU-040,85.78,26,60.14,0
2025-09-09,SKU-040,80.48,30,60.14,0
2025-09-10,SKU-040,75.84,54,60.14,1
2025-09-11,SKU-040,73.45,55,60.14,1
2025-09-12,SKU-040,77.88,60,60.14,1
2025-09-13,SKU-040,81.33,20,60.14,0
2025-09-14,SKU-040,90.4,28,60.14,0
2025-09-15,SKU-040,80.93,37,60.14,0
2025-09-16,SKU-040,74.76,48,60.14,1
2025-09-17,SKU-040,67.78,60,60.14,1
2025-09-18,SKU-040,82.21,27,60.14,0
2025-09-19,SKU-040,87.51,24,60.14,0
2025-09-20,SKU-040,81.92,33,60.14,0
2025-09-21,SKU-040,81.37,31,60.14,0
2025-09-22,SKU-040,63.87,63,60.14,1
2025-09-23,SKU-040,84.49,40,60.14,0
2025-09-24,SKU-040,78.85,31,60.14,0
2025-09-25,SKU-040,88.56,22,60.14,0
2025-09-26,SKU-040,84.29,26,60.14,0
2025-09-27,SKU-040,75.32,54,60.14,1
2025-09-28,SKU-040,82.96,33,60.14,0
2025-09-29,SKU-040,82.84,33,60.14,0
2025-09-30,SKU-040,89.02,32,60.14,0
2025-10-01,SKU-040,87.34,27,60.14,0
2025-10-02,SKU-040,88.09,21,60.14,0
2025-10-03,SKU-040,79.28,37,60.14,0
2025-10-04,SKU-040,68.56,54,60.14,1
2025-10-05,SKU-040,84.5,30,60.14,0
2025-10-06,SKU-040,80.08,30,60.14,0
2025-10-07,SKU-040,77.56,32,60.14,0
2025-10-08,SKU-040,86.18,25,60.14,0
2025-10-09,SKU-040,83.41,27,60.14,0
2025-10-10,SKU-040,81.41,26,60.14,0
2025-10-11,SKU-040,84.41,31,60.14,0
2025-10-12,SKU-040,77.77,27,60.14,0
2025-10-13,SKU-040,84.68,24,60.14,0
2025-10-14,SKU-040,78.04,34,60.14,0
2025-10-15,SKU-040,84.66,26,60.14,0
2025-10-16,SKU-040,82.85,23,60.14,0
2025-10-17,SKU-040,81.9,29,60.14,0
2025-10-18,SKU-040,77.45,44,60.14,1
2025-10-19,SKU-040,79.22,58,60.14,1
2025-10-20,SKU-040,85.13,25,60.14,0
2025-10-21,SKU-040,84.39,24,60.14,0
2025-10-22,SKU-040,81.41,25,60.14,0
2025-10-23,SKU-040,81.81,24,60.14,0
2025-10-24,SKU-040,83.82,29,60.14,0
2025-10-25,SKU-040,86.46,23,60.14,0
2025-10-26,SKU-040,82.73,29,60.14,0
2025-10-27,SKU-040,63.49,47,60.14,1
2025-10-28,SKU-040,80.84,29,60.14,0
2025-10-29,SKU-040,81.94,37,60.14,0
2025-10-30,SKU-040,82.51,27,60.14,0
2025-10-31,SKU-040,78.63,47,60.14,1
2025-11-01,SKU-040,83.8,30,60.14,0
2025-11-02,SKU-040,87.34,23,60.14,0
2025-11-03,SKU-040,84.81,30,60.14,0
2025-11-04,SKU-040,78.64,24,60.14,0
2025-11-05,SKU-040,80.5,18,60.14,0
2025-11-06,SKU-040,81.45,27,60.14,0
2025-11-07,SKU-040,87.23,34,60.14,0
2025-11-08,SKU-040,82.09,43,60.14,0
2025-11-09,SKU-040,82.66,35,60.14,0
2025-11-10,SKU-040,82.54,28,60.14,0
2025-11-11,SKU-040,84.54,30,60.14,0
2025-11-12,SKU-040,84.45,23,60.14,0
2025-11-13,SKU-040,83.02,36,60.14,0
2025-11-14,SKU-040,69.64,59,60.14,1
2025-11-15,SKU-040,81.26,38,60.14,0
2025-11-16,SKU-040,82.17,19,60.14,0
2025-11-17,SKU-040,79.0,28,60.14,0
2025-11-18,SKU-040,80.59,32,60.14,0
2025-11-19,SKU-040,81.38,32,60.14,0
2025-11-20,SKU-040,82.57,31,60.14,0
2025-11-21,SKU-040,81.41,25,60.14,0
2025-11-22,SKU-040,81.2,30,60.14,0
2025-11-23,SKU-040,84.4,37,60.14,0
2025-11-24,SKU-040,83.88,25,60.14,0
2025-11-25,SKU-040,77.63,42,60.14,1
2025-11-26,SKU-040,81.01,41,60.14,1
2025-11-27,SKU-040,82.68,31,60.14,0
2025-11-28,SKU-040,84.27,20,60.14,0
2025-11-29,SKU-040,85.04,39,60.14,0
2025-11-30,SKU-040,82.68,25,60.14,0
2025-12-01,SKU-040,87.27,28,60.14,0
2025-12-02,SKU-040,83.42,26,60.14,0
2025-12-03,SKU-040,63.14,59,60.14,1
2025-12-04,SKU-040,80.92,24,60.14,0
2025-12-05,SKU-040,85.35,30,60.14,0
2025-12-06,SKU-040,80.81,20,60.14,0
2025-12-07,SKU-040,88.17,27,60.14,0
2025-12-08,SKU-040,81.93,39,60.14,0
2025-12-09,SKU-040,82.77,28,60.14,0
2025-12-10,SKU-040,73.34,44,60.14,1
2025-12-11,SKU-040,81.67,33,60.14,0
2025-12-12,SKU-040,68.86,68,60.14,1
2025-12-13,SKU-040,83.76,32,60.14,0
2025-12-14,SKU-040,76.63,37,60.14,1
2025-12-15,SKU-040,82.54,35,60.14,0
2025-12-16,SKU-040,83.35,35,60.14,0
2025-12-17,SKU-040,81.36,33,60.14,0
2025-12-18,SKU-040,80.75,32,60.14,0
2025-12-19,SKU-040,71.32,48,60.14,1
2025-12-20,SKU-040,75.64,48,60.14,1
2025-12-21,SKU-040,80.17,54,60.14,1
2025-12-22,SKU-040,65.19,73,60.14,1
2025-12-23,SKU-040,84.03,25,60.14,0
2025-12-24,SKU-040,86.82,27,60.14,0
2025-12-25,SKU-040,83.0,24,60.14,0
2025-12-26,SKU-040,81.94,40,60.14,0
2025-12-27,SKU-040,87.79,30,60.14,0
